2026-09-23T09:34:47.949Z
SOURCE_ID=221905573744
SOURCE_NAME=EM4: Indiana Tier-2 FY26
DESTINATION_ID=222579132290
DESTINATION_NAME=Touchmath | EM4: Indiana Tier-2 FY26
ACTION=UPDATED
STATUS=PARTIAL
DURATION_MS=5652
VALIDATION=PASS
---
2026-09-23T09:34:53.347Z
SOURCE_ID=221882351519
SOURCE_NAME=EM2: Tier-2 Math Survey
DESTINATION_ID=222579248503
DESTINATION_NAME=Touchmath | EM2: Tier-2 Math Survey
ACTION=UPDATED
STATUS=PARTIAL
DURATION_MS=5398
VALIDATION=PASS
---
2026-09-23T09:34:58.750Z
SOURCE_ID=221725071696
SOURCE_NAME=EM2: Back to School 2026-2027
DESTINATION_ID=222579132304
DESTINATION_NAME=Touchmath | EM2: Back to School 2026-2027
ACTION=UPDATED
STATUS=PARTIAL
DURATION_MS=5403
VALIDATION=PASS
---
2026-09-23T09:35:04.560Z
SOURCE_ID=221617188101
SOURCE_NAME=EM3: Indiana Tier-2 FY26
DESTINATION_ID=222579248506
DESTINATION_NAME=Touchmath | EM3: Indiana Tier-2 FY26
ACTION=UPDATED
STATUS=PARTIAL
DURATION_MS=5810
VALIDATION=PASS
---
2026-09-23T09:35:10.071Z
SOURCE_ID=221130963738
SOURCE_NAME=EM1: Tier-2 Math Survey
DESTINATION_ID=222579132307
DESTINATION_NAME=Touchmath | EM1: Tier-2 Math Survey
ACTION=UPDATED
STATUS=PARTIAL
DURATION_MS=5510
VALIDATION=PASS
---
2026-09-23T09:35:15.999Z
SOURCE_ID=221126949701
SOURCE_NAME=EM2: Indiana Tier-2 FY26
DESTINATION_ID=222579132310
DESTINATION_NAME=Touchmath | EM2: Indiana Tier-2 FY26
ACTION=UPDATED
STATUS=PARTIAL
DURATION_MS=5927
VALIDATION=PASS
---
2026-09-23T09:35:21.843Z
SOURCE_ID=220765652141
SOURCE_NAME=EM1: Indiana Tier-2 FY26
DESTINATION_ID=222579132313
DESTINATION_NAME=Touchmath | EM1: Indiana Tier-2 FY26
ACTION=UPDATED
STATUS=PARTIAL
DURATION_MS=5843
VALIDATION=PASS
---
2026-09-23T09:35:26.814Z
SOURCE_ID=220493676103
SOURCE_NAME=Automated | Indiana | FY26
DESTINATION_ID=222579132316
DESTINATION_NAME=Touchmath | Automated | Indiana | FY26
ACTION=UPDATED
STATUS=PARTIAL
DURATION_MS=4970
VALIDATION=FAIL
---
2026-09-23T09:35:31.280Z
SOURCE_ID=219414911539
SOURCE_NAME=EM6: Georgia FY26 (TM Database)
DESTINATION_ID=222584929166
DESTINATION_NAME=Touchmath | EM6: Georgia FY26 (TM Database)
ACTION=UPDATED
STATUS=PARTIAL
DURATION_MS=4464
VALIDATION=FAIL
---
2026-09-23T09:35:35.977Z
SOURCE_ID=219408522877
SOURCE_NAME=EM5: Georgia FY26 (TM Database)
DESTINATION_ID=222579248513
DESTINATION_NAME=Touchmath | EM5: Georgia FY26 (TM Database)
ACTION=UPDATED
STATUS=PARTIAL
DURATION_MS=4697
VALIDATION=FAIL
---
2026-09-23T09:35:41.344Z
SOURCE_ID=219365425165
SOURCE_NAME=EM5: K-5 FY26 (TM Active List)
DESTINATION_ID=222579132331
DESTINATION_NAME=Touchmath | EM5: K-5 FY26 (TM Active List)
ACTION=UPDATED
STATUS=PARTIAL
DURATION_MS=5367
VALIDATION=PASS
---
2026-09-23T09:35:46.230Z
SOURCE_ID=219402401574
SOURCE_NAME=EM4: Georgia FY26 (TM Database)
DESTINATION_ID=222579132334
DESTINATION_NAME=Touchmath | EM4: Georgia FY26 (TM Database)
ACTION=UPDATED
STATUS=PARTIAL
DURATION_MS=4886
VALIDATION=FAIL
---
2026-09-23T09:35:50.973Z
SOURCE_ID=219414938523
SOURCE_NAME=EM3: Georgia FY26 (TM Database)
DESTINATION_ID=222584929179
DESTINATION_NAME=Touchmath | EM3: Georgia FY26 (TM Database)
ACTION=UPDATED
STATUS=PARTIAL
DURATION_MS=4743
VALIDATION=FAIL
---
2026-09-23T09:35:55.824Z
SOURCE_ID=219408522835
SOURCE_NAME=EM2: Georgia FY26 (TM Database)
DESTINATION_ID=222579132337
DESTINATION_NAME=Touchmath | EM2: Georgia FY26 (TM Database)
ACTION=UPDATED
STATUS=PARTIAL
DURATION_MS=4851
VALIDATION=FAIL
---
2026-09-23T09:36:00.509Z
SOURCE_ID=219414911508
SOURCE_NAME=EM1: Georgia FY26 (TM Database)
DESTINATION_ID=222584929182
DESTINATION_NAME=Touchmath | EM1: Georgia FY26 (TM Database)
ACTION=UPDATED
STATUS=PARTIAL
DURATION_MS=4684
VALIDATION=FAIL
---
2026-09-23T09:36:06.435Z
SOURCE_ID=218786186847
SOURCE_NAME=EM1: Back to School 2026-2027
DESTINATION_ID=222579132340
DESTINATION_NAME=Touchmath | EM1: Back to School 2026-2027
ACTION=UPDATED
STATUS=PARTIAL
DURATION_MS=5925
VALIDATION=PASS
---
2026-09-23T09:36:12.011Z
SOURCE_ID=218869877169
SOURCE_NAME=EM4: K-5 FY26 (TM Active List)
DESTINATION_ID=222579132343
DESTINATION_NAME=Touchmath | EM4: K-5 FY26 (TM Active List)
ACTION=UPDATED
STATUS=PARTIAL
DURATION_MS=5576
VALIDATION=PASS
---
2026-09-23T09:36:18.201Z
SOURCE_ID=218634662505
SOURCE_NAME=EM3: K-5 FY26 (TM Customer List)
DESTINATION_ID=222584929185
DESTINATION_NAME=Touchmath | EM3: K-5 FY26 (TM Customer List)
ACTION=UPDATED
STATUS=PARTIAL
DURATION_MS=6190
VALIDATION=PASS
---
2026-09-23T09:36:24.103Z
SOURCE_ID=218623581773
SOURCE_NAME=EM3: K-5 FY26 (TM Active List)
DESTINATION_ID=222579248544
DESTINATION_NAME=Touchmath | EM3: K-5 FY26 (TM Active List)
ACTION=UPDATED
STATUS=PARTIAL
DURATION_MS=5901
VALIDATION=PASS
---
2026-09-23T09:36:28.864Z
SOURCE_ID=218134817845
SOURCE_NAME=Automated | TM Georgia Tier 2 | FY26
DESTINATION_ID=222579132421
DESTINATION_NAME=Touchmath | Automated | TM Georgia Tier 2 | FY26
ACTION=UPDATED
STATUS=PARTIAL
DURATION_MS=4760
VALIDATION=FAIL
---
2026-09-23T09:36:34.861Z
SOURCE_ID=218190612006
SOURCE_NAME=EM2: K-5 FY26 (TM Active List)
DESTINATION_ID=222579248551
DESTINATION_NAME=Touchmath | EM2: K-5 FY26 (TM Active List)
ACTION=UPDATED
STATUS=PARTIAL
DURATION_MS=5997
VALIDATION=PASS
---
2026-09-23T09:36:40.475Z
SOURCE_ID=218200040986
SOURCE_NAME=EM2: K-5 FY26 (TM Customer List)
DESTINATION_ID=222579132424
DESTINATION_NAME=Touchmath | EM2: K-5 FY26 (TM Customer List)
ACTION=UPDATED
STATUS=PARTIAL
DURATION_MS=5613
VALIDATION=PASS
---
2026-09-23T09:36:46.191Z
SOURCE_ID=217657242033
SOURCE_NAME=EM1: K-5 FY26 (TM Active List)
DESTINATION_ID=222579248554
DESTINATION_NAME=Touchmath | EM1: K-5 FY26 (TM Active List)
ACTION=UPDATED
STATUS=PARTIAL
DURATION_MS=5716
VALIDATION=PASS
---
2026-09-23T09:36:51.918Z
SOURCE_ID=217729998122
SOURCE_NAME=EM1: K-5 FY26 (TM Customers)
DESTINATION_ID=222579248557
DESTINATION_NAME=Touchmath | EM1: K-5 FY26 (TM Customers)
ACTION=UPDATED
STATUS=PARTIAL
DURATION_MS=5727
VALIDATION=PASS
---
2026-09-23T09:36:58.341Z
SOURCE_ID=217898709027
SOURCE_NAME=Monday Must Know - 072726
DESTINATION_ID=222579132427
DESTINATION_NAME=Touchmath | Monday Must Know - 072726
ACTION=UPDATED
STATUS=PARTIAL
DURATION_MS=6422
VALIDATION=PASS
---
2026-09-23T09:37:03.115Z
SOURCE_ID=211673878109
SOURCE_NAME=Automated | TouchMath Program Sampler
DESTINATION_ID=222579248560
DESTINATION_NAME=Touchmath | Automated | TouchMath Program Sampler
ACTION=UPDATED
STATUS=PARTIAL
DURATION_MS=4773
VALIDATION=FAIL
---
2026-09-23T09:37:08.914Z
SOURCE_ID=217760152350
SOURCE_NAME=EM2: TM Funding Guide FY26
DESTINATION_ID=222579248564
DESTINATION_NAME=Touchmath | EM2: TM Funding Guide FY26
ACTION=UPDATED
STATUS=PARTIAL
DURATION_MS=5799
VALIDATION=PASS
---
2026-09-23T09:37:15.292Z
SOURCE_ID=217374680452
SOURCE_NAME=Monday Must Know - 072026
DESTINATION_ID=222584929188
DESTINATION_NAME=Touchmath | Monday Must Know - 072026
ACTION=UPDATED
STATUS=PARTIAL
DURATION_MS=6378
VALIDATION=PASS
---
2026-09-23T09:37:21.055Z
SOURCE_ID=216742855515
SOURCE_NAME=EM1: TM Funding Guide FY26
DESTINATION_ID=222584929191
DESTINATION_NAME=Touchmath | EM1: TM Funding Guide FY26
ACTION=UPDATED
STATUS=PARTIAL
DURATION_MS=5762
VALIDATION=PASS
---
2026-09-23T09:37:28.775Z
SOURCE_ID=216747939428
SOURCE_NAME=EM2: Dyscalculia (Phase 2)
DESTINATION_ID=222579132433
DESTINATION_NAME=Touchmath | EM2: Dyscalculia (Phase 2)
ACTION=UPDATED
STATUS=PARTIAL
DURATION_MS=7720
VALIDATION=PASS
---
2026-09-23T09:37:35.730Z
SOURCE_ID=216900368780
SOURCE_NAME=Monday Must Know - 071326
DESTINATION_ID=222579248567
DESTINATION_NAME=Touchmath | Monday Must Know - 071326
ACTION=UPDATED
STATUS=PARTIAL
DURATION_MS=6954
VALIDATION=PASS
---
2026-09-23T09:37:42.968Z
SOURCE_ID=216090238131
SOURCE_NAME=EM1: Dyscalculia (Phase 2)
DESTINATION_ID=222582479654
DESTINATION_NAME=Touchmath | EM1: Dyscalculia (Phase 2)
ACTION=UPDATED
STATUS=PARTIAL
DURATION_MS=7237
VALIDATION=PASS
---
2026-09-23T09:37:49.718Z
SOURCE_ID=216372793464
SOURCE_NAME=Monday Must Know - 070626
DESTINATION_ID=222579248640
DESTINATION_NAME=Touchmath | Monday Must Know - 070626
ACTION=UPDATED
STATUS=PARTIAL
DURATION_MS=6749
VALIDATION=PASS
---
2026-09-23T09:37:56.171Z
SOURCE_ID=215828858500
SOURCE_NAME=Monday Must Know - 062926
DESTINATION_ID=222582479657
DESTINATION_NAME=Touchmath | Monday Must Know - 062926
ACTION=UPDATED
STATUS=PARTIAL
DURATION_MS=6453
VALIDATION=PASS
---
2026-09-23T09:38:02.983Z
SOURCE_ID=215357973155
SOURCE_NAME=Monday Must Know - 062226
DESTINATION_ID=222579132436
DESTINATION_NAME=Touchmath | Monday Must Know - 062226
ACTION=UPDATED
STATUS=PARTIAL
DURATION_MS=6811
VALIDATION=PASS
---
2026-09-23T09:38:09.541Z
SOURCE_ID=214890470785
SOURCE_NAME=Monday Must Know - 061526
DESTINATION_ID=222579132439
DESTINATION_NAME=Touchmath | Monday Must Know - 061526
ACTION=UPDATED
STATUS=PARTIAL
DURATION_MS=6558
VALIDATION=PASS
---
2026-09-23T09:38:16.172Z
SOURCE_ID=214351086470
SOURCE_NAME=Monday Must Know - 060826
DESTINATION_ID=222579248644
DESTINATION_NAME=Touchmath | Monday Must Know - 060826
ACTION=UPDATED
STATUS=PARTIAL
DURATION_MS=6631
VALIDATION=PASS
---
2026-09-23T09:38:22.954Z
SOURCE_ID=213411051865
SOURCE_NAME=Monday Must Know - 060126
DESTINATION_ID=222584929194
DESTINATION_NAME=Touchmath | Monday Must Know - 060126
ACTION=UPDATED
STATUS=PARTIAL
DURATION_MS=6782
VALIDATION=PASS
---
2026-09-23T09:38:32.690Z
SOURCE_ID=212911072142
SOURCE_NAME=EM1: TouchMath Grades 3-5 OD Webinar (Active Database)
DESTINATION_ID=222584929197
DESTINATION_NAME=Touchmath | EM1: TouchMath Grades 3-5 OD Webinar (Active Database)
ACTION=UPDATED
STATUS=PARTIAL
DURATION_MS=9735
VALIDATION=PASS
---
2026-09-23T09:38:39.818Z
SOURCE_ID=212911021204
SOURCE_NAME=EM1: TouchMath Grades 3-5 OD Webinar (Non Live Attendees)
DESTINATION_ID=222579248647
DESTINATION_NAME=Touchmath | EM1: TouchMath Grades 3-5 OD Webinar (Non Live Attendees)
ACTION=UPDATED
STATUS=PARTIAL
DURATION_MS=7128
VALIDATION=PASS
---
2026-09-23T09:38:46.484Z
SOURCE_ID=212906503297
SOURCE_NAME=EM1: TouchMath Grades 3-5 OD Webinar (Live Attendees)
DESTINATION_ID=222582479661
DESTINATION_NAME=Touchmath | EM1: TouchMath Grades 3-5 OD Webinar (Live Attendees)
ACTION=UPDATED
STATUS=PARTIAL
DURATION_MS=6666
VALIDATION=PASS
---
2026-09-23T09:38:52.871Z
SOURCE_ID=212952799129
SOURCE_NAME=Monday Must Know - 051826
DESTINATION_ID=222579248650
DESTINATION_NAME=Touchmath | Monday Must Know - 051826
ACTION=UPDATED
STATUS=PARTIAL
DURATION_MS=6387
VALIDATION=PASS
---
2026-09-23T09:39:00.191Z
SOURCE_ID=212401409335
SOURCE_NAME=EM3: CASE Webinar
DESTINATION_ID=222579132442
DESTINATION_NAME=Touchmath | EM3: CASE Webinar
ACTION=UPDATED
STATUS=PARTIAL
DURATION_MS=7320
VALIDATION=FAIL
---
2026-09-23T09:39:06.012Z
SOURCE_ID=210461739698
SOURCE_NAME=EM6: TouchMath Grades 3-5 Sample Page (Customer List)
DESTINATION_ID=222579248653
DESTINATION_NAME=Touchmath | EM6: TouchMath Grades 3-5 Sample Page (Customer List)
ACTION=UPDATED
STATUS=PARTIAL
DURATION_MS=5820
VALIDATION=PASS
---
2026-09-23T09:39:13.094Z
SOURCE_ID=211880971943
SOURCE_NAME=EM6: TouchMath Grades 3-5 Sample Page (Active Database)
DESTINATION_ID=222579248656
DESTINATION_NAME=Touchmath | EM6: TouchMath Grades 3-5 Sample Page (Active Database)
ACTION=UPDATED
STATUS=PARTIAL
DURATION_MS=7081
VALIDATION=PASS
---
2026-09-23T09:39:20.405Z
SOURCE_ID=212243860507
SOURCE_NAME=EM2: CASE Webinar
DESTINATION_ID=222584929203
DESTINATION_NAME=Touchmath | EM2: CASE Webinar
ACTION=UPDATED
STATUS=PARTIAL
DURATION_MS=7310
VALIDATION=PASS
---
2026-09-23T09:39:27.559Z
SOURCE_ID=212526392080
SOURCE_NAME=Monday Must Know - 051126
DESTINATION_ID=222582479667
DESTINATION_NAME=Touchmath | Monday Must Know - 051126
ACTION=UPDATED
STATUS=PARTIAL
DURATION_MS=7154
VALIDATION=PASS
---
2026-09-23T09:39:34.727Z
SOURCE_ID=211590830682
SOURCE_NAME=EM5: TouchMath Grades 3-5 Webinar (Active Database) - LAST CHANCE
DESTINATION_ID=222579248659
DESTINATION_NAME=Touchmath | EM5: TouchMath Grades 3-5 Webinar (Active Database) - LAST CHANCE
ACTION=UPDATED
STATUS=PARTIAL
DURATION_MS=7168
VALIDATION=PASS
---
2026-09-23T09:39:41.396Z
SOURCE_ID=210461853194
SOURCE_NAME=EM5: TouchMath Grades 3-5 Webinar (Customer List) - LAST CHANCE
DESTINATION_ID=222579248662
DESTINATION_NAME=Touchmath | EM5: TouchMath Grades 3-5 Webinar (Customer List) - LAST CHANCE
ACTION=UPDATED
STATUS=PARTIAL
DURATION_MS=6669
VALIDATION=PASS
---
2026-09-23T09:39:48.609Z
SOURCE_ID=211590870554
SOURCE_NAME=EM1: CASE Webinar
DESTINATION_ID=222582479670
DESTINATION_NAME=Touchmath | EM1: CASE Webinar
ACTION=UPDATED
STATUS=PARTIAL
DURATION_MS=7212
VALIDATION=PASS
---
2026-09-23T09:39:55.207Z
SOURCE_ID=212080759053
SOURCE_NAME=Monday Must Know - 050426
DESTINATION_ID=222584929206
DESTINATION_NAME=Touchmath | Monday Must Know - 050426
ACTION=UPDATED
STATUS=PARTIAL
DURATION_MS=6598
VALIDATION=PASS
---
2026-09-23T09:40:01.557Z
SOURCE_ID=211646930762
SOURCE_NAME=Monday Must Know - 042726
DESTINATION_ID=222579248665
DESTINATION_NAME=Touchmath | Monday Must Know - 042726
ACTION=UPDATED
STATUS=PARTIAL
DURATION_MS=6350
VALIDATION=PASS
---
2026-09-23T09:40:08.889Z
SOURCE_ID=210461739055
SOURCE_NAME=EM4: TouchMath Grades 3-5 Sample Page (Customer List)
DESTINATION_ID=222582479676
DESTINATION_NAME=Touchmath | EM4: TouchMath Grades 3-5 Sample Page (Customer List)
ACTION=UPDATED
STATUS=PARTIAL
DURATION_MS=7332
VALIDATION=PASS
---
2026-09-23T09:40:16.969Z
SOURCE_ID=211194161450
SOURCE_NAME=EM4: TouchMath Grades 3-5 Sample Page (Active Database)
DESTINATION_ID=222579248668
DESTINATION_NAME=Touchmath | EM4: TouchMath Grades 3-5 Sample Page (Active Database)
ACTION=UPDATED
STATUS=PARTIAL
DURATION_MS=8079
VALIDATION=PASS
---
2026-09-23T09:40:22.688Z
SOURCE_ID=211382616161
SOURCE_NAME=Newsletter - April 2026 - External
DESTINATION_ID=222584929209
DESTINATION_NAME=Touchmath | Newsletter - April 2026 - External
ACTION=UPDATED
STATUS=PARTIAL
DURATION_MS=5718
VALIDATION=PASS
---
2026-09-23T09:40:30.949Z
SOURCE_ID=211185004629
SOURCE_NAME=EM3: TouchMath Grades 3-5 Webinar (Active Database)
DESTINATION_ID=222582479690
DESTINATION_NAME=Touchmath | EM3: TouchMath Grades 3-5 Webinar (Active Database)
ACTION=UPDATED
STATUS=PARTIAL
DURATION_MS=8260
VALIDATION=PASS
---
2026-09-23T09:40:37.498Z
SOURCE_ID=210461739664
SOURCE_NAME=EM3: TouchMath Grades 3-5 Webinar (Customer List)
DESTINATION_ID=222582479699
DESTINATION_NAME=Touchmath | EM3: TouchMath Grades 3-5 Webinar (Customer List)
ACTION=UPDATED
STATUS=PARTIAL
DURATION_MS=6549
VALIDATION=PASS
---
2026-09-23T09:40:43.986Z
SOURCE_ID=211060039810
SOURCE_NAME=Newsletter - April 2026 - Internal
DESTINATION_ID=222584929306
DESTINATION_NAME=Touchmath | Newsletter - April 2026 - Internal
ACTION=UPDATED
STATUS=PARTIAL
DURATION_MS=6487
VALIDATION=PASS
---
2026-09-23T09:40:50.610Z
SOURCE_ID=211247802437
SOURCE_NAME=Monday Must Know - 042026
DESTINATION_ID=222584929316
DESTINATION_NAME=Touchmath | Monday Must Know - 042026
ACTION=UPDATED
STATUS=PARTIAL
DURATION_MS=6623
VALIDATION=PASS
---
2026-09-23T09:40:55.389Z
SOURCE_ID=211120338101
SOURCE_NAME=Automated | TouchMath Grades 3-5 Sample Page
DESTINATION_ID=222582479702
DESTINATION_NAME=Touchmath | Automated | TouchMath Grades 3-5 Sample Page
ACTION=UPDATED
STATUS=PARTIAL
DURATION_MS=4778
VALIDATION=FAIL
---
2026-09-23T09:41:01.047Z
SOURCE_ID=211120460435
SOURCE_NAME=EM1: Urban Collaborative Invite 2026
DESTINATION_ID=222584969351
DESTINATION_NAME=Touchmath | EM1: Urban Collaborative Invite 2026
ACTION=UPDATED
STATUS=PARTIAL
DURATION_MS=5658
VALIDATION=PASS
---
2026-09-23T09:41:07.322Z
SOURCE_ID=210998963841
SOURCE_NAME=EM2: TouchMath Grades 3-5 Sample Page (Customer List)
DESTINATION_ID=222584929325
DESTINATION_NAME=Touchmath | EM2: TouchMath Grades 3-5 Sample Page (Customer List)
ACTION=UPDATED
STATUS=PARTIAL
DURATION_MS=6274
VALIDATION=PASS
---
2026-09-23T09:41:13.727Z
SOURCE_ID=210998679476
SOURCE_NAME=EM2: TouchMath Grades 3-5 Sample Page (Active Database)
DESTINATION_ID=222582479708
DESTINATION_NAME=Touchmath | EM2: TouchMath Grades 3-5 Sample Page (Active Database)
ACTION=UPDATED
STATUS=PARTIAL
DURATION_MS=6404
VALIDATION=FAIL
---
2026-09-23T09:41:20.024Z
SOURCE_ID=210280446367
SOURCE_NAME=EM1: TouchMath Grades 3-5 Webinar (Active Database)
DESTINATION_ID=222584974774
DESTINATION_NAME=Touchmath | EM1: TouchMath Grades 3-5 Webinar (Active Database)
ACTION=UPDATED
STATUS=PARTIAL
DURATION_MS=6297
VALIDATION=PASS
---
2026-09-23T09:41:26.345Z
SOURCE_ID=210276406415
SOURCE_NAME=EM1: TouchMath Grades 3-5 Webinar (Customer List)
DESTINATION_ID=222584945193
DESTINATION_NAME=Touchmath | EM1: TouchMath Grades 3-5 Webinar (Customer List)
ACTION=UPDATED
STATUS=PARTIAL
DURATION_MS=6320
VALIDATION=PASS
---
2026-09-23T09:41:32.607Z
SOURCE_ID=210836704355
SOURCE_NAME=Monday Must Know - 041326
DESTINATION_ID=222584929328
DESTINATION_NAME=Touchmath | Monday Must Know - 041326
ACTION=UPDATED
STATUS=PARTIAL
DURATION_MS=6261
VALIDATION=PASS
---
2026-09-23T09:41:38.938Z
SOURCE_ID=210397618574
SOURCE_NAME=Monday Must Know - 04.06.26
DESTINATION_ID=222584969354
DESTINATION_NAME=Touchmath | Monday Must Know - 04.06.26
ACTION=UPDATED
STATUS=PARTIAL
DURATION_MS=6331
VALIDATION=PASS
---
2026-09-23T09:41:44.448Z
SOURCE_ID=210468109718
SOURCE_NAME=TouchMath Announcement 4.3.26
DESTINATION_ID=222582479711
DESTINATION_NAME=Touchmath | TouchMath Announcement 4.3.26
ACTION=UPDATED
STATUS=PARTIAL
DURATION_MS=5510
VALIDATION=PASS
---
2026-09-23T09:41:50.688Z
SOURCE_ID=210067901803
SOURCE_NAME=Monday Must Know - 03.30.26
DESTINATION_ID=222584974777
DESTINATION_NAME=Touchmath | Monday Must Know - 03.30.26
ACTION=UPDATED
STATUS=PARTIAL
DURATION_MS=6239
VALIDATION=PASS
---
2026-09-23T09:41:57.537Z
SOURCE_ID=208327000096
SOURCE_NAME=EM6: Extend 2026
DESTINATION_ID=222584945196
DESTINATION_NAME=Touchmath | EM6: Extend 2026
ACTION=UPDATED
STATUS=PARTIAL
DURATION_MS=6849
VALIDATION=PASS
---
2026-09-23T09:42:04.937Z
SOURCE_ID=209662922872
SOURCE_NAME=EM5: Dyscalculia
DESTINATION_ID=222584974850
DESTINATION_NAME=Touchmath | EM5: Dyscalculia
ACTION=UPDATED
STATUS=PARTIAL
DURATION_MS=7400
VALIDATION=FAIL
---
2026-09-23T09:42:11.880Z
SOURCE_ID=209663069754
SOURCE_NAME=Monday Must Know - 03.23.26
DESTINATION_ID=222584974853
DESTINATION_NAME=Touchmath | Monday Must Know - 03.23.26
ACTION=UPDATED
STATUS=PARTIAL
DURATION_MS=6942
VALIDATION=PASS
---
2026-09-23T09:42:17.373Z
SOURCE_ID=209526574617
SOURCE_NAME=EM5: Extend 2026 (test)
DESTINATION_ID=222584945199
DESTINATION_NAME=Touchmath | EM5: Extend 2026 (test)
ACTION=UPDATED
STATUS=PARTIAL
DURATION_MS=5493
VALIDATION=PASS
---
2026-09-23T09:42:23.866Z
SOURCE_ID=208327443545
SOURCE_NAME=EM5: Extend 2026
DESTINATION_ID=222584929334
DESTINATION_NAME=Touchmath | EM5: Extend 2026
ACTION=UPDATED
STATUS=PARTIAL
DURATION_MS=6492
VALIDATION=PASS
---
2026-09-23T09:42:30.057Z
SOURCE_ID=209462809477
SOURCE_NAME=EM2: TM Announcement (Active List)
DESTINATION_ID=222584974856
DESTINATION_NAME=Touchmath | EM2: TM Announcement (Active List)
ACTION=UPDATED
STATUS=PARTIAL
DURATION_MS=6191
VALIDATION=PASS
---
2026-09-23T09:42:35.837Z
SOURCE_ID=209480810063
SOURCE_NAME=EM2: TM Announcement (Customers)
DESTINATION_ID=222584974859
DESTINATION_NAME=Touchmath | EM2: TM Announcement (Customers)
ACTION=UPDATED
STATUS=PARTIAL
DURATION_MS=5780
VALIDATION=PASS
---
2026-09-23T09:42:42.416Z
SOURCE_ID=209190634549
SOURCE_NAME=Monday Must Know - 03.16.26
DESTINATION_ID=222584974862
DESTINATION_NAME=Touchmath | Monday Must Know - 03.16.26
ACTION=UPDATED
STATUS=PARTIAL
DURATION_MS=6579
VALIDATION=PASS
---
2026-09-23T09:42:49.849Z
SOURCE_ID=208841625979
SOURCE_NAME=EM4: Dyscalculia
DESTINATION_ID=222584945202
DESTINATION_NAME=Touchmath | EM4: Dyscalculia
ACTION=UPDATED
STATUS=PARTIAL
DURATION_MS=7432
VALIDATION=FAIL
---
2026-09-23T09:42:57.135Z
SOURCE_ID=208716781649
SOURCE_NAME=EM1: TM Announcement (Active List)
DESTINATION_ID=222584974865
DESTINATION_NAME=Touchmath | EM1: TM Announcement (Active List)
ACTION=UPDATED
STATUS=PARTIAL
DURATION_MS=7286
VALIDATION=FAIL
---
2026-09-23T09:43:03.879Z
SOURCE_ID=209101450929
SOURCE_NAME=EM1: TM Announcement (Customer List)
DESTINATION_ID=222584974868
DESTINATION_NAME=Touchmath | EM1: TM Announcement (Customer List)
ACTION=UPDATED
STATUS=PARTIAL
DURATION_MS=6744
VALIDATION=FAIL
---
2026-09-23T09:43:10.360Z
SOURCE_ID=208327423496
SOURCE_NAME=EM4: Extend 2026
DESTINATION_ID=222584974871
DESTINATION_NAME=Touchmath | EM4: Extend 2026
ACTION=UPDATED
STATUS=PARTIAL
DURATION_MS=6481
VALIDATION=PASS
---
2026-09-23T09:43:16.719Z
SOURCE_ID=208716381809
SOURCE_NAME=Monday Must Know - 03.09.26
DESTINATION_ID=222584974874
DESTINATION_NAME=Touchmath | Monday Must Know - 03.09.26
ACTION=UPDATED
STATUS=PARTIAL
DURATION_MS=6358
VALIDATION=PASS
---
2026-09-23T09:43:24.040Z
SOURCE_ID=208583698770
SOURCE_NAME=EM3: Dyscalculia
DESTINATION_ID=222584929340
DESTINATION_NAME=Touchmath | EM3: Dyscalculia
ACTION=UPDATED
STATUS=PARTIAL
DURATION_MS=7321
VALIDATION=PASS
---
2026-09-23T09:43:30.219Z
SOURCE_ID=208580144196
SOURCE_NAME=EM1A: Dyscalculia (Webinar follow-up)
DESTINATION_ID=222584974877
DESTINATION_NAME=Touchmath | EM1A: Dyscalculia (Webinar follow-up)
ACTION=UPDATED
STATUS=PARTIAL
DURATION_MS=6179
VALIDATION=PASS
---
2026-09-23T09:43:36.563Z
SOURCE_ID=208326869908
SOURCE_NAME=EM3: Extend 2026
DESTINATION_ID=222584945205
DESTINATION_NAME=Touchmath | EM3: Extend 2026
ACTION=UPDATED
STATUS=PARTIAL
DURATION_MS=6343
VALIDATION=PASS
---
2026-09-23T09:43:43.128Z
SOURCE_ID=208184740464
SOURCE_NAME=Monday Must Know - 03.02.26
DESTINATION_ID=222584929343
DESTINATION_NAME=Touchmath | Monday Must Know - 03.02.26
ACTION=UPDATED
STATUS=PARTIAL
DURATION_MS=6565
VALIDATION=PASS
---
2026-09-23T09:43:49.280Z
SOURCE_ID=208327378330
SOURCE_NAME=EM2: Dyscalculia
DESTINATION_ID=222584929346
DESTINATION_NAME=Touchmath | EM2: Dyscalculia
ACTION=UPDATED
STATUS=PARTIAL
DURATION_MS=6151
VALIDATION=PASS
---
2026-09-23T09:43:55.633Z
SOURCE_ID=208327327009
SOURCE_NAME=EM1: Dyscalculia
DESTINATION_ID=222584974880
DESTINATION_NAME=Touchmath | EM1: Dyscalculia
ACTION=UPDATED
STATUS=PARTIAL
DURATION_MS=6353
VALIDATION=PASS
---
2026-09-23T09:44:01.321Z
SOURCE_ID=206649578625
SOURCE_NAME=EM2: Extend 2026
DESTINATION_ID=222584929349
DESTINATION_NAME=Touchmath | EM2: Extend 2026
ACTION=UPDATED
STATUS=PARTIAL
DURATION_MS=5687
VALIDATION=PASS
---
2026-09-23T09:44:08.042Z
SOURCE_ID=208049669966
SOURCE_NAME=Monday Must Know - 2.23.26
DESTINATION_ID=222584945208
DESTINATION_NAME=Touchmath | Monday Must Know - 2.23.26
ACTION=UPDATED
STATUS=PARTIAL
DURATION_MS=6720
VALIDATION=PASS
---
2026-09-23T09:44:14.735Z
SOURCE_ID=206402267805
SOURCE_NAME=EM1: Extend 2026
DESTINATION_ID=222584929352
DESTINATION_NAME=Touchmath | EM1: Extend 2026
ACTION=UPDATED
STATUS=PARTIAL
DURATION_MS=6692
VALIDATION=PASS
---
2026-09-23T09:44:21.761Z
SOURCE_ID=207540025873
SOURCE_NAME=Monday Must Know - 2.16.26
DESTINATION_ID=222584929355
DESTINATION_NAME=Touchmath | Monday Must Know - 2.16.26
ACTION=UPDATED
STATUS=PARTIAL
DURATION_MS=7025
VALIDATION=PASS
---
2026-09-23T09:44:28.728Z
SOURCE_ID=207043111012
SOURCE_NAME=Monday Must Know - 2.9.26
DESTINATION_ID=222584974883
DESTINATION_NAME=Touchmath | Monday Must Know - 2.9.26
ACTION=UPDATED
STATUS=PARTIAL
DURATION_MS=6967
VALIDATION=PASS
---
2026-09-23T09:44:35.049Z
SOURCE_ID=206408459082
SOURCE_NAME=Monday Must Know - 2.2.26
DESTINATION_ID=222584974886
DESTINATION_NAME=Touchmath | Monday Must Know - 2.2.26
ACTION=UPDATED
STATUS=PARTIAL
DURATION_MS=6321
VALIDATION=PASS
---
2026-09-23T09:44:41.257Z
SOURCE_ID=204391548525
SOURCE_NAME=Texas - TCASE 2026 - Email 3
DESTINATION_ID=222584969357
DESTINATION_NAME=Touchmath | Texas - TCASE 2026 - Email 3
ACTION=UPDATED
STATUS=PARTIAL
DURATION_MS=6207
VALIDATION=PASS
---
2026-09-23T09:44:46.849Z
SOURCE_ID=205683641146
SOURCE_NAME=Monday Must Know - 1.26.26
DESTINATION_ID=222584969360
DESTINATION_NAME=Touchmath | Monday Must Know - 1.26.26
ACTION=UPDATED
STATUS=PARTIAL
DURATION_MS=5592
VALIDATION=PASS
---
2026-09-23T09:44:53.295Z
SOURCE_ID=204391548453
SOURCE_NAME=Texas - TCASE 2026 - Email 2
DESTINATION_ID=222584945211
DESTINATION_NAME=Touchmath | Texas - TCASE 2026 - Email 2
ACTION=UPDATED
STATUS=PARTIAL
DURATION_MS=6445
VALIDATION=PASS
---
2026-09-23T09:44:59.783Z
SOURCE_ID=204391547153
SOURCE_NAME=Texas - TCASE 2026 - Email 1
DESTINATION_ID=222584945214
DESTINATION_NAME=Touchmath | Texas - TCASE 2026 - Email 1
ACTION=UPDATED
STATUS=PARTIAL
DURATION_MS=6487
VALIDATION=PASS
---
