2026-09-23T09:21:53.962Z
SOURCE_ID=221905573744
SOURCE_NAME=EM4: Indiana Tier-2 FY26
DESTINATION_ID=222579132290
DESTINATION_NAME=Touchmath | EM4: Indiana Tier-2 FY26
ACTION=UPDATED
STATUS=PARTIAL
DURATION_MS=6339
VALIDATION=PASS
---
2026-09-23T09:22:00.117Z
SOURCE_ID=221882351519
SOURCE_NAME=EM2: Tier-2 Math Survey
DESTINATION_ID=222579248503
DESTINATION_NAME=Touchmath | EM2: Tier-2 Math Survey
ACTION=UPDATED
STATUS=PARTIAL
DURATION_MS=6155
VALIDATION=PASS
---
2026-09-23T09:22:06.510Z
SOURCE_ID=221725071696
SOURCE_NAME=EM2: Back to School 2026-2027
DESTINATION_ID=222579132304
DESTINATION_NAME=Touchmath | EM2: Back to School 2026-2027
ACTION=UPDATED
STATUS=PARTIAL
DURATION_MS=6392
VALIDATION=FAIL
---
2026-09-23T09:22:12.778Z
SOURCE_ID=221617188101
SOURCE_NAME=EM3: Indiana Tier-2 FY26
DESTINATION_ID=222579248506
DESTINATION_NAME=Touchmath | EM3: Indiana Tier-2 FY26
ACTION=UPDATED
STATUS=PARTIAL
DURATION_MS=6268
VALIDATION=PASS
---
2026-09-23T09:22:19.521Z
SOURCE_ID=221130963738
SOURCE_NAME=EM1: Tier-2 Math Survey
DESTINATION_ID=222579132307
DESTINATION_NAME=Touchmath | EM1: Tier-2 Math Survey
ACTION=UPDATED
STATUS=PARTIAL
DURATION_MS=6743
VALIDATION=FAIL
---
2026-09-23T09:22:26.132Z
SOURCE_ID=221126949701
SOURCE_NAME=EM2: Indiana Tier-2 FY26
DESTINATION_ID=222579132310
DESTINATION_NAME=Touchmath | EM2: Indiana Tier-2 FY26
ACTION=UPDATED
STATUS=PARTIAL
DURATION_MS=6611
VALIDATION=PASS
---
2026-09-23T09:22:32.717Z
SOURCE_ID=220765652141
SOURCE_NAME=EM1: Indiana Tier-2 FY26
DESTINATION_ID=222579132313
DESTINATION_NAME=Touchmath | EM1: Indiana Tier-2 FY26
ACTION=UPDATED
STATUS=PARTIAL
DURATION_MS=6584
VALIDATION=PASS
---
2026-09-23T09:22:38.567Z
SOURCE_ID=220493676103
SOURCE_NAME=Automated | Indiana | FY26
DESTINATION_ID=222579132316
DESTINATION_NAME=Touchmath | Automated | Indiana | FY26
ACTION=UPDATED
STATUS=PARTIAL
DURATION_MS=5849
VALIDATION=FAIL
---
2026-09-23T09:22:43.879Z
SOURCE_ID=219414911539
SOURCE_NAME=EM6: Georgia FY26 (TM Database)
DESTINATION_ID=222584929166
DESTINATION_NAME=Touchmath | EM6: Georgia FY26 (TM Database)
ACTION=UPDATED
STATUS=PARTIAL
DURATION_MS=5311
VALIDATION=FAIL
---
2026-09-23T09:22:49.283Z
SOURCE_ID=219408522877
SOURCE_NAME=EM5: Georgia FY26 (TM Database)
DESTINATION_ID=222579248513
DESTINATION_NAME=Touchmath | EM5: Georgia FY26 (TM Database)
ACTION=UPDATED
STATUS=PARTIAL
DURATION_MS=5401
VALIDATION=FAIL
---
2026-09-23T09:22:55.454Z
SOURCE_ID=219365425165
SOURCE_NAME=EM5: K-5 FY26 (TM Active List)
DESTINATION_ID=222579132331
DESTINATION_NAME=Touchmath | EM5: K-5 FY26 (TM Active List)
ACTION=UPDATED
STATUS=PARTIAL
DURATION_MS=6170
VALIDATION=PASS
---
2026-09-23T09:23:00.720Z
SOURCE_ID=219402401574
SOURCE_NAME=EM4: Georgia FY26 (TM Database)
DESTINATION_ID=222579132334
DESTINATION_NAME=Touchmath | EM4: Georgia FY26 (TM Database)
ACTION=UPDATED
STATUS=PARTIAL
DURATION_MS=5266
VALIDATION=FAIL
---
2026-09-23T09:23:05.960Z
SOURCE_ID=219414938523
SOURCE_NAME=EM3: Georgia FY26 (TM Database)
DESTINATION_ID=222584929179
DESTINATION_NAME=Touchmath | EM3: Georgia FY26 (TM Database)
ACTION=UPDATED
STATUS=PARTIAL
DURATION_MS=5238
VALIDATION=FAIL
---
2026-09-23T09:23:11.189Z
SOURCE_ID=219408522835
SOURCE_NAME=EM2: Georgia FY26 (TM Database)
DESTINATION_ID=222579132337
DESTINATION_NAME=Touchmath | EM2: Georgia FY26 (TM Database)
ACTION=UPDATED
STATUS=PARTIAL
DURATION_MS=5229
VALIDATION=FAIL
---
2026-09-23T09:23:16.535Z
SOURCE_ID=219414911508
SOURCE_NAME=EM1: Georgia FY26 (TM Database)
DESTINATION_ID=222584929182
DESTINATION_NAME=Touchmath | EM1: Georgia FY26 (TM Database)
ACTION=UPDATED
STATUS=PARTIAL
DURATION_MS=5345
VALIDATION=FAIL
---
2026-09-23T09:23:22.979Z
SOURCE_ID=218786186847
SOURCE_NAME=EM1: Back to School 2026-2027
DESTINATION_ID=222579132340
DESTINATION_NAME=Touchmath | EM1: Back to School 2026-2027
ACTION=UPDATED
STATUS=PARTIAL
DURATION_MS=6443
VALIDATION=FAIL
---
2026-09-23T09:23:29.385Z
SOURCE_ID=218869877169
SOURCE_NAME=EM4: K-5 FY26 (TM Active List)
DESTINATION_ID=222579132343
DESTINATION_NAME=Touchmath | EM4: K-5 FY26 (TM Active List)
ACTION=UPDATED
STATUS=PARTIAL
DURATION_MS=6406
VALIDATION=PASS
---
2026-09-23T09:23:35.681Z
SOURCE_ID=218634662505
SOURCE_NAME=EM3: K-5 FY26 (TM Customer List)
DESTINATION_ID=222584929185
DESTINATION_NAME=Touchmath | EM3: K-5 FY26 (TM Customer List)
ACTION=UPDATED
STATUS=PARTIAL
DURATION_MS=6295
VALIDATION=PASS
---
2026-09-23T09:23:41.619Z
SOURCE_ID=218623581773
SOURCE_NAME=EM3: K-5 FY26 (TM Active List)
DESTINATION_ID=222579248544
DESTINATION_NAME=Touchmath | EM3: K-5 FY26 (TM Active List)
ACTION=UPDATED
STATUS=PARTIAL
DURATION_MS=5937
VALIDATION=PASS
---
2026-09-23T09:23:46.661Z
SOURCE_ID=218134817845
SOURCE_NAME=Automated | TM Georgia Tier 2 | FY26
DESTINATION_ID=222579132421
DESTINATION_NAME=Touchmath | Automated | TM Georgia Tier 2 | FY26
ACTION=UPDATED
STATUS=PARTIAL
DURATION_MS=5041
VALIDATION=FAIL
---
2026-09-23T09:23:52.329Z
SOURCE_ID=218190612006
SOURCE_NAME=EM2: K-5 FY26 (TM Active List)
DESTINATION_ID=222579248551
DESTINATION_NAME=Touchmath | EM2: K-5 FY26 (TM Active List)
ACTION=UPDATED
STATUS=PARTIAL
DURATION_MS=5668
VALIDATION=PASS
---
2026-09-23T09:23:57.757Z
SOURCE_ID=218200040986
SOURCE_NAME=EM2: K-5 FY26 (TM Customer List)
DESTINATION_ID=222579132424
DESTINATION_NAME=Touchmath | EM2: K-5 FY26 (TM Customer List)
ACTION=UPDATED
STATUS=PARTIAL
DURATION_MS=5427
VALIDATION=PASS
---
2026-09-23T09:24:03.803Z
SOURCE_ID=217657242033
SOURCE_NAME=EM1: K-5 FY26 (TM Active List)
DESTINATION_ID=222579248554
DESTINATION_NAME=Touchmath | EM1: K-5 FY26 (TM Active List)
ACTION=UPDATED
STATUS=PARTIAL
DURATION_MS=6046
VALIDATION=PASS
---
2026-09-23T09:24:09.997Z
SOURCE_ID=217729998122
SOURCE_NAME=EM1: K-5 FY26 (TM Customers)
DESTINATION_ID=222579248557
DESTINATION_NAME=Touchmath | EM1: K-5 FY26 (TM Customers)
ACTION=UPDATED
STATUS=PARTIAL
DURATION_MS=6194
VALIDATION=FAIL
---
2026-09-23T09:24:16.634Z
SOURCE_ID=217898709027
SOURCE_NAME=Monday Must Know - 072726
DESTINATION_ID=222579132427
DESTINATION_NAME=Touchmath | Monday Must Know - 072726
ACTION=UPDATED
STATUS=PARTIAL
DURATION_MS=6637
VALIDATION=FAIL
---
2026-09-23T09:24:20.533Z
SOURCE_ID=211673878109
SOURCE_NAME=Automated | TouchMath Program Sampler
DESTINATION_ID=222579248560
DESTINATION_NAME=Touchmath | Automated | TouchMath Program Sampler
ACTION=UPDATED
STATUS=PARTIAL
DURATION_MS=3899
VALIDATION=FAIL
---
2026-09-23T09:24:25.800Z
SOURCE_ID=217760152350
SOURCE_NAME=EM2: TM Funding Guide FY26
DESTINATION_ID=222579248564
DESTINATION_NAME=Touchmath | EM2: TM Funding Guide FY26
ACTION=UPDATED
STATUS=PARTIAL
DURATION_MS=5267
VALIDATION=PASS
---
2026-09-23T09:24:32.892Z
SOURCE_ID=217374680452
SOURCE_NAME=Monday Must Know - 072026
DESTINATION_ID=222584929188
DESTINATION_NAME=Touchmath | Monday Must Know - 072026
ACTION=UPDATED
STATUS=PARTIAL
DURATION_MS=7091
VALIDATION=FAIL
---
2026-09-23T09:24:38.582Z
SOURCE_ID=216742855515
SOURCE_NAME=EM1: TM Funding Guide FY26
DESTINATION_ID=222584929191
DESTINATION_NAME=Touchmath | EM1: TM Funding Guide FY26
ACTION=UPDATED
STATUS=PARTIAL
DURATION_MS=5688
VALIDATION=PASS
---
2026-09-23T09:24:46.375Z
SOURCE_ID=216747939428
SOURCE_NAME=EM2: Dyscalculia (Phase 2)
DESTINATION_ID=222579132433
DESTINATION_NAME=Touchmath | EM2: Dyscalculia (Phase 2)
ACTION=UPDATED
STATUS=PARTIAL
DURATION_MS=7793
VALIDATION=FAIL
---
2026-09-23T09:24:52.911Z
SOURCE_ID=216900368780
SOURCE_NAME=Monday Must Know - 071326
DESTINATION_ID=222579248567
DESTINATION_NAME=Touchmath | Monday Must Know - 071326
ACTION=UPDATED
STATUS=PARTIAL
DURATION_MS=6536
VALIDATION=FAIL
---
2026-09-23T09:25:00.907Z
SOURCE_ID=216090238131
SOURCE_NAME=EM1: Dyscalculia (Phase 2)
DESTINATION_ID=222582479654
DESTINATION_NAME=Touchmath | EM1: Dyscalculia (Phase 2)
ACTION=UPDATED
STATUS=PARTIAL
DURATION_MS=7995
VALIDATION=FAIL
---
2026-09-23T09:25:08.035Z
SOURCE_ID=216372793464
SOURCE_NAME=Monday Must Know - 070626
DESTINATION_ID=222579248640
DESTINATION_NAME=Touchmath | Monday Must Know - 070626
ACTION=UPDATED
STATUS=PARTIAL
DURATION_MS=7127
VALIDATION=FAIL
---
2026-09-23T09:25:15.658Z
SOURCE_ID=215828858500
SOURCE_NAME=Monday Must Know - 062926
DESTINATION_ID=222582479657
DESTINATION_NAME=Touchmath | Monday Must Know - 062926
ACTION=UPDATED
STATUS=PARTIAL
DURATION_MS=7622
VALIDATION=FAIL
---
2026-09-23T09:25:22.513Z
SOURCE_ID=215357973155
SOURCE_NAME=Monday Must Know - 062226
DESTINATION_ID=222579132436
DESTINATION_NAME=Touchmath | Monday Must Know - 062226
ACTION=UPDATED
STATUS=PARTIAL
DURATION_MS=6854
VALIDATION=FAIL
---
2026-09-23T09:25:29.325Z
SOURCE_ID=214890470785
SOURCE_NAME=Monday Must Know - 061526
DESTINATION_ID=222579132439
DESTINATION_NAME=Touchmath | Monday Must Know - 061526
ACTION=UPDATED
STATUS=PARTIAL
DURATION_MS=6811
VALIDATION=FAIL
---
2026-09-23T09:25:37.141Z
SOURCE_ID=214351086470
SOURCE_NAME=Monday Must Know - 060826
DESTINATION_ID=222579248644
DESTINATION_NAME=Touchmath | Monday Must Know - 060826
ACTION=UPDATED
STATUS=PARTIAL
DURATION_MS=7816
VALIDATION=FAIL
---
2026-09-23T09:25:44.115Z
SOURCE_ID=213411051865
SOURCE_NAME=Monday Must Know - 060126
DESTINATION_ID=222584929194
DESTINATION_NAME=Touchmath | Monday Must Know - 060126
ACTION=UPDATED
STATUS=PARTIAL
DURATION_MS=6974
VALIDATION=FAIL
---
2026-09-23T09:25:54.289Z
SOURCE_ID=212911072142
SOURCE_NAME=EM1: TouchMath Grades 3-5 OD Webinar (Active Database)
DESTINATION_ID=222584929197
DESTINATION_NAME=Touchmath | EM1: TouchMath Grades 3-5 OD Webinar (Active Database)
ACTION=UPDATED
STATUS=PARTIAL
DURATION_MS=10174
VALIDATION=FAIL
---
2026-09-23T09:26:02.505Z
SOURCE_ID=212911021204
SOURCE_NAME=EM1: TouchMath Grades 3-5 OD Webinar (Non Live Attendees)
DESTINATION_ID=222579248647
DESTINATION_NAME=Touchmath | EM1: TouchMath Grades 3-5 OD Webinar (Non Live Attendees)
ACTION=UPDATED
STATUS=PARTIAL
DURATION_MS=8216
VALIDATION=PASS
---
2026-09-23T09:26:10.086Z
SOURCE_ID=212906503297
SOURCE_NAME=EM1: TouchMath Grades 3-5 OD Webinar (Live Attendees)
DESTINATION_ID=222582479661
DESTINATION_NAME=Touchmath | EM1: TouchMath Grades 3-5 OD Webinar (Live Attendees)
ACTION=UPDATED
STATUS=PARTIAL
DURATION_MS=7580
VALIDATION=PASS
---
2026-09-23T09:26:17.628Z
SOURCE_ID=212952799129
SOURCE_NAME=Monday Must Know - 051826
DESTINATION_ID=222579248650
DESTINATION_NAME=Touchmath | Monday Must Know - 051826
ACTION=UPDATED
STATUS=PARTIAL
DURATION_MS=7542
VALIDATION=FAIL
---
2026-09-23T09:26:25.287Z
SOURCE_ID=212401409335
SOURCE_NAME=EM3: CASE Webinar
DESTINATION_ID=222579132442
DESTINATION_NAME=Touchmath | EM3: CASE Webinar
ACTION=UPDATED
STATUS=PARTIAL
DURATION_MS=7658
VALIDATION=FAIL
---
2026-09-23T09:26:31.152Z
SOURCE_ID=210461739698
SOURCE_NAME=EM6: TouchMath Grades 3-5 Sample Page (Customer List)
DESTINATION_ID=222579248653
DESTINATION_NAME=Touchmath | EM6: TouchMath Grades 3-5 Sample Page (Customer List)
ACTION=UPDATED
STATUS=PARTIAL
DURATION_MS=5864
VALIDATION=FAIL
---
2026-09-23T09:26:38.320Z
SOURCE_ID=211880971943
SOURCE_NAME=EM6: TouchMath Grades 3-5 Sample Page (Active Database)
DESTINATION_ID=222579248656
DESTINATION_NAME=Touchmath | EM6: TouchMath Grades 3-5 Sample Page (Active Database)
ACTION=UPDATED
STATUS=PARTIAL
DURATION_MS=7168
VALIDATION=FAIL
---
2026-09-23T09:26:46.240Z
SOURCE_ID=212243860507
SOURCE_NAME=EM2: CASE Webinar
DESTINATION_ID=222584929203
DESTINATION_NAME=Touchmath | EM2: CASE Webinar
ACTION=UPDATED
STATUS=PARTIAL
DURATION_MS=7920
VALIDATION=FAIL
---
2026-09-23T09:26:52.780Z
SOURCE_ID=212526392080
SOURCE_NAME=Monday Must Know - 051126
DESTINATION_ID=222582479667
DESTINATION_NAME=Touchmath | Monday Must Know - 051126
ACTION=UPDATED
STATUS=PARTIAL
DURATION_MS=6539
VALIDATION=FAIL
---
2026-09-23T09:27:00.138Z
SOURCE_ID=211590830682
SOURCE_NAME=EM5: TouchMath Grades 3-5 Webinar (Active Database) - LAST CHANCE
DESTINATION_ID=222579248659
DESTINATION_NAME=Touchmath | EM5: TouchMath Grades 3-5 Webinar (Active Database) - LAST CHANCE
ACTION=UPDATED
STATUS=PARTIAL
DURATION_MS=7358
VALIDATION=FAIL
---
2026-09-23T09:27:06.751Z
SOURCE_ID=210461853194
SOURCE_NAME=EM5: TouchMath Grades 3-5 Webinar (Customer List) - LAST CHANCE
DESTINATION_ID=222579248662
DESTINATION_NAME=Touchmath | EM5: TouchMath Grades 3-5 Webinar (Customer List) - LAST CHANCE
ACTION=UPDATED
STATUS=PARTIAL
DURATION_MS=6612
VALIDATION=FAIL
---
2026-09-23T09:27:14.583Z
SOURCE_ID=211590870554
SOURCE_NAME=EM1: CASE Webinar
DESTINATION_ID=222582479670
DESTINATION_NAME=Touchmath | EM1: CASE Webinar
ACTION=UPDATED
STATUS=PARTIAL
DURATION_MS=7832
VALIDATION=FAIL
---
2026-09-23T09:27:21.087Z
SOURCE_ID=212080759053
SOURCE_NAME=Monday Must Know - 050426
DESTINATION_ID=222584929206
DESTINATION_NAME=Touchmath | Monday Must Know - 050426
ACTION=UPDATED
STATUS=PARTIAL
DURATION_MS=6504
VALIDATION=FAIL
---
2026-09-23T09:27:27.878Z
SOURCE_ID=211646930762
SOURCE_NAME=Monday Must Know - 042726
DESTINATION_ID=222579248665
DESTINATION_NAME=Touchmath | Monday Must Know - 042726
ACTION=UPDATED
STATUS=PARTIAL
DURATION_MS=6790
VALIDATION=FAIL
---
2026-09-23T09:27:34.453Z
SOURCE_ID=210461739055
SOURCE_NAME=EM4: TouchMath Grades 3-5 Sample Page (Customer List)
DESTINATION_ID=222582479676
DESTINATION_NAME=Touchmath | EM4: TouchMath Grades 3-5 Sample Page (Customer List)
ACTION=UPDATED
STATUS=PARTIAL
DURATION_MS=6575
VALIDATION=FAIL
---
2026-09-23T09:27:42.448Z
SOURCE_ID=211194161450
SOURCE_NAME=EM4: TouchMath Grades 3-5 Sample Page (Active Database)
DESTINATION_ID=222579248668
DESTINATION_NAME=Touchmath | EM4: TouchMath Grades 3-5 Sample Page (Active Database)
ACTION=UPDATED
STATUS=PARTIAL
DURATION_MS=7995
VALIDATION=FAIL
---
2026-09-23T09:27:48.597Z
SOURCE_ID=211382616161
SOURCE_NAME=Newsletter - April 2026 - External
DESTINATION_ID=222584929209
DESTINATION_NAME=Touchmath | Newsletter - April 2026 - External
ACTION=UPDATED
STATUS=PARTIAL
DURATION_MS=6149
VALIDATION=FAIL
---
2026-09-23T09:27:57.168Z
SOURCE_ID=211185004629
SOURCE_NAME=EM3: TouchMath Grades 3-5 Webinar (Active Database)
DESTINATION_ID=222582479690
DESTINATION_NAME=Touchmath | EM3: TouchMath Grades 3-5 Webinar (Active Database)
ACTION=UPDATED
STATUS=PARTIAL
DURATION_MS=8570
VALIDATION=FAIL
---
2026-09-23T09:28:03.935Z
SOURCE_ID=210461739664
SOURCE_NAME=EM3: TouchMath Grades 3-5 Webinar (Customer List)
DESTINATION_ID=222582479699
DESTINATION_NAME=Touchmath | EM3: TouchMath Grades 3-5 Webinar (Customer List)
ACTION=UPDATED
STATUS=PARTIAL
DURATION_MS=6767
VALIDATION=FAIL
---
2026-09-23T09:28:10.724Z
SOURCE_ID=211060039810
SOURCE_NAME=Newsletter - April 2026 - Internal
DESTINATION_ID=222584929306
DESTINATION_NAME=Touchmath | Newsletter - April 2026 - Internal
ACTION=UPDATED
STATUS=PARTIAL
DURATION_MS=6788
VALIDATION=FAIL
---
2026-09-23T09:28:18.218Z
SOURCE_ID=211247802437
SOURCE_NAME=Monday Must Know - 042026
DESTINATION_ID=222584929316
DESTINATION_NAME=Touchmath | Monday Must Know - 042026
ACTION=UPDATED
STATUS=PARTIAL
DURATION_MS=7493
VALIDATION=FAIL
---
2026-09-23T09:28:23.233Z
SOURCE_ID=211120338101
SOURCE_NAME=Automated | TouchMath Grades 3-5 Sample Page
DESTINATION_ID=222582479702
DESTINATION_NAME=Touchmath | Automated | TouchMath Grades 3-5 Sample Page
ACTION=UPDATED
STATUS=PARTIAL
DURATION_MS=5014
VALIDATION=FAIL
---
2026-09-23T09:28:28.626Z
SOURCE_ID=211120460435
SOURCE_NAME=EM1: Urban Collaborative Invite 2026
DESTINATION_ID=222584969351
DESTINATION_NAME=Touchmath | EM1: Urban Collaborative Invite 2026
ACTION=UPDATED
STATUS=PARTIAL
DURATION_MS=5393
VALIDATION=FAIL
---
2026-09-23T09:28:34.482Z
SOURCE_ID=210998963841
SOURCE_NAME=EM2: TouchMath Grades 3-5 Sample Page (Customer List)
DESTINATION_ID=222584929325
DESTINATION_NAME=Touchmath | EM2: TouchMath Grades 3-5 Sample Page (Customer List)
ACTION=UPDATED
STATUS=PARTIAL
DURATION_MS=5855
VALIDATION=FAIL
---
2026-09-23T09:28:41.492Z
SOURCE_ID=210998679476
SOURCE_NAME=EM2: TouchMath Grades 3-5 Sample Page (Active Database)
DESTINATION_ID=222582479708
DESTINATION_NAME=Touchmath | EM2: TouchMath Grades 3-5 Sample Page (Active Database)
ACTION=UPDATED
STATUS=PARTIAL
DURATION_MS=7010
VALIDATION=FAIL
---
2026-09-23T09:28:48.417Z
SOURCE_ID=210280446367
SOURCE_NAME=EM1: TouchMath Grades 3-5 Webinar (Active Database)
DESTINATION_ID=222584974774
DESTINATION_NAME=Touchmath | EM1: TouchMath Grades 3-5 Webinar (Active Database)
ACTION=UPDATED
STATUS=PARTIAL
DURATION_MS=6924
VALIDATION=FAIL
---
2026-09-23T09:28:54.396Z
SOURCE_ID=210276406415
SOURCE_NAME=EM1: TouchMath Grades 3-5 Webinar (Customer List)
DESTINATION_ID=222584945193
DESTINATION_NAME=Touchmath | EM1: TouchMath Grades 3-5 Webinar (Customer List)
ACTION=UPDATED
STATUS=PARTIAL
DURATION_MS=5979
VALIDATION=FAIL
---
2026-09-23T09:29:01.372Z
SOURCE_ID=210836704355
SOURCE_NAME=Monday Must Know - 041326
DESTINATION_ID=222584929328
DESTINATION_NAME=Touchmath | Monday Must Know - 041326
ACTION=UPDATED
STATUS=PARTIAL
DURATION_MS=6976
VALIDATION=FAIL
---
2026-09-23T09:29:08.425Z
SOURCE_ID=210397618574
SOURCE_NAME=Monday Must Know - 04.06.26
DESTINATION_ID=222584969354
DESTINATION_NAME=Touchmath | Monday Must Know - 04.06.26
ACTION=UPDATED
STATUS=PARTIAL
DURATION_MS=7052
VALIDATION=FAIL
---
2026-09-23T09:29:14.644Z
SOURCE_ID=210468109718
SOURCE_NAME=TouchMath Announcement 4.3.26
DESTINATION_ID=222582479711
DESTINATION_NAME=Touchmath | TouchMath Announcement 4.3.26
ACTION=UPDATED
STATUS=PARTIAL
DURATION_MS=6219
VALIDATION=FAIL
---
2026-09-23T09:29:21.421Z
SOURCE_ID=210067901803
SOURCE_NAME=Monday Must Know - 03.30.26
DESTINATION_ID=222584974777
DESTINATION_NAME=Touchmath | Monday Must Know - 03.30.26
ACTION=UPDATED
STATUS=PARTIAL
DURATION_MS=6777
VALIDATION=FAIL
---
2026-09-23T09:29:28.100Z
SOURCE_ID=208327000096
SOURCE_NAME=EM6: Extend 2026
DESTINATION_ID=222584945196
DESTINATION_NAME=Touchmath | EM6: Extend 2026
ACTION=UPDATED
STATUS=PARTIAL
DURATION_MS=6678
VALIDATION=FAIL
---
2026-09-23T09:29:35.676Z
SOURCE_ID=209662922872
SOURCE_NAME=EM5: Dyscalculia
DESTINATION_ID=222584974850
DESTINATION_NAME=Touchmath | EM5: Dyscalculia
ACTION=UPDATED
STATUS=PARTIAL
DURATION_MS=7575
VALIDATION=FAIL
---
2026-09-23T09:29:42.385Z
SOURCE_ID=209663069754
SOURCE_NAME=Monday Must Know - 03.23.26
DESTINATION_ID=222584974853
DESTINATION_NAME=Touchmath | Monday Must Know - 03.23.26
ACTION=UPDATED
STATUS=PARTIAL
DURATION_MS=6709
VALIDATION=FAIL
---
2026-09-23T09:29:47.882Z
SOURCE_ID=209526574617
SOURCE_NAME=EM5: Extend 2026 (test)
DESTINATION_ID=222584945199
DESTINATION_NAME=Touchmath | EM5: Extend 2026 (test)
ACTION=UPDATED
STATUS=PARTIAL
DURATION_MS=5497
VALIDATION=FAIL
---
2026-09-23T09:29:54.348Z
SOURCE_ID=208327443545
SOURCE_NAME=EM5: Extend 2026
DESTINATION_ID=222584929334
DESTINATION_NAME=Touchmath | EM5: Extend 2026
ACTION=UPDATED
STATUS=PARTIAL
DURATION_MS=6465
VALIDATION=FAIL
---
2026-09-23T09:30:00.008Z
SOURCE_ID=209462809477
SOURCE_NAME=EM2: TM Announcement (Active List)
DESTINATION_ID=222584974856
DESTINATION_NAME=Touchmath | EM2: TM Announcement (Active List)
ACTION=UPDATED
STATUS=PARTIAL
DURATION_MS=5660
VALIDATION=PASS
---
2026-09-23T09:30:05.892Z
SOURCE_ID=209480810063
SOURCE_NAME=EM2: TM Announcement (Customers)
DESTINATION_ID=222584974859
DESTINATION_NAME=Touchmath | EM2: TM Announcement (Customers)
ACTION=UPDATED
STATUS=PARTIAL
DURATION_MS=5883
VALIDATION=PASS
---
2026-09-23T09:30:13.016Z
SOURCE_ID=209190634549
SOURCE_NAME=Monday Must Know - 03.16.26
DESTINATION_ID=222584974862
DESTINATION_NAME=Touchmath | Monday Must Know - 03.16.26
ACTION=UPDATED
STATUS=PARTIAL
DURATION_MS=7123
VALIDATION=FAIL
---
2026-09-23T09:30:21.735Z
SOURCE_ID=208841625979
SOURCE_NAME=EM4: Dyscalculia
DESTINATION_ID=222584945202
DESTINATION_NAME=Touchmath | EM4: Dyscalculia
ACTION=UPDATED
STATUS=PARTIAL
DURATION_MS=8719
VALIDATION=FAIL
---
2026-09-23T09:30:29.607Z
SOURCE_ID=208716781649
SOURCE_NAME=EM1: TM Announcement (Active List)
DESTINATION_ID=222584974865
DESTINATION_NAME=Touchmath | EM1: TM Announcement (Active List)
ACTION=UPDATED
STATUS=PARTIAL
DURATION_MS=7871
VALIDATION=FAIL
---
2026-09-23T09:30:36.804Z
SOURCE_ID=209101450929
SOURCE_NAME=EM1: TM Announcement (Customer List)
DESTINATION_ID=222584974868
DESTINATION_NAME=Touchmath | EM1: TM Announcement (Customer List)
ACTION=UPDATED
STATUS=PARTIAL
DURATION_MS=7196
VALIDATION=FAIL
---
2026-09-23T09:30:43.504Z
SOURCE_ID=208327423496
SOURCE_NAME=EM4: Extend 2026
DESTINATION_ID=222584974871
DESTINATION_NAME=Touchmath | EM4: Extend 2026
ACTION=UPDATED
STATUS=PARTIAL
DURATION_MS=6700
VALIDATION=FAIL
---
2026-09-23T09:30:50.294Z
SOURCE_ID=208716381809
SOURCE_NAME=Monday Must Know - 03.09.26
DESTINATION_ID=222584974874
DESTINATION_NAME=Touchmath | Monday Must Know - 03.09.26
ACTION=UPDATED
STATUS=PARTIAL
DURATION_MS=6789
VALIDATION=FAIL
---
2026-09-23T09:30:56.216Z
SOURCE_ID=208583698770
SOURCE_NAME=EM3: Dyscalculia
DESTINATION_ID=222584929340
DESTINATION_NAME=Touchmath | EM3: Dyscalculia
ACTION=UPDATED
STATUS=PARTIAL
DURATION_MS=5921
VALIDATION=FAIL
---
2026-09-23T09:31:01.008Z
SOURCE_ID=208580144196
SOURCE_NAME=EM1A: Dyscalculia (Webinar follow-up)
DESTINATION_ID=222584974877
DESTINATION_NAME=Touchmath | EM1A: Dyscalculia (Webinar follow-up)
ACTION=UPDATED
STATUS=PARTIAL
DURATION_MS=4791
VALIDATION=FAIL
---
2026-09-23T09:31:07.971Z
SOURCE_ID=208326869908
SOURCE_NAME=EM3: Extend 2026
DESTINATION_ID=222584945205
DESTINATION_NAME=Touchmath | EM3: Extend 2026
ACTION=UPDATED
STATUS=PARTIAL
DURATION_MS=6963
VALIDATION=FAIL
---
2026-09-23T09:31:14.989Z
SOURCE_ID=208184740464
SOURCE_NAME=Monday Must Know - 03.02.26
DESTINATION_ID=222584929343
DESTINATION_NAME=Touchmath | Monday Must Know - 03.02.26
ACTION=UPDATED
STATUS=PARTIAL
DURATION_MS=7017
VALIDATION=FAIL
---
2026-09-23T09:31:21.425Z
SOURCE_ID=208327378330
SOURCE_NAME=EM2: Dyscalculia
DESTINATION_ID=222584929346
DESTINATION_NAME=Touchmath | EM2: Dyscalculia
ACTION=UPDATED
STATUS=PARTIAL
DURATION_MS=6435
VALIDATION=FAIL
---
2026-09-23T09:31:28.210Z
SOURCE_ID=208327327009
SOURCE_NAME=EM1: Dyscalculia
DESTINATION_ID=222584974880
DESTINATION_NAME=Touchmath | EM1: Dyscalculia
ACTION=UPDATED
STATUS=PARTIAL
DURATION_MS=6785
VALIDATION=FAIL
---
2026-09-23T09:31:34.378Z
SOURCE_ID=206649578625
SOURCE_NAME=EM2: Extend 2026
DESTINATION_ID=222584929349
DESTINATION_NAME=Touchmath | EM2: Extend 2026
ACTION=UPDATED
STATUS=PARTIAL
DURATION_MS=6168
VALIDATION=FAIL
---
2026-09-23T09:31:41.181Z
SOURCE_ID=208049669966
SOURCE_NAME=Monday Must Know - 2.23.26
DESTINATION_ID=222584945208
DESTINATION_NAME=Touchmath | Monday Must Know - 2.23.26
ACTION=UPDATED
STATUS=PARTIAL
DURATION_MS=6803
VALIDATION=FAIL
---
2026-09-23T09:31:47.393Z
SOURCE_ID=206402267805
SOURCE_NAME=EM1: Extend 2026
DESTINATION_ID=222584929352
DESTINATION_NAME=Touchmath | EM1: Extend 2026
ACTION=UPDATED
STATUS=PARTIAL
DURATION_MS=6212
VALIDATION=FAIL
---
2026-09-23T09:31:54.338Z
SOURCE_ID=207540025873
SOURCE_NAME=Monday Must Know - 2.16.26
DESTINATION_ID=222584929355
DESTINATION_NAME=Touchmath | Monday Must Know - 2.16.26
ACTION=UPDATED
STATUS=PARTIAL
DURATION_MS=6945
VALIDATION=FAIL
---
2026-09-23T09:32:01.335Z
SOURCE_ID=207043111012
SOURCE_NAME=Monday Must Know - 2.9.26
DESTINATION_ID=222584974883
DESTINATION_NAME=Touchmath | Monday Must Know - 2.9.26
ACTION=UPDATED
STATUS=PARTIAL
DURATION_MS=6997
VALIDATION=FAIL
---
2026-09-23T09:32:08.824Z
SOURCE_ID=206408459082
SOURCE_NAME=Monday Must Know - 2.2.26
DESTINATION_ID=222584974886
DESTINATION_NAME=Touchmath | Monday Must Know - 2.2.26
ACTION=UPDATED
STATUS=PARTIAL
DURATION_MS=7488
VALIDATION=FAIL
---
2026-09-23T09:32:16.898Z
SOURCE_ID=204391548525
SOURCE_NAME=Texas - TCASE 2026 - Email 3
DESTINATION_ID=222584969357
DESTINATION_NAME=Touchmath | Texas - TCASE 2026 - Email 3
ACTION=UPDATED
STATUS=PARTIAL
DURATION_MS=8073
VALIDATION=PASS
---
2026-09-23T09:32:22.923Z
SOURCE_ID=205683641146
SOURCE_NAME=Monday Must Know - 1.26.26
DESTINATION_ID=222584969360
DESTINATION_NAME=Touchmath | Monday Must Know - 1.26.26
ACTION=UPDATED
STATUS=PARTIAL
DURATION_MS=6024
VALIDATION=FAIL
---
2026-09-23T09:32:30.269Z
SOURCE_ID=204391548453
SOURCE_NAME=Texas - TCASE 2026 - Email 2
DESTINATION_ID=222584945211
DESTINATION_NAME=Touchmath | Texas - TCASE 2026 - Email 2
ACTION=UPDATED
STATUS=PARTIAL
DURATION_MS=7345
VALIDATION=PASS
---
2026-09-23T09:32:37.748Z
SOURCE_ID=204391547153
SOURCE_NAME=Texas - TCASE 2026 - Email 1
DESTINATION_ID=222584945214
DESTINATION_NAME=Touchmath | Texas - TCASE 2026 - Email 1
ACTION=UPDATED
STATUS=PARTIAL
DURATION_MS=7479
VALIDATION=PASS
---
