2026-09-24T11:04:04.518Z
SOURCE_ID=221905573744
SOURCE_NAME=EM4: Indiana Tier-2 FY26
DESTINATION_ID=222705362273
DESTINATION_NAME=Touchmath | EM4: Indiana Tier-2 FY26
ACTION=CREATED
STATUS=PARTIAL
DURATION_MS=9009
VALIDATION=FAIL
---
2026-09-24T11:04:16.064Z
SOURCE_ID=221882351519
SOURCE_NAME=EM2: Tier-2 Math Survey
DESTINATION_ID=222706243409
DESTINATION_NAME=Touchmath | EM2: Tier-2 Math Survey
ACTION=CREATED
STATUS=PARTIAL
DURATION_MS=11545
VALIDATION=FAIL
---
2026-09-24T11:04:21.653Z
SOURCE_ID=221725071696
SOURCE_NAME=EM2: Back to School 2026-2027
DESTINATION_ID=222706243412
DESTINATION_NAME=Touchmath | EM2: Back to School 2026-2027
ACTION=CREATED
STATUS=PARTIAL
DURATION_MS=5589
VALIDATION=FAIL
---
2026-09-24T11:04:29.951Z
SOURCE_ID=221617188101
SOURCE_NAME=EM3: Indiana Tier-2 FY26
DESTINATION_ID=222706243415
DESTINATION_NAME=Touchmath | EM3: Indiana Tier-2 FY26
ACTION=CREATED
STATUS=PARTIAL
DURATION_MS=8297
VALIDATION=FAIL
---
2026-09-24T11:04:35.083Z
SOURCE_ID=221130963738
SOURCE_NAME=EM1: Tier-2 Math Survey
DESTINATION_ID=222706243418
DESTINATION_NAME=Touchmath | EM1: Tier-2 Math Survey
ACTION=CREATED
STATUS=PARTIAL
DURATION_MS=5131
VALIDATION=FAIL
---
2026-09-24T11:04:43.922Z
SOURCE_ID=221126949701
SOURCE_NAME=EM2: Indiana Tier-2 FY26
DESTINATION_ID=222706243421
DESTINATION_NAME=Touchmath | EM2: Indiana Tier-2 FY26
ACTION=CREATED
STATUS=PARTIAL
DURATION_MS=8839
VALIDATION=FAIL
---
2026-09-24T11:04:52.126Z
SOURCE_ID=220765652141
SOURCE_NAME=EM1: Indiana Tier-2 FY26
DESTINATION_ID=222705362276
DESTINATION_NAME=Touchmath | EM1: Indiana Tier-2 FY26
ACTION=CREATED
STATUS=PARTIAL
DURATION_MS=8204
VALIDATION=FAIL
---
2026-09-24T11:04:59.409Z
SOURCE_ID=220493676103
SOURCE_NAME=Automated | Indiana | FY26
DESTINATION_ID=222706243424
DESTINATION_NAME=Touchmath | Automated | Indiana | FY26
ACTION=CREATED
STATUS=PARTIAL
DURATION_MS=7283
VALIDATION=FAIL
---
2026-09-24T11:05:02.955Z
SOURCE_ID=219414911539
SOURCE_NAME=EM6: Georgia FY26 (TM Database)
DESTINATION_ID=222706243427
DESTINATION_NAME=Touchmath | EM6: Georgia FY26 (TM Database)
ACTION=CREATED
STATUS=PARTIAL
DURATION_MS=3545
VALIDATION=FAIL
---
2026-09-24T11:05:06.106Z
SOURCE_ID=219408522877
SOURCE_NAME=EM5: Georgia FY26 (TM Database)
DESTINATION_ID=222706243430
DESTINATION_NAME=Touchmath | EM5: Georgia FY26 (TM Database)
ACTION=CREATED
STATUS=PARTIAL
DURATION_MS=3150
VALIDATION=FAIL
---
2026-09-24T11:05:20.094Z
SOURCE_ID=219365425165
SOURCE_NAME=EM5: K-5 FY26 (TM Active List)
DESTINATION_ID=222705362279
DESTINATION_NAME=Touchmath | EM5: K-5 FY26 (TM Active List)
ACTION=CREATED
STATUS=PARTIAL
DURATION_MS=13988
VALIDATION=FAIL
---
2026-09-24T11:05:27.498Z
SOURCE_ID=219402401574
SOURCE_NAME=EM4: Georgia FY26 (TM Database)
DESTINATION_ID=222705362282
DESTINATION_NAME=Touchmath | EM4: Georgia FY26 (TM Database)
ACTION=CREATED
STATUS=PARTIAL
DURATION_MS=7404
VALIDATION=FAIL
---
2026-09-24T11:05:30.722Z
SOURCE_ID=219414938523
SOURCE_NAME=EM3: Georgia FY26 (TM Database)
DESTINATION_ID=222706243433
DESTINATION_NAME=Touchmath | EM3: Georgia FY26 (TM Database)
ACTION=CREATED
STATUS=PARTIAL
DURATION_MS=3223
VALIDATION=FAIL
---
2026-09-24T11:05:37.813Z
SOURCE_ID=219408522835
SOURCE_NAME=EM2: Georgia FY26 (TM Database)
DESTINATION_ID=222706243436
DESTINATION_NAME=Touchmath | EM2: Georgia FY26 (TM Database)
ACTION=CREATED
STATUS=PARTIAL
DURATION_MS=7091
VALIDATION=FAIL
---
2026-09-24T11:05:44.476Z
SOURCE_ID=219414911508
SOURCE_NAME=EM1: Georgia FY26 (TM Database)
DESTINATION_ID=222706243439
DESTINATION_NAME=Touchmath | EM1: Georgia FY26 (TM Database)
ACTION=CREATED
STATUS=PARTIAL
DURATION_MS=6663
VALIDATION=FAIL
---
2026-09-24T11:05:48.831Z
SOURCE_ID=218786186847
SOURCE_NAME=EM1: Back to School 2026-2027
DESTINATION_ID=222705362286
DESTINATION_NAME=Touchmath | EM1: Back to School 2026-2027
ACTION=CREATED
STATUS=PARTIAL
DURATION_MS=4355
VALIDATION=FAIL
---
2026-09-24T11:05:54.447Z
SOURCE_ID=218869877169
SOURCE_NAME=EM4: K-5 FY26 (TM Active List)
DESTINATION_ID=222706243442
DESTINATION_NAME=Touchmath | EM4: K-5 FY26 (TM Active List)
ACTION=CREATED
STATUS=PARTIAL
DURATION_MS=5616
VALIDATION=FAIL
---
2026-09-24T11:06:03.271Z
SOURCE_ID=218634662505
SOURCE_NAME=EM3: K-5 FY26 (TM Customer List)
DESTINATION_ID=222705362289
DESTINATION_NAME=Touchmath | EM3: K-5 FY26 (TM Customer List)
ACTION=CREATED
STATUS=PARTIAL
DURATION_MS=8823
VALIDATION=FAIL
---
2026-09-24T11:06:14.576Z
SOURCE_ID=218623581773
SOURCE_NAME=EM3: K-5 FY26 (TM Active List)
DESTINATION_ID=222705362296
DESTINATION_NAME=Touchmath | EM3: K-5 FY26 (TM Active List)
ACTION=CREATED
STATUS=PARTIAL
DURATION_MS=11304
VALIDATION=FAIL
---
2026-09-24T11:06:17.888Z
SOURCE_ID=218134817845
SOURCE_NAME=Automated | TM Georgia Tier 2 | FY26
DESTINATION_ID=222705362299
DESTINATION_NAME=Touchmath | Automated | TM Georgia Tier 2 | FY26
ACTION=CREATED
STATUS=PARTIAL
DURATION_MS=3312
VALIDATION=FAIL
---
2026-09-24T11:06:22.784Z
SOURCE_ID=218190612006
SOURCE_NAME=EM2: K-5 FY26 (TM Active List)
DESTINATION_ID=222706600203
DESTINATION_NAME=Touchmath | EM2: K-5 FY26 (TM Active List)
ACTION=CREATED
STATUS=PARTIAL
DURATION_MS=4896
VALIDATION=FAIL
---
2026-09-24T11:06:27.581Z
SOURCE_ID=218200040986
SOURCE_NAME=EM2: K-5 FY26 (TM Customer List)
DESTINATION_ID=222706243449
DESTINATION_NAME=Touchmath | EM2: K-5 FY26 (TM Customer List)
ACTION=CREATED
STATUS=PARTIAL
DURATION_MS=4796
VALIDATION=FAIL
---
2026-09-24T11:06:31.987Z
SOURCE_ID=217657242033
SOURCE_NAME=EM1: K-5 FY26 (TM Active List)
DESTINATION_ID=222706600206
DESTINATION_NAME=Touchmath | EM1: K-5 FY26 (TM Active List)
ACTION=CREATED
STATUS=PARTIAL
DURATION_MS=4406
VALIDATION=FAIL
---
2026-09-24T11:06:36.219Z
SOURCE_ID=217729998122
SOURCE_NAME=EM1: K-5 FY26 (TM Customers)
DESTINATION_ID=222706243452
DESTINATION_NAME=Touchmath | EM1: K-5 FY26 (TM Customers)
ACTION=CREATED
STATUS=PARTIAL
DURATION_MS=4232
VALIDATION=FAIL
---
2026-09-24T11:06:55.007Z
SOURCE_ID=217898709027
SOURCE_NAME=Monday Must Know - 072726
DESTINATION_ID=222706243456
DESTINATION_NAME=Touchmath | Monday Must Know - 072726
ACTION=CREATED
STATUS=PARTIAL
DURATION_MS=18788
VALIDATION=FAIL
---
2026-09-24T11:06:58.494Z
SOURCE_ID=211673878109
SOURCE_NAME=Automated | TouchMath Program Sampler
DESTINATION_ID=222706600212
DESTINATION_NAME=Touchmath | Automated | TouchMath Program Sampler
ACTION=CREATED
STATUS=PARTIAL
DURATION_MS=3487
VALIDATION=FAIL
---
2026-09-24T11:07:07.189Z
SOURCE_ID=217760152350
SOURCE_NAME=EM2: TM Funding Guide FY26
DESTINATION_ID=222706600215
DESTINATION_NAME=Touchmath | EM2: TM Funding Guide FY26
ACTION=CREATED
STATUS=PARTIAL
DURATION_MS=8695
VALIDATION=FAIL
---
2026-09-24T11:07:13.281Z
SOURCE_ID=217374680452
SOURCE_NAME=Monday Must Know - 072026
DESTINATION_ID=222706243459
DESTINATION_NAME=Touchmath | Monday Must Know - 072026
ACTION=CREATED
STATUS=PARTIAL
DURATION_MS=6091
VALIDATION=FAIL
---
2026-09-24T11:07:17.500Z
SOURCE_ID=216742855515
SOURCE_NAME=EM1: TM Funding Guide FY26
DESTINATION_ID=222706600218
DESTINATION_NAME=Touchmath | EM1: TM Funding Guide FY26
ACTION=CREATED
STATUS=PARTIAL
DURATION_MS=4218
VALIDATION=FAIL
---
2026-09-24T11:07:31.600Z
SOURCE_ID=216747939428
SOURCE_NAME=EM2: Dyscalculia (Phase 2)
DESTINATION_ID=222706600221
DESTINATION_NAME=Touchmath | EM2: Dyscalculia (Phase 2)
ACTION=CREATED
STATUS=PARTIAL
DURATION_MS=14099
VALIDATION=FAIL
---
2026-09-24T11:07:37.271Z
SOURCE_ID=216900368780
SOURCE_NAME=Monday Must Know - 071326
DESTINATION_ID=222706600224
DESTINATION_NAME=Touchmath | Monday Must Know - 071326
ACTION=CREATED
STATUS=PARTIAL
DURATION_MS=5671
VALIDATION=FAIL
---
2026-09-24T11:07:47.721Z
SOURCE_ID=216090238131
SOURCE_NAME=EM1: Dyscalculia (Phase 2)
DESTINATION_ID=222706243462
DESTINATION_NAME=Touchmath | EM1: Dyscalculia (Phase 2)
ACTION=CREATED
STATUS=PARTIAL
DURATION_MS=10450
VALIDATION=FAIL
---
2026-09-24T11:07:53.930Z
SOURCE_ID=216372793464
SOURCE_NAME=Monday Must Know - 070626
DESTINATION_ID=222706600227
DESTINATION_NAME=Touchmath | Monday Must Know - 070626
ACTION=CREATED
STATUS=PARTIAL
DURATION_MS=6209
VALIDATION=FAIL
---
2026-09-24T11:07:59.033Z
SOURCE_ID=215828858500
SOURCE_NAME=Monday Must Know - 062926
DESTINATION_ID=222706243465
DESTINATION_NAME=Touchmath | Monday Must Know - 062926
ACTION=CREATED
STATUS=PARTIAL
DURATION_MS=5102
VALIDATION=FAIL
---
2026-09-24T11:08:07.866Z
SOURCE_ID=215357973155
SOURCE_NAME=Monday Must Know - 062226
DESTINATION_ID=222706243472
DESTINATION_NAME=Touchmath | Monday Must Know - 062226
ACTION=CREATED
STATUS=PARTIAL
DURATION_MS=8832
VALIDATION=FAIL
---
2026-09-24T11:08:17.366Z
SOURCE_ID=214890470785
SOURCE_NAME=Monday Must Know - 061526
DESTINATION_ID=222706243478
DESTINATION_NAME=Touchmath | Monday Must Know - 061526
ACTION=CREATED
STATUS=PARTIAL
DURATION_MS=9500
VALIDATION=FAIL
---
2026-09-24T11:08:26.254Z
SOURCE_ID=214351086470
SOURCE_NAME=Monday Must Know - 060826
DESTINATION_ID=222706243481
DESTINATION_NAME=Touchmath | Monday Must Know - 060826
ACTION=CREATED
STATUS=PARTIAL
DURATION_MS=8888
VALIDATION=FAIL
---
2026-09-24T11:08:31.088Z
SOURCE_ID=213411051865
SOURCE_NAME=Monday Must Know - 060126
DESTINATION_ID=222706600230
DESTINATION_NAME=Touchmath | Monday Must Know - 060126
ACTION=CREATED
STATUS=PARTIAL
DURATION_MS=4834
VALIDATION=FAIL
---
2026-09-24T11:08:38.688Z
SOURCE_ID=212911072142
SOURCE_NAME=EM1: TouchMath Grades 3-5 OD Webinar (Active Database)
DESTINATION_ID=222706600233
DESTINATION_NAME=Touchmath | EM1: TouchMath Grades 3-5 OD Webinar (Active Database)
ACTION=CREATED
STATUS=PARTIAL
DURATION_MS=7599
VALIDATION=FAIL
---
2026-09-24T11:08:44.650Z
SOURCE_ID=212911021204
SOURCE_NAME=EM1: TouchMath Grades 3-5 OD Webinar (Non Live Attendees)
DESTINATION_ID=222706600236
DESTINATION_NAME=Touchmath | EM1: TouchMath Grades 3-5 OD Webinar (Non Live Attendees)
ACTION=CREATED
STATUS=PARTIAL
DURATION_MS=5961
VALIDATION=FAIL
---
2026-09-24T11:08:50.449Z
SOURCE_ID=212906503297
SOURCE_NAME=EM1: TouchMath Grades 3-5 OD Webinar (Live Attendees)
DESTINATION_ID=222706600239
DESTINATION_NAME=Touchmath | EM1: TouchMath Grades 3-5 OD Webinar (Live Attendees)
ACTION=CREATED
STATUS=PARTIAL
DURATION_MS=5799
VALIDATION=FAIL
---
2026-09-24T11:08:55.605Z
SOURCE_ID=212952799129
SOURCE_NAME=Monday Must Know - 051826
DESTINATION_ID=222706243484
DESTINATION_NAME=Touchmath | Monday Must Know - 051826
ACTION=CREATED
STATUS=PARTIAL
DURATION_MS=5156
VALIDATION=FAIL
---
2026-09-24T11:09:01.803Z
SOURCE_ID=212401409335
SOURCE_NAME=EM3: CASE Webinar
DESTINATION_ID=222706600242
DESTINATION_NAME=Touchmath | EM3: CASE Webinar
ACTION=CREATED
STATUS=PARTIAL
DURATION_MS=6198
VALIDATION=FAIL
---
2026-09-24T11:09:10.836Z
SOURCE_ID=210461739698
SOURCE_NAME=EM6: TouchMath Grades 3-5 Sample Page (Customer List)
DESTINATION_ID=222706243487
DESTINATION_NAME=Touchmath | EM6: TouchMath Grades 3-5 Sample Page (Customer List)
ACTION=CREATED
STATUS=PARTIAL
DURATION_MS=9032
VALIDATION=FAIL
---
2026-09-24T11:09:16.489Z
SOURCE_ID=211880971943
SOURCE_NAME=EM6: TouchMath Grades 3-5 Sample Page (Active Database)
DESTINATION_ID=222706243490
DESTINATION_NAME=Touchmath | EM6: TouchMath Grades 3-5 Sample Page (Active Database)
ACTION=CREATED
STATUS=PARTIAL
DURATION_MS=5653
VALIDATION=FAIL
---
2026-09-24T11:09:23.005Z
SOURCE_ID=212243860507
SOURCE_NAME=EM2: CASE Webinar
DESTINATION_ID=222706600250
DESTINATION_NAME=Touchmath | EM2: CASE Webinar
ACTION=CREATED
STATUS=PARTIAL
DURATION_MS=6516
VALIDATION=FAIL
---
2026-09-24T11:09:32.432Z
SOURCE_ID=212526392080
SOURCE_NAME=Monday Must Know - 051126
DESTINATION_ID=222706243585
DESTINATION_NAME=Touchmath | Monday Must Know - 051126
ACTION=CREATED
STATUS=PARTIAL
DURATION_MS=9427
VALIDATION=FAIL
---
2026-09-24T11:09:38.640Z
SOURCE_ID=211590830682
SOURCE_NAME=EM5: TouchMath Grades 3-5 Webinar (Active Database) - LAST CHANCE
DESTINATION_ID=222706243588
DESTINATION_NAME=Touchmath | EM5: TouchMath Grades 3-5 Webinar (Active Database) - LAST CHANCE
ACTION=CREATED
STATUS=PARTIAL
DURATION_MS=6208
VALIDATION=FAIL
---
2026-09-24T11:09:43.965Z
SOURCE_ID=210461853194
SOURCE_NAME=EM5: TouchMath Grades 3-5 Webinar (Customer List) - LAST CHANCE
DESTINATION_ID=222706243591
DESTINATION_NAME=Touchmath | EM5: TouchMath Grades 3-5 Webinar (Customer List) - LAST CHANCE
ACTION=CREATED
STATUS=PARTIAL
DURATION_MS=5325
VALIDATION=FAIL
---
2026-09-24T11:09:50.630Z
SOURCE_ID=211590870554
SOURCE_NAME=EM1: CASE Webinar
DESTINATION_ID=222706243594
DESTINATION_NAME=Touchmath | EM1: CASE Webinar
ACTION=CREATED
STATUS=PARTIAL
DURATION_MS=6664
VALIDATION=FAIL
---
2026-09-24T11:09:55.910Z
SOURCE_ID=212080759053
SOURCE_NAME=Monday Must Know - 050426
DESTINATION_ID=222706243597
DESTINATION_NAME=Touchmath | Monday Must Know - 050426
ACTION=CREATED
STATUS=PARTIAL
DURATION_MS=5279
VALIDATION=FAIL
---
2026-09-24T11:10:01.416Z
SOURCE_ID=211646930762
SOURCE_NAME=Monday Must Know - 042726
DESTINATION_ID=222706600254
DESTINATION_NAME=Touchmath | Monday Must Know - 042726
ACTION=CREATED
STATUS=PARTIAL
DURATION_MS=5506
VALIDATION=FAIL
---
2026-09-24T11:10:07.657Z
SOURCE_ID=210461739055
SOURCE_NAME=EM4: TouchMath Grades 3-5 Sample Page (Customer List)
DESTINATION_ID=222706243600
DESTINATION_NAME=Touchmath | EM4: TouchMath Grades 3-5 Sample Page (Customer List)
ACTION=CREATED
STATUS=PARTIAL
DURATION_MS=6241
VALIDATION=FAIL
---
2026-09-24T11:10:14.600Z
SOURCE_ID=211194161450
SOURCE_NAME=EM4: TouchMath Grades 3-5 Sample Page (Active Database)
DESTINATION_ID=222706600257
DESTINATION_NAME=Touchmath | EM4: TouchMath Grades 3-5 Sample Page (Active Database)
ACTION=CREATED
STATUS=PARTIAL
DURATION_MS=6943
VALIDATION=FAIL
---
2026-09-24T11:10:27.288Z
SOURCE_ID=211382616161
SOURCE_NAME=Newsletter - April 2026 - External
DESTINATION_ID=222706243603
DESTINATION_NAME=Touchmath | Newsletter - April 2026 - External
ACTION=CREATED
STATUS=PARTIAL
DURATION_MS=12688
VALIDATION=FAIL
---
2026-09-24T11:10:34.146Z
SOURCE_ID=211185004629
SOURCE_NAME=EM3: TouchMath Grades 3-5 Webinar (Active Database)
DESTINATION_ID=222706243613
DESTINATION_NAME=Touchmath | EM3: TouchMath Grades 3-5 Webinar (Active Database)
ACTION=CREATED
STATUS=PARTIAL
DURATION_MS=6858
VALIDATION=FAIL
---
2026-09-24T11:10:39.599Z
SOURCE_ID=210461739664
SOURCE_NAME=EM3: TouchMath Grades 3-5 Webinar (Customer List)
DESTINATION_ID=222706243616
DESTINATION_NAME=Touchmath | EM3: TouchMath Grades 3-5 Webinar (Customer List)
ACTION=CREATED
STATUS=PARTIAL
DURATION_MS=5452
VALIDATION=FAIL
---
2026-09-24T11:10:45.001Z
SOURCE_ID=211247802437
SOURCE_NAME=Monday Must Know - 042026
DESTINATION_ID=222706600267
DESTINATION_NAME=Touchmath | Monday Must Know - 042026
ACTION=CREATED
STATUS=PARTIAL
DURATION_MS=5402
VALIDATION=FAIL
---
2026-09-24T11:10:48.353Z
SOURCE_ID=211120338101
SOURCE_NAME=Automated | TouchMath Grades 3-5 Sample Page
DESTINATION_ID=222706243619
DESTINATION_NAME=Touchmath | Automated | TouchMath Grades 3-5 Sample Page
ACTION=CREATED
STATUS=PARTIAL
DURATION_MS=3352
VALIDATION=FAIL
---
2026-09-24T11:10:54.025Z
SOURCE_ID=211120460435
SOURCE_NAME=EM1: Urban Collaborative Invite 2026
DESTINATION_ID=222706243622
DESTINATION_NAME=Touchmath | EM1: Urban Collaborative Invite 2026
ACTION=CREATED
STATUS=PARTIAL
DURATION_MS=5671
VALIDATION=FAIL
---
2026-09-24T11:10:58.774Z
SOURCE_ID=210998963841
SOURCE_NAME=EM2: TouchMath Grades 3-5 Sample Page (Customer List)
DESTINATION_ID=222706243625
DESTINATION_NAME=Touchmath | EM2: TouchMath Grades 3-5 Sample Page (Customer List)
ACTION=CREATED
STATUS=PARTIAL
DURATION_MS=4749
VALIDATION=FAIL
---
2026-09-24T11:11:04.361Z
SOURCE_ID=210998679476
SOURCE_NAME=EM2: TouchMath Grades 3-5 Sample Page (Active Database)
DESTINATION_ID=222706600270
DESTINATION_NAME=Touchmath | EM2: TouchMath Grades 3-5 Sample Page (Active Database)
ACTION=CREATED
STATUS=PARTIAL
DURATION_MS=5587
VALIDATION=FAIL
---
2026-09-24T11:11:09.805Z
SOURCE_ID=210280446367
SOURCE_NAME=EM1: TouchMath Grades 3-5 Webinar (Active Database)
DESTINATION_ID=222706600273
DESTINATION_NAME=Touchmath | EM1: TouchMath Grades 3-5 Webinar (Active Database)
ACTION=CREATED
STATUS=PARTIAL
DURATION_MS=5444
VALIDATION=FAIL
---
2026-09-24T11:11:14.102Z
SOURCE_ID=210276406415
SOURCE_NAME=EM1: TouchMath Grades 3-5 Webinar (Customer List)
DESTINATION_ID=222706947725
DESTINATION_NAME=Touchmath | EM1: TouchMath Grades 3-5 Webinar (Customer List)
ACTION=CREATED
STATUS=PARTIAL
DURATION_MS=4297
VALIDATION=FAIL
---
2026-09-24T11:11:19.687Z
SOURCE_ID=210836704355
SOURCE_NAME=Monday Must Know - 041326
DESTINATION_ID=222706947728
DESTINATION_NAME=Touchmath | Monday Must Know - 041326
ACTION=CREATED
STATUS=PARTIAL
DURATION_MS=5585
VALIDATION=FAIL
---
2026-09-24T11:11:24.272Z
SOURCE_ID=210397618574
SOURCE_NAME=Monday Must Know - 04.06.26
DESTINATION_ID=222706600276
DESTINATION_NAME=Touchmath | Monday Must Know - 04.06.26
ACTION=CREATED
STATUS=PARTIAL
DURATION_MS=4585
VALIDATION=FAIL
---
2026-09-24T11:11:28.885Z
SOURCE_ID=210468109718
SOURCE_NAME=TouchMath Announcement 4.3.26
DESTINATION_ID=222706600279
DESTINATION_NAME=Touchmath | TouchMath Announcement 4.3.26
ACTION=CREATED
STATUS=PARTIAL
DURATION_MS=4613
VALIDATION=FAIL
---
2026-09-24T11:11:33.585Z
SOURCE_ID=210067901803
SOURCE_NAME=Monday Must Know - 03.30.26
DESTINATION_ID=222706947731
DESTINATION_NAME=Touchmath | Monday Must Know - 03.30.26
ACTION=CREATED
STATUS=PARTIAL
DURATION_MS=4699
VALIDATION=FAIL
---
2026-09-24T11:11:44.266Z
SOURCE_ID=208327000096
SOURCE_NAME=EM6: Extend 2026
DESTINATION_ID=222706600282
DESTINATION_NAME=Touchmath | EM6: Extend 2026
ACTION=CREATED
STATUS=PARTIAL
DURATION_MS=10680
VALIDATION=FAIL
---
2026-09-24T11:11:56.483Z
SOURCE_ID=209662922872
SOURCE_NAME=EM5: Dyscalculia
DESTINATION_ID=222706600285
DESTINATION_NAME=Touchmath | EM5: Dyscalculia
ACTION=CREATED
STATUS=PARTIAL
DURATION_MS=12216
VALIDATION=FAIL
---
2026-09-24T11:12:02.826Z
SOURCE_ID=209663069754
SOURCE_NAME=Monday Must Know - 03.23.26
DESTINATION_ID=222706947734
DESTINATION_NAME=Touchmath | Monday Must Know - 03.23.26
ACTION=CREATED
STATUS=PARTIAL
DURATION_MS=6343
VALIDATION=FAIL
---
2026-09-24T11:12:07.067Z
SOURCE_ID=209526574617
SOURCE_NAME=EM5: Extend 2026 (test)
DESTINATION_ID=222706600288
DESTINATION_NAME=Touchmath | EM5: Extend 2026 (test)
ACTION=CREATED
STATUS=PARTIAL
DURATION_MS=4241
VALIDATION=FAIL
---
2026-09-24T11:12:12.669Z
SOURCE_ID=208327443545
SOURCE_NAME=EM5: Extend 2026
DESTINATION_ID=222706947738
DESTINATION_NAME=Touchmath | EM5: Extend 2026
ACTION=CREATED
STATUS=PARTIAL
DURATION_MS=5601
VALIDATION=FAIL
---
2026-09-24T11:12:21.348Z
SOURCE_ID=209462809477
SOURCE_NAME=EM2: TM Announcement (Active List)
DESTINATION_ID=222706947741
DESTINATION_NAME=Touchmath | EM2: TM Announcement (Active List)
ACTION=CREATED
STATUS=PARTIAL
DURATION_MS=8679
VALIDATION=FAIL
---
2026-09-24T11:12:25.456Z
SOURCE_ID=209480810063
SOURCE_NAME=EM2: TM Announcement (Customers)
DESTINATION_ID=222706600292
DESTINATION_NAME=Touchmath | EM2: TM Announcement (Customers)
ACTION=CREATED
STATUS=PARTIAL
DURATION_MS=4108
VALIDATION=FAIL
---
2026-09-24T11:12:31.049Z
SOURCE_ID=209190634549
SOURCE_NAME=Monday Must Know - 03.16.26
DESTINATION_ID=222706947744
DESTINATION_NAME=Touchmath | Monday Must Know - 03.16.26
ACTION=CREATED
STATUS=PARTIAL
DURATION_MS=5591
VALIDATION=FAIL
---
2026-09-24T11:12:41.903Z
SOURCE_ID=208841625979
SOURCE_NAME=EM4: Dyscalculia
DESTINATION_ID=222706947747
DESTINATION_NAME=Touchmath | EM4: Dyscalculia
ACTION=CREATED
STATUS=PARTIAL
DURATION_MS=10854
VALIDATION=FAIL
---
2026-09-24T11:12:48.161Z
SOURCE_ID=208716781649
SOURCE_NAME=EM1: TM Announcement (Active List)
DESTINATION_ID=222706600295
DESTINATION_NAME=Touchmath | EM1: TM Announcement (Active List)
ACTION=CREATED
STATUS=PARTIAL
DURATION_MS=6258
VALIDATION=FAIL
---
2026-09-24T11:12:53.576Z
SOURCE_ID=209101450929
SOURCE_NAME=EM1: TM Announcement (Customer List)
DESTINATION_ID=222706947750
DESTINATION_NAME=Touchmath | EM1: TM Announcement (Customer List)
ACTION=CREATED
STATUS=PARTIAL
DURATION_MS=5415
VALIDATION=FAIL
---
2026-09-24T11:12:58.766Z
SOURCE_ID=208327423496
SOURCE_NAME=EM4: Extend 2026
DESTINATION_ID=222706600298
DESTINATION_NAME=Touchmath | EM4: Extend 2026
ACTION=CREATED
STATUS=PARTIAL
DURATION_MS=5190
VALIDATION=FAIL
---
2026-09-24T11:13:04.410Z
SOURCE_ID=208716381809
SOURCE_NAME=Monday Must Know - 03.09.26
DESTINATION_ID=222706947753
DESTINATION_NAME=Touchmath | Monday Must Know - 03.09.26
ACTION=CREATED
STATUS=PARTIAL
DURATION_MS=5644
VALIDATION=FAIL
---
2026-09-24T11:13:19.789Z
SOURCE_ID=208583698770
SOURCE_NAME=EM3: Dyscalculia
DESTINATION_ID=222706947762
DESTINATION_NAME=Touchmath | EM3: Dyscalculia
ACTION=CREATED
STATUS=PARTIAL
DURATION_MS=15379
VALIDATION=FAIL
---
2026-09-24T11:13:23.128Z
SOURCE_ID=208580144196
SOURCE_NAME=EM1A: Dyscalculia (Webinar follow-up)
DESTINATION_ID=222706600303
DESTINATION_NAME=Touchmath | EM1A: Dyscalculia (Webinar follow-up)
ACTION=CREATED
STATUS=PARTIAL
DURATION_MS=3338
VALIDATION=FAIL
---
2026-09-24T11:13:27.694Z
SOURCE_ID=208326869908
SOURCE_NAME=EM3: Extend 2026
DESTINATION_ID=222706600308
DESTINATION_NAME=Touchmath | EM3: Extend 2026
ACTION=CREATED
STATUS=PARTIAL
DURATION_MS=4566
VALIDATION=FAIL
---
2026-09-24T11:13:33.260Z
SOURCE_ID=208184740464
SOURCE_NAME=Monday Must Know - 03.02.26
DESTINATION_ID=222706947765
DESTINATION_NAME=Touchmath | Monday Must Know - 03.02.26
ACTION=CREATED
STATUS=PARTIAL
DURATION_MS=5566
VALIDATION=FAIL
---
2026-09-24T11:13:38.744Z
SOURCE_ID=208327378330
SOURCE_NAME=EM2: Dyscalculia
DESTINATION_ID=222706947768
DESTINATION_NAME=Touchmath | EM2: Dyscalculia
ACTION=CREATED
STATUS=PARTIAL
DURATION_MS=5483
VALIDATION=FAIL
---
2026-09-24T11:13:43.978Z
SOURCE_ID=208327327009
SOURCE_NAME=EM1: Dyscalculia
DESTINATION_ID=222706600315
DESTINATION_NAME=Touchmath | EM1: Dyscalculia
ACTION=CREATED
STATUS=PARTIAL
DURATION_MS=5233
VALIDATION=FAIL
---
2026-09-24T11:13:53.508Z
SOURCE_ID=206649578625
SOURCE_NAME=EM2: Extend 2026
DESTINATION_ID=222706947843
DESTINATION_NAME=Touchmath | EM2: Extend 2026
ACTION=CREATED
STATUS=PARTIAL
DURATION_MS=9530
VALIDATION=FAIL
---
2026-09-24T11:14:03.833Z
SOURCE_ID=208049669966
SOURCE_NAME=Monday Must Know - 2.23.26
DESTINATION_ID=222706947846
DESTINATION_NAME=Touchmath | Monday Must Know - 2.23.26
ACTION=CREATED
STATUS=PARTIAL
DURATION_MS=10324
VALIDATION=FAIL
---
2026-09-24T11:14:08.196Z
SOURCE_ID=206402267805
SOURCE_NAME=EM1: Extend 2026
DESTINATION_ID=222706600318
DESTINATION_NAME=Touchmath | EM1: Extend 2026
ACTION=CREATED
STATUS=PARTIAL
DURATION_MS=4363
VALIDATION=FAIL
---
2026-09-24T11:14:13.900Z
SOURCE_ID=207540025873
SOURCE_NAME=Monday Must Know - 2.16.26
DESTINATION_ID=222706600321
DESTINATION_NAME=Touchmath | Monday Must Know - 2.16.26
ACTION=CREATED
STATUS=PARTIAL
DURATION_MS=5703
VALIDATION=FAIL
---
2026-09-24T11:14:18.992Z
SOURCE_ID=207043111012
SOURCE_NAME=Monday Must Know - 2.9.26
DESTINATION_ID=222706600324
DESTINATION_NAME=Touchmath | Monday Must Know - 2.9.26
ACTION=CREATED
STATUS=PARTIAL
DURATION_MS=5091
VALIDATION=FAIL
---
2026-09-24T11:14:24.665Z
SOURCE_ID=206408459082
SOURCE_NAME=Monday Must Know - 2.2.26
DESTINATION_ID=222706600329
DESTINATION_NAME=Touchmath | Monday Must Know - 2.2.26
ACTION=CREATED
STATUS=PARTIAL
DURATION_MS=5673
VALIDATION=FAIL
---
2026-09-24T11:14:34.509Z
SOURCE_ID=204391548525
SOURCE_NAME=Texas - TCASE 2026 - Email 3
DESTINATION_ID=222706947849
DESTINATION_NAME=Touchmath | Texas - TCASE 2026 - Email 3
ACTION=CREATED
STATUS=PARTIAL
DURATION_MS=9844
VALIDATION=FAIL
---
2026-09-24T11:14:39.439Z
SOURCE_ID=205683641146
SOURCE_NAME=Monday Must Know - 1.26.26
DESTINATION_ID=222706947852
DESTINATION_NAME=Touchmath | Monday Must Know - 1.26.26
ACTION=CREATED
STATUS=PARTIAL
DURATION_MS=4930
VALIDATION=FAIL
---
2026-09-24T11:14:44.539Z
SOURCE_ID=204391548453
SOURCE_NAME=Texas - TCASE 2026 - Email 2
DESTINATION_ID=222706947855
DESTINATION_NAME=Touchmath | Texas - TCASE 2026 - Email 2
ACTION=CREATED
STATUS=PARTIAL
DURATION_MS=5100
VALIDATION=FAIL
---
2026-09-24T11:14:49.619Z
SOURCE_ID=204391547153
SOURCE_NAME=Texas - TCASE 2026 - Email 1
DESTINATION_ID=222706947858
DESTINATION_NAME=Touchmath | Texas - TCASE 2026 - Email 1
ACTION=CREATED
STATUS=PARTIAL
DURATION_MS=5079
VALIDATION=FAIL
---
