2026-09-23T09:08:01.398Z
SOURCE_ID=221905573744
SOURCE_NAME=EM4: Indiana Tier-2 FY26
DESTINATION_ID=222579132290
DESTINATION_NAME=Touchmath | EM4: Indiana Tier-2 FY26
ACTION=UPDATED
STATUS=PARTIAL
DURATION_MS=6355
VALIDATION=PASS
---
2026-09-23T09:08:12.970Z
SOURCE_ID=221882351519
SOURCE_NAME=EM2: Tier-2 Math Survey
DESTINATION_ID=222579248503
DESTINATION_NAME=Touchmath | EM2: Tier-2 Math Survey
ACTION=CREATED
STATUS=PARTIAL
DURATION_MS=11570
VALIDATION=PASS
---
2026-09-23T09:08:18.584Z
SOURCE_ID=221725071696
SOURCE_NAME=EM2: Back to School 2026-2027
DESTINATION_ID=222579132304
DESTINATION_NAME=Touchmath | EM2: Back to School 2026-2027
ACTION=CREATED
STATUS=PARTIAL
DURATION_MS=5614
VALIDATION=FAIL
---
2026-09-23T09:08:27.328Z
SOURCE_ID=221617188101
SOURCE_NAME=EM3: Indiana Tier-2 FY26
DESTINATION_ID=222579248506
DESTINATION_NAME=Touchmath | EM3: Indiana Tier-2 FY26
ACTION=CREATED
STATUS=PARTIAL
DURATION_MS=8743
VALIDATION=PASS
---
2026-09-23T09:08:32.813Z
SOURCE_ID=221130963738
SOURCE_NAME=EM1: Tier-2 Math Survey
DESTINATION_ID=222579132307
DESTINATION_NAME=Touchmath | EM1: Tier-2 Math Survey
ACTION=CREATED
STATUS=PARTIAL
DURATION_MS=5483
VALIDATION=FAIL
---
2026-09-23T09:08:41.872Z
SOURCE_ID=221126949701
SOURCE_NAME=EM2: Indiana Tier-2 FY26
DESTINATION_ID=222579132310
DESTINATION_NAME=Touchmath | EM2: Indiana Tier-2 FY26
ACTION=CREATED
STATUS=PARTIAL
DURATION_MS=9059
VALIDATION=PASS
---
2026-09-23T09:08:50.440Z
SOURCE_ID=220765652141
SOURCE_NAME=EM1: Indiana Tier-2 FY26
DESTINATION_ID=222579132313
DESTINATION_NAME=Touchmath | EM1: Indiana Tier-2 FY26
ACTION=CREATED
STATUS=PARTIAL
DURATION_MS=8566
VALIDATION=PASS
---
2026-09-23T09:08:58.102Z
SOURCE_ID=220493676103
SOURCE_NAME=Automated | Indiana | FY26
DESTINATION_ID=222579132316
DESTINATION_NAME=Touchmath | Automated | Indiana | FY26
ACTION=CREATED
STATUS=PARTIAL
DURATION_MS=7662
VALIDATION=FAIL
---
2026-09-23T09:09:05.754Z
SOURCE_ID=219414911539
SOURCE_NAME=EM6: Georgia FY26 (TM Database)
DESTINATION_ID=222584929166
DESTINATION_NAME=Touchmath | EM6: Georgia FY26 (TM Database)
ACTION=CREATED
STATUS=PARTIAL
DURATION_MS=7650
VALIDATION=FAIL
---
2026-09-23T09:09:09.084Z
SOURCE_ID=219408522877
SOURCE_NAME=EM5: Georgia FY26 (TM Database)
DESTINATION_ID=222579248513
DESTINATION_NAME=Touchmath | EM5: Georgia FY26 (TM Database)
ACTION=CREATED
STATUS=PARTIAL
DURATION_MS=3329
VALIDATION=FAIL
---
2026-09-23T09:09:23.893Z
SOURCE_ID=219365425165
SOURCE_NAME=EM5: K-5 FY26 (TM Active List)
DESTINATION_ID=222579132331
DESTINATION_NAME=Touchmath | EM5: K-5 FY26 (TM Active List)
ACTION=CREATED
STATUS=PARTIAL
DURATION_MS=14809
VALIDATION=PASS
---
2026-09-23T09:09:31.421Z
SOURCE_ID=219402401574
SOURCE_NAME=EM4: Georgia FY26 (TM Database)
DESTINATION_ID=222579132334
DESTINATION_NAME=Touchmath | EM4: Georgia FY26 (TM Database)
ACTION=CREATED
STATUS=PARTIAL
DURATION_MS=7528
VALIDATION=FAIL
---
2026-09-23T09:09:34.462Z
SOURCE_ID=219414938523
SOURCE_NAME=EM3: Georgia FY26 (TM Database)
DESTINATION_ID=222584929179
DESTINATION_NAME=Touchmath | EM3: Georgia FY26 (TM Database)
ACTION=CREATED
STATUS=PARTIAL
DURATION_MS=3040
VALIDATION=FAIL
---
2026-09-23T09:09:41.779Z
SOURCE_ID=219408522835
SOURCE_NAME=EM2: Georgia FY26 (TM Database)
DESTINATION_ID=222579132337
DESTINATION_NAME=Touchmath | EM2: Georgia FY26 (TM Database)
ACTION=CREATED
STATUS=PARTIAL
DURATION_MS=7316
VALIDATION=FAIL
---
2026-09-23T09:09:49.114Z
SOURCE_ID=219414911508
SOURCE_NAME=EM1: Georgia FY26 (TM Database)
DESTINATION_ID=222584929182
DESTINATION_NAME=Touchmath | EM1: Georgia FY26 (TM Database)
ACTION=CREATED
STATUS=PARTIAL
DURATION_MS=7335
VALIDATION=FAIL
---
2026-09-23T09:09:53.214Z
SOURCE_ID=218786186847
SOURCE_NAME=EM1: Back to School 2026-2027
DESTINATION_ID=222579132340
DESTINATION_NAME=Touchmath | EM1: Back to School 2026-2027
ACTION=CREATED
STATUS=PARTIAL
DURATION_MS=4100
VALIDATION=FAIL
---
2026-09-23T09:09:57.165Z
SOURCE_ID=218869877169
SOURCE_NAME=EM4: K-5 FY26 (TM Active List)
DESTINATION_ID=222579132343
DESTINATION_NAME=Touchmath | EM4: K-5 FY26 (TM Active List)
ACTION=CREATED
STATUS=PARTIAL
DURATION_MS=3951
VALIDATION=PASS
---
2026-09-23T09:10:07.754Z
SOURCE_ID=218634662505
SOURCE_NAME=EM3: K-5 FY26 (TM Customer List)
DESTINATION_ID=222584929185
DESTINATION_NAME=Touchmath | EM3: K-5 FY26 (TM Customer List)
ACTION=CREATED
STATUS=PARTIAL
DURATION_MS=10588
VALIDATION=PASS
---
2026-09-23T09:10:21.781Z
SOURCE_ID=218623581773
SOURCE_NAME=EM3: K-5 FY26 (TM Active List)
DESTINATION_ID=222579248544
DESTINATION_NAME=Touchmath | EM3: K-5 FY26 (TM Active List)
ACTION=CREATED
STATUS=PARTIAL
DURATION_MS=14026
VALIDATION=PASS
---
2026-09-23T09:10:25.277Z
SOURCE_ID=218134817845
SOURCE_NAME=Automated | TM Georgia Tier 2 | FY26
DESTINATION_ID=222579132421
DESTINATION_NAME=Touchmath | Automated | TM Georgia Tier 2 | FY26
ACTION=CREATED
STATUS=PARTIAL
DURATION_MS=3496
VALIDATION=FAIL
---
2026-09-23T09:10:29.579Z
SOURCE_ID=218190612006
SOURCE_NAME=EM2: K-5 FY26 (TM Active List)
DESTINATION_ID=222579248551
DESTINATION_NAME=Touchmath | EM2: K-5 FY26 (TM Active List)
ACTION=CREATED
STATUS=PARTIAL
DURATION_MS=4302
VALIDATION=PASS
---
2026-09-23T09:10:34.027Z
SOURCE_ID=218200040986
SOURCE_NAME=EM2: K-5 FY26 (TM Customer List)
DESTINATION_ID=222579132424
DESTINATION_NAME=Touchmath | EM2: K-5 FY26 (TM Customer List)
ACTION=CREATED
STATUS=PARTIAL
DURATION_MS=4448
VALIDATION=PASS
---
2026-09-23T09:10:39.012Z
SOURCE_ID=217657242033
SOURCE_NAME=EM1: K-5 FY26 (TM Active List)
DESTINATION_ID=222579248554
DESTINATION_NAME=Touchmath | EM1: K-5 FY26 (TM Active List)
ACTION=CREATED
STATUS=PARTIAL
DURATION_MS=4983
VALIDATION=PASS
---
2026-09-23T09:10:43.190Z
SOURCE_ID=217729998122
SOURCE_NAME=EM1: K-5 FY26 (TM Customers)
DESTINATION_ID=222579248557
DESTINATION_NAME=Touchmath | EM1: K-5 FY26 (TM Customers)
ACTION=CREATED
STATUS=PARTIAL
DURATION_MS=4178
VALIDATION=FAIL
---
2026-09-23T09:11:02.144Z
SOURCE_ID=217898709027
SOURCE_NAME=Monday Must Know - 072726
DESTINATION_ID=222579132427
DESTINATION_NAME=Touchmath | Monday Must Know - 072726
ACTION=CREATED
STATUS=PARTIAL
DURATION_MS=18953
VALIDATION=FAIL
---
2026-09-23T09:11:05.396Z
SOURCE_ID=211673878109
SOURCE_NAME=Automated | TouchMath Program Sampler
DESTINATION_ID=222579248560
DESTINATION_NAME=Touchmath | Automated | TouchMath Program Sampler
ACTION=CREATED
STATUS=PARTIAL
DURATION_MS=3251
VALIDATION=FAIL
---
2026-09-23T09:11:13.560Z
SOURCE_ID=217760152350
SOURCE_NAME=EM2: TM Funding Guide FY26
DESTINATION_ID=222579248564
DESTINATION_NAME=Touchmath | EM2: TM Funding Guide FY26
ACTION=CREATED
STATUS=PARTIAL
DURATION_MS=8163
VALIDATION=PASS
---
2026-09-23T09:11:18.826Z
SOURCE_ID=217374680452
SOURCE_NAME=Monday Must Know - 072026
DESTINATION_ID=222584929188
DESTINATION_NAME=Touchmath | Monday Must Know - 072026
ACTION=CREATED
STATUS=PARTIAL
DURATION_MS=5265
VALIDATION=FAIL
---
2026-09-23T09:11:23.170Z
SOURCE_ID=216742855515
SOURCE_NAME=EM1: TM Funding Guide FY26
DESTINATION_ID=222584929191
DESTINATION_NAME=Touchmath | EM1: TM Funding Guide FY26
ACTION=CREATED
STATUS=PARTIAL
DURATION_MS=4342
VALIDATION=PASS
---
2026-09-23T09:11:37.506Z
SOURCE_ID=216747939428
SOURCE_NAME=EM2: Dyscalculia (Phase 2)
DESTINATION_ID=222579132433
DESTINATION_NAME=Touchmath | EM2: Dyscalculia (Phase 2)
ACTION=CREATED
STATUS=PARTIAL
DURATION_MS=14335
VALIDATION=FAIL
---
2026-09-23T09:11:43.599Z
SOURCE_ID=216900368780
SOURCE_NAME=Monday Must Know - 071326
DESTINATION_ID=222579248567
DESTINATION_NAME=Touchmath | Monday Must Know - 071326
ACTION=CREATED
STATUS=PARTIAL
DURATION_MS=6092
VALIDATION=FAIL
---
2026-09-23T09:12:03.242Z
SOURCE_ID=216090238131
SOURCE_NAME=EM1: Dyscalculia (Phase 2)
DESTINATION_ID=222582479654
DESTINATION_NAME=Touchmath | EM1: Dyscalculia (Phase 2)
ACTION=CREATED
STATUS=PARTIAL
DURATION_MS=19642
VALIDATION=FAIL
---
2026-09-23T09:12:08.339Z
SOURCE_ID=216372793464
SOURCE_NAME=Monday Must Know - 070626
DESTINATION_ID=222579248640
DESTINATION_NAME=Touchmath | Monday Must Know - 070626
ACTION=CREATED
STATUS=PARTIAL
DURATION_MS=5096
VALIDATION=FAIL
---
2026-09-23T09:12:13.908Z
SOURCE_ID=215828858500
SOURCE_NAME=Monday Must Know - 062926
DESTINATION_ID=222582479657
DESTINATION_NAME=Touchmath | Monday Must Know - 062926
ACTION=CREATED
STATUS=PARTIAL
DURATION_MS=5569
VALIDATION=FAIL
---
2026-09-23T09:12:23.668Z
SOURCE_ID=215357973155
SOURCE_NAME=Monday Must Know - 062226
DESTINATION_ID=222579132436
DESTINATION_NAME=Touchmath | Monday Must Know - 062226
ACTION=CREATED
STATUS=PARTIAL
DURATION_MS=9760
VALIDATION=FAIL
---
2026-09-23T09:12:34.229Z
SOURCE_ID=214890470785
SOURCE_NAME=Monday Must Know - 061526
DESTINATION_ID=222579132439
DESTINATION_NAME=Touchmath | Monday Must Know - 061526
ACTION=CREATED
STATUS=PARTIAL
DURATION_MS=10561
VALIDATION=FAIL
---
2026-09-23T09:12:43.456Z
SOURCE_ID=214351086470
SOURCE_NAME=Monday Must Know - 060826
DESTINATION_ID=222579248644
DESTINATION_NAME=Touchmath | Monday Must Know - 060826
ACTION=CREATED
STATUS=PARTIAL
DURATION_MS=9226
VALIDATION=FAIL
---
2026-09-23T09:12:48.983Z
SOURCE_ID=213411051865
SOURCE_NAME=Monday Must Know - 060126
DESTINATION_ID=222584929194
DESTINATION_NAME=Touchmath | Monday Must Know - 060126
ACTION=CREATED
STATUS=PARTIAL
DURATION_MS=5526
VALIDATION=FAIL
---
2026-09-23T09:12:56.894Z
SOURCE_ID=212911072142
SOURCE_NAME=EM1: TouchMath Grades 3-5 OD Webinar (Active Database)
DESTINATION_ID=222584929197
DESTINATION_NAME=Touchmath | EM1: TouchMath Grades 3-5 OD Webinar (Active Database)
ACTION=CREATED
STATUS=PARTIAL
DURATION_MS=7911
VALIDATION=FAIL
---
2026-09-23T09:13:02.942Z
SOURCE_ID=212911021204
SOURCE_NAME=EM1: TouchMath Grades 3-5 OD Webinar (Non Live Attendees)
DESTINATION_ID=222579248647
DESTINATION_NAME=Touchmath | EM1: TouchMath Grades 3-5 OD Webinar (Non Live Attendees)
ACTION=CREATED
STATUS=PARTIAL
DURATION_MS=6048
VALIDATION=PASS
---
2026-09-23T09:13:08.298Z
SOURCE_ID=212906503297
SOURCE_NAME=EM1: TouchMath Grades 3-5 OD Webinar (Live Attendees)
DESTINATION_ID=222582479661
DESTINATION_NAME=Touchmath | EM1: TouchMath Grades 3-5 OD Webinar (Live Attendees)
ACTION=CREATED
STATUS=PARTIAL
DURATION_MS=5356
VALIDATION=PASS
---
2026-09-23T09:13:13.288Z
SOURCE_ID=212952799129
SOURCE_NAME=Monday Must Know - 051826
DESTINATION_ID=222579248650
DESTINATION_NAME=Touchmath | Monday Must Know - 051826
ACTION=CREATED
STATUS=PARTIAL
DURATION_MS=4989
VALIDATION=FAIL
---
2026-09-23T09:13:19.264Z
SOURCE_ID=212401409335
SOURCE_NAME=EM3: CASE Webinar
DESTINATION_ID=222579132442
DESTINATION_NAME=Touchmath | EM3: CASE Webinar
ACTION=CREATED
STATUS=PARTIAL
DURATION_MS=5975
VALIDATION=FAIL
---
2026-09-23T09:13:30.227Z
SOURCE_ID=210461739698
SOURCE_NAME=EM6: TouchMath Grades 3-5 Sample Page (Customer List)
DESTINATION_ID=222579248653
DESTINATION_NAME=Touchmath | EM6: TouchMath Grades 3-5 Sample Page (Customer List)
ACTION=CREATED
STATUS=PARTIAL
DURATION_MS=10963
VALIDATION=FAIL
---
2026-09-23T09:13:35.557Z
SOURCE_ID=211880971943
SOURCE_NAME=EM6: TouchMath Grades 3-5 Sample Page (Active Database)
DESTINATION_ID=222579248656
DESTINATION_NAME=Touchmath | EM6: TouchMath Grades 3-5 Sample Page (Active Database)
ACTION=CREATED
STATUS=PARTIAL
DURATION_MS=5330
VALIDATION=FAIL
---
2026-09-23T09:13:41.487Z
SOURCE_ID=212243860507
SOURCE_NAME=EM2: CASE Webinar
DESTINATION_ID=222584929203
DESTINATION_NAME=Touchmath | EM2: CASE Webinar
ACTION=CREATED
STATUS=PARTIAL
DURATION_MS=5928
VALIDATION=FAIL
---
2026-09-23T09:13:53.640Z
SOURCE_ID=212526392080
SOURCE_NAME=Monday Must Know - 051126
DESTINATION_ID=222582479667
DESTINATION_NAME=Touchmath | Monday Must Know - 051126
ACTION=CREATED
STATUS=PARTIAL
DURATION_MS=12152
VALIDATION=FAIL
---
2026-09-23T09:13:59.764Z
SOURCE_ID=211590830682
SOURCE_NAME=EM5: TouchMath Grades 3-5 Webinar (Active Database) - LAST CHANCE
DESTINATION_ID=222579248659
DESTINATION_NAME=Touchmath | EM5: TouchMath Grades 3-5 Webinar (Active Database) - LAST CHANCE
ACTION=CREATED
STATUS=PARTIAL
DURATION_MS=6124
VALIDATION=FAIL
---
2026-09-23T09:14:04.624Z
SOURCE_ID=210461853194
SOURCE_NAME=EM5: TouchMath Grades 3-5 Webinar (Customer List) - LAST CHANCE
DESTINATION_ID=222579248662
DESTINATION_NAME=Touchmath | EM5: TouchMath Grades 3-5 Webinar (Customer List) - LAST CHANCE
ACTION=CREATED
STATUS=PARTIAL
DURATION_MS=4860
VALIDATION=FAIL
---
2026-09-23T09:14:11.313Z
SOURCE_ID=211590870554
SOURCE_NAME=EM1: CASE Webinar
DESTINATION_ID=222582479670
DESTINATION_NAME=Touchmath | EM1: CASE Webinar
ACTION=CREATED
STATUS=PARTIAL
DURATION_MS=6689
VALIDATION=FAIL
---
2026-09-23T09:14:16.104Z
SOURCE_ID=212080759053
SOURCE_NAME=Monday Must Know - 050426
DESTINATION_ID=222584929206
DESTINATION_NAME=Touchmath | Monday Must Know - 050426
ACTION=CREATED
STATUS=PARTIAL
DURATION_MS=4791
VALIDATION=FAIL
---
2026-09-23T09:14:21.568Z
SOURCE_ID=211646930762
SOURCE_NAME=Monday Must Know - 042726
DESTINATION_ID=222579248665
DESTINATION_NAME=Touchmath | Monday Must Know - 042726
ACTION=CREATED
STATUS=PARTIAL
DURATION_MS=5464
VALIDATION=FAIL
---
2026-09-23T09:14:26.479Z
SOURCE_ID=210461739055
SOURCE_NAME=EM4: TouchMath Grades 3-5 Sample Page (Customer List)
DESTINATION_ID=222582479676
DESTINATION_NAME=Touchmath | EM4: TouchMath Grades 3-5 Sample Page (Customer List)
ACTION=CREATED
STATUS=PARTIAL
DURATION_MS=4910
VALIDATION=FAIL
---
2026-09-23T09:14:32.351Z
SOURCE_ID=211194161450
SOURCE_NAME=EM4: TouchMath Grades 3-5 Sample Page (Active Database)
DESTINATION_ID=222579248668
DESTINATION_NAME=Touchmath | EM4: TouchMath Grades 3-5 Sample Page (Active Database)
ACTION=CREATED
STATUS=PARTIAL
DURATION_MS=5872
VALIDATION=FAIL
---
2026-09-23T09:14:45.103Z
SOURCE_ID=211382616161
SOURCE_NAME=Newsletter - April 2026 - External
DESTINATION_ID=222584929209
DESTINATION_NAME=Touchmath | Newsletter - April 2026 - External
ACTION=CREATED
STATUS=PARTIAL
DURATION_MS=12751
VALIDATION=FAIL
---
2026-09-23T09:14:51.062Z
SOURCE_ID=211185004629
SOURCE_NAME=EM3: TouchMath Grades 3-5 Webinar (Active Database)
DESTINATION_ID=222582479690
DESTINATION_NAME=Touchmath | EM3: TouchMath Grades 3-5 Webinar (Active Database)
ACTION=CREATED
STATUS=PARTIAL
DURATION_MS=5959
VALIDATION=FAIL
---
2026-09-23T09:14:56.063Z
SOURCE_ID=210461739664
SOURCE_NAME=EM3: TouchMath Grades 3-5 Webinar (Customer List)
DESTINATION_ID=222582479699
DESTINATION_NAME=Touchmath | EM3: TouchMath Grades 3-5 Webinar (Customer List)
ACTION=CREATED
STATUS=PARTIAL
DURATION_MS=5001
VALIDATION=FAIL
---
2026-09-23T09:15:01.094Z
SOURCE_ID=211060039810
SOURCE_NAME=Newsletter - April 2026 - Internal
DESTINATION_ID=222584929306
DESTINATION_NAME=Touchmath | Newsletter - April 2026 - Internal
ACTION=CREATED
STATUS=PARTIAL
DURATION_MS=5031
VALIDATION=FAIL
---
2026-09-23T09:15:06.205Z
SOURCE_ID=211247802437
SOURCE_NAME=Monday Must Know - 042026
DESTINATION_ID=222584929316
DESTINATION_NAME=Touchmath | Monday Must Know - 042026
ACTION=CREATED
STATUS=PARTIAL
DURATION_MS=5110
VALIDATION=FAIL
---
2026-09-23T09:15:08.910Z
SOURCE_ID=211120338101
SOURCE_NAME=Automated | TouchMath Grades 3-5 Sample Page
DESTINATION_ID=222582479702
DESTINATION_NAME=Touchmath | Automated | TouchMath Grades 3-5 Sample Page
ACTION=CREATED
STATUS=PARTIAL
DURATION_MS=2705
VALIDATION=FAIL
---
2026-09-23T09:15:13.083Z
SOURCE_ID=211120460435
SOURCE_NAME=EM1: Urban Collaborative Invite 2026
DESTINATION_ID=222584969351
DESTINATION_NAME=Touchmath | EM1: Urban Collaborative Invite 2026
ACTION=CREATED
STATUS=PARTIAL
DURATION_MS=4173
VALIDATION=FAIL
---
2026-09-23T09:15:18.835Z
SOURCE_ID=210998963841
SOURCE_NAME=EM2: TouchMath Grades 3-5 Sample Page (Customer List)
DESTINATION_ID=222584929325
DESTINATION_NAME=Touchmath | EM2: TouchMath Grades 3-5 Sample Page (Customer List)
ACTION=CREATED
STATUS=PARTIAL
DURATION_MS=5752
VALIDATION=FAIL
---
2026-09-23T09:15:23.528Z
SOURCE_ID=210998679476
SOURCE_NAME=EM2: TouchMath Grades 3-5 Sample Page (Active Database)
DESTINATION_ID=222582479708
DESTINATION_NAME=Touchmath | EM2: TouchMath Grades 3-5 Sample Page (Active Database)
ACTION=CREATED
STATUS=PARTIAL
DURATION_MS=4693
VALIDATION=FAIL
---
2026-09-23T09:15:32.198Z
SOURCE_ID=210280446367
SOURCE_NAME=EM1: TouchMath Grades 3-5 Webinar (Active Database)
DESTINATION_ID=222584974774
DESTINATION_NAME=Touchmath | EM1: TouchMath Grades 3-5 Webinar (Active Database)
ACTION=CREATED
STATUS=PARTIAL
DURATION_MS=8668
VALIDATION=FAIL
---
2026-09-23T09:15:36.603Z
SOURCE_ID=210276406415
SOURCE_NAME=EM1: TouchMath Grades 3-5 Webinar (Customer List)
DESTINATION_ID=222584945193
DESTINATION_NAME=Touchmath | EM1: TouchMath Grades 3-5 Webinar (Customer List)
ACTION=CREATED
STATUS=PARTIAL
DURATION_MS=4405
VALIDATION=FAIL
---
2026-09-23T09:15:42.290Z
SOURCE_ID=210836704355
SOURCE_NAME=Monday Must Know - 041326
DESTINATION_ID=222584929328
DESTINATION_NAME=Touchmath | Monday Must Know - 041326
ACTION=CREATED
STATUS=PARTIAL
DURATION_MS=5687
VALIDATION=FAIL
---
2026-09-23T09:15:48.934Z
SOURCE_ID=210397618574
SOURCE_NAME=Monday Must Know - 04.06.26
DESTINATION_ID=222584969354
DESTINATION_NAME=Touchmath | Monday Must Know - 04.06.26
ACTION=CREATED
STATUS=PARTIAL
DURATION_MS=6643
VALIDATION=FAIL
---
2026-09-23T09:15:54.467Z
SOURCE_ID=210468109718
SOURCE_NAME=TouchMath Announcement 4.3.26
DESTINATION_ID=222582479711
DESTINATION_NAME=Touchmath | TouchMath Announcement 4.3.26
ACTION=CREATED
STATUS=PARTIAL
DURATION_MS=5532
VALIDATION=FAIL
---
2026-09-23T09:16:00.592Z
SOURCE_ID=210067901803
SOURCE_NAME=Monday Must Know - 03.30.26
DESTINATION_ID=222584974777
DESTINATION_NAME=Touchmath | Monday Must Know - 03.30.26
ACTION=CREATED
STATUS=PARTIAL
DURATION_MS=6125
VALIDATION=FAIL
---
2026-09-23T09:16:12.036Z
SOURCE_ID=208327000096
SOURCE_NAME=EM6: Extend 2026
DESTINATION_ID=222584945196
DESTINATION_NAME=Touchmath | EM6: Extend 2026
ACTION=CREATED
STATUS=PARTIAL
DURATION_MS=11443
VALIDATION=FAIL
---
2026-09-23T09:16:22.493Z
SOURCE_ID=209662922872
SOURCE_NAME=EM5: Dyscalculia
DESTINATION_ID=222584974850
DESTINATION_NAME=Touchmath | EM5: Dyscalculia
ACTION=CREATED
STATUS=PARTIAL
DURATION_MS=10457
VALIDATION=FAIL
---
2026-09-23T09:16:28.094Z
SOURCE_ID=209663069754
SOURCE_NAME=Monday Must Know - 03.23.26
DESTINATION_ID=222584974853
DESTINATION_NAME=Touchmath | Monday Must Know - 03.23.26
ACTION=CREATED
STATUS=PARTIAL
DURATION_MS=5600
VALIDATION=FAIL
---
2026-09-23T09:16:32.445Z
SOURCE_ID=209526574617
SOURCE_NAME=EM5: Extend 2026 (test)
DESTINATION_ID=222584945199
DESTINATION_NAME=Touchmath | EM5: Extend 2026 (test)
ACTION=CREATED
STATUS=PARTIAL
DURATION_MS=4351
VALIDATION=FAIL
---
2026-09-23T09:16:37.880Z
SOURCE_ID=208327443545
SOURCE_NAME=EM5: Extend 2026
DESTINATION_ID=222584929334
DESTINATION_NAME=Touchmath | EM5: Extend 2026
ACTION=CREATED
STATUS=PARTIAL
DURATION_MS=5434
VALIDATION=FAIL
---
2026-09-23T09:16:46.071Z
SOURCE_ID=209462809477
SOURCE_NAME=EM2: TM Announcement (Active List)
DESTINATION_ID=222584974856
DESTINATION_NAME=Touchmath | EM2: TM Announcement (Active List)
ACTION=CREATED
STATUS=PARTIAL
DURATION_MS=8190
VALIDATION=PASS
---
2026-09-23T09:16:50.713Z
SOURCE_ID=209480810063
SOURCE_NAME=EM2: TM Announcement (Customers)
DESTINATION_ID=222584974859
DESTINATION_NAME=Touchmath | EM2: TM Announcement (Customers)
ACTION=CREATED
STATUS=PARTIAL
DURATION_MS=4642
VALIDATION=PASS
---
2026-09-23T09:16:56.302Z
SOURCE_ID=209190634549
SOURCE_NAME=Monday Must Know - 03.16.26
DESTINATION_ID=222584974862
DESTINATION_NAME=Touchmath | Monday Must Know - 03.16.26
ACTION=CREATED
STATUS=PARTIAL
DURATION_MS=5589
VALIDATION=FAIL
---
2026-09-23T09:17:07.533Z
SOURCE_ID=208841625979
SOURCE_NAME=EM4: Dyscalculia
DESTINATION_ID=222584945202
DESTINATION_NAME=Touchmath | EM4: Dyscalculia
ACTION=CREATED
STATUS=PARTIAL
DURATION_MS=11231
VALIDATION=FAIL
---
2026-09-23T09:17:14.314Z
SOURCE_ID=208716781649
SOURCE_NAME=EM1: TM Announcement (Active List)
DESTINATION_ID=222584974865
DESTINATION_NAME=Touchmath | EM1: TM Announcement (Active List)
ACTION=CREATED
STATUS=PARTIAL
DURATION_MS=6780
VALIDATION=FAIL
---
2026-09-23T09:17:19.732Z
SOURCE_ID=209101450929
SOURCE_NAME=EM1: TM Announcement (Customer List)
DESTINATION_ID=222584974868
DESTINATION_NAME=Touchmath | EM1: TM Announcement (Customer List)
ACTION=CREATED
STATUS=PARTIAL
DURATION_MS=5418
VALIDATION=FAIL
---
2026-09-23T09:17:25.061Z
SOURCE_ID=208327423496
SOURCE_NAME=EM4: Extend 2026
DESTINATION_ID=222584974871
DESTINATION_NAME=Touchmath | EM4: Extend 2026
ACTION=CREATED
STATUS=PARTIAL
DURATION_MS=5328
VALIDATION=FAIL
---
2026-09-23T09:17:30.642Z
SOURCE_ID=208716381809
SOURCE_NAME=Monday Must Know - 03.09.26
DESTINATION_ID=222584974874
DESTINATION_NAME=Touchmath | Monday Must Know - 03.09.26
ACTION=CREATED
STATUS=PARTIAL
DURATION_MS=5581
VALIDATION=FAIL
---
2026-09-23T09:17:47.016Z
SOURCE_ID=208583698770
SOURCE_NAME=EM3: Dyscalculia
DESTINATION_ID=222584929340
DESTINATION_NAME=Touchmath | EM3: Dyscalculia
ACTION=CREATED
STATUS=PARTIAL
DURATION_MS=16373
VALIDATION=FAIL
---
2026-09-23T09:17:51.080Z
SOURCE_ID=208580144196
SOURCE_NAME=EM1A: Dyscalculia (Webinar follow-up)
DESTINATION_ID=222584974877
DESTINATION_NAME=Touchmath | EM1A: Dyscalculia (Webinar follow-up)
ACTION=CREATED
STATUS=PARTIAL
DURATION_MS=4064
VALIDATION=FAIL
---
2026-09-23T09:17:55.883Z
SOURCE_ID=208326869908
SOURCE_NAME=EM3: Extend 2026
DESTINATION_ID=222584945205
DESTINATION_NAME=Touchmath | EM3: Extend 2026
ACTION=CREATED
STATUS=PARTIAL
DURATION_MS=4803
VALIDATION=FAIL
---
2026-09-23T09:18:00.931Z
SOURCE_ID=208184740464
SOURCE_NAME=Monday Must Know - 03.02.26
DESTINATION_ID=222584929343
DESTINATION_NAME=Touchmath | Monday Must Know - 03.02.26
ACTION=CREATED
STATUS=PARTIAL
DURATION_MS=5047
VALIDATION=FAIL
---
2026-09-23T09:18:06.059Z
SOURCE_ID=208327378330
SOURCE_NAME=EM2: Dyscalculia
DESTINATION_ID=222584929346
DESTINATION_NAME=Touchmath | EM2: Dyscalculia
ACTION=CREATED
STATUS=PARTIAL
DURATION_MS=5127
VALIDATION=FAIL
---
2026-09-23T09:18:10.789Z
SOURCE_ID=208327327009
SOURCE_NAME=EM1: Dyscalculia
DESTINATION_ID=222584974880
DESTINATION_NAME=Touchmath | EM1: Dyscalculia
ACTION=CREATED
STATUS=PARTIAL
DURATION_MS=4730
VALIDATION=FAIL
---
2026-09-23T09:18:18.364Z
SOURCE_ID=206649578625
SOURCE_NAME=EM2: Extend 2026
DESTINATION_ID=222584929349
DESTINATION_NAME=Touchmath | EM2: Extend 2026
ACTION=CREATED
STATUS=PARTIAL
DURATION_MS=7574
VALIDATION=FAIL
---
2026-09-23T09:18:27.071Z
SOURCE_ID=208049669966
SOURCE_NAME=Monday Must Know - 2.23.26
DESTINATION_ID=222584945208
DESTINATION_NAME=Touchmath | Monday Must Know - 2.23.26
ACTION=CREATED
STATUS=PARTIAL
DURATION_MS=8706
VALIDATION=FAIL
---
2026-09-23T09:18:31.021Z
SOURCE_ID=206402267805
SOURCE_NAME=EM1: Extend 2026
DESTINATION_ID=222584929352
DESTINATION_NAME=Touchmath | EM1: Extend 2026
ACTION=CREATED
STATUS=PARTIAL
DURATION_MS=3950
VALIDATION=FAIL
---
2026-09-23T09:18:35.902Z
SOURCE_ID=207540025873
SOURCE_NAME=Monday Must Know - 2.16.26
DESTINATION_ID=222584929355
DESTINATION_NAME=Touchmath | Monday Must Know - 2.16.26
ACTION=CREATED
STATUS=PARTIAL
DURATION_MS=4880
VALIDATION=FAIL
---
2026-09-23T09:18:41.699Z
SOURCE_ID=207043111012
SOURCE_NAME=Monday Must Know - 2.9.26
DESTINATION_ID=222584974883
DESTINATION_NAME=Touchmath | Monday Must Know - 2.9.26
ACTION=CREATED
STATUS=PARTIAL
DURATION_MS=5796
VALIDATION=FAIL
---
2026-09-23T09:18:46.640Z
SOURCE_ID=206408459082
SOURCE_NAME=Monday Must Know - 2.2.26
DESTINATION_ID=222584974886
DESTINATION_NAME=Touchmath | Monday Must Know - 2.2.26
ACTION=CREATED
STATUS=PARTIAL
DURATION_MS=4941
VALIDATION=FAIL
---
2026-09-23T09:18:55.467Z
SOURCE_ID=204391548525
SOURCE_NAME=Texas - TCASE 2026 - Email 3
DESTINATION_ID=222584969357
DESTINATION_NAME=Touchmath | Texas - TCASE 2026 - Email 3
ACTION=CREATED
STATUS=PARTIAL
DURATION_MS=8827
VALIDATION=PASS
---
2026-09-23T09:18:59.559Z
SOURCE_ID=205683641146
SOURCE_NAME=Monday Must Know - 1.26.26
DESTINATION_ID=222584969360
DESTINATION_NAME=Touchmath | Monday Must Know - 1.26.26
ACTION=CREATED
STATUS=PARTIAL
DURATION_MS=4091
VALIDATION=FAIL
---
2026-09-23T09:19:05.016Z
SOURCE_ID=204391548453
SOURCE_NAME=Texas - TCASE 2026 - Email 2
DESTINATION_ID=222584945211
DESTINATION_NAME=Touchmath | Texas - TCASE 2026 - Email 2
ACTION=CREATED
STATUS=PARTIAL
DURATION_MS=5457
VALIDATION=PASS
---
2026-09-23T09:19:10.002Z
SOURCE_ID=204391547153
SOURCE_NAME=Texas - TCASE 2026 - Email 1
DESTINATION_ID=222584945214
DESTINATION_NAME=Touchmath | Texas - TCASE 2026 - Email 1
ACTION=CREATED
STATUS=PARTIAL
DURATION_MS=4985
VALIDATION=PASS
---
