[2026-09-24 15:29:15] [INFO] Starting Active List migration
[2026-09-24 15:29:15] [INFO] Configuration
  DRY_RUN: true
  ALLOW_LOSSY: false
  Prefix: Touchmath | 
  Requested lists: 22
  Max retries: 5
  Log file: /home/sudhakarpanday_1536/Desktop/Migration/Practus/Practus-Migration/logs/active-list-migration-2026-09-24T09-59-15-445Z.log
[2026-09-24 15:29:16] [INFO] Enumerated source lists
  count: 210
[2026-09-24 15:29:29] [INFO] Enumerated destination lists
  count: 2688
[2026-09-24 15:29:30] [INFO] Loaded destination properties for pre-flight checks
  count: 535
[2026-09-24 15:29:31] [INFO] Destination portal
  portalId: 414445
  timeZone: America/New_York
[2026-09-24 15:29:58] [INFO] Form references pre-flight
  referenced: 3
  resolvableInDestination: 0
  unresolved: c8606d0b-bd7e-44e3-9a0c-6d3a4e718820, e53986d0-6a4e-485b-83f4-9ff40bbe28c8, 2764f15b-f4a0-47b8-a7fe-c6a50641f41b
[2026-09-24 15:29:58] [INFO] Fetching list configuration...
  Name: TouchMath Customer List 09.08.26
  ID: 872
[2026-09-24 15:29:59] [SUCCESS] Source list configuration retrieved
  ID: 872
  Type: MANUAL
[2026-09-24 15:29:59] [INFO] Fetching list configuration...
  Name: CON_KY_2026.07_KASA_CY26-Attendees
  ID: 828
[2026-09-24 15:30:00] [SUCCESS] Source list configuration retrieved
  ID: 828
  Type: MANUAL
[2026-09-24 15:30:00] [INFO] Fetching list configuration...
  Name: CON_TX_2026.06_TEPSA_CY26 - Attendees - TouchMath
  ID: 779
[2026-09-24 15:30:01] [SUCCESS] Source list configuration retrieved
  ID: 779
  Type: MANUAL
[2026-09-24 15:30:01] [INFO] Fetching list configuration...
  Name: In US with State Information
  ID: 532
[2026-09-24 15:30:02] [SUCCESS] Source list configuration retrieved
  ID: 532
  Type: DYNAMIC
[2026-09-24 15:30:02] [INFO] Fetching list configuration...
  Name: FOC Webinar Registrants 5.19.26
  ID: 751
[2026-09-24 15:30:03] [SUCCESS] Source list configuration retrieved
  ID: 751
  Type: DYNAMIC
[2026-09-24 15:30:03] [INFO] Fetching list configuration...
  Name: Webinar | ToutchMath 3-5 | 95PG Database Registrants - Handraiser *NET NEW Contact/Lead
  ID: 685
[2026-09-24 15:30:04] [SUCCESS] Source list configuration retrieved
  ID: 685
  Type: DYNAMIC
[2026-09-24 15:30:04] [INFO] Fetching list configuration...
  Name: Webinar | ToutchMath 3-5 | 95PG Database Registrants - Handraiser
  ID: 684
[2026-09-24 15:30:05] [SUCCESS] Source list configuration retrieved
  ID: 684
  Type: DYNAMIC
[2026-09-24 15:30:05] [INFO] Fetching list configuration...
  Name: Webinar | TouchMath 3-5 | 5.7.26 - Handraisers
  ID: 672
[2026-09-24 15:30:06] [SUCCESS] Source list configuration retrieved
  ID: 672
  Type: DYNAMIC
[2026-09-24 15:30:06] [INFO] Fetching list configuration...
  Name: Webinar | ToutchMath 3-5 | 95PG Database Registrants - Attended Live *NET NEW Contact/Lead
  ID: 683
[2026-09-24 15:30:07] [SUCCESS] Source list configuration retrieved
  ID: 683
  Type: DYNAMIC
[2026-09-24 15:30:07] [INFO] Fetching list configuration...
  Name: Webinar | ToutchMath 3-5 | 95PG Database Registrants - Attended Live
  ID: 682
[2026-09-24 15:30:08] [SUCCESS] Source list configuration retrieved
  ID: 682
  Type: DYNAMIC
[2026-09-24 15:30:08] [INFO] Fetching list configuration...
  Name: Webinar | TouchMath 3-5 | 95PG Database Registrants
  ID: 681
[2026-09-24 15:30:09] [SUCCESS] Source list configuration retrieved
  ID: 681
  Type: MANUAL
[2026-09-24 15:30:09] [INFO] Fetching list configuration...
  Name: Webinar | TouchMath 3-5 | 95PG Database Email Registrants - Net New Leads
  ID: 678
[2026-09-24 15:30:10] [SUCCESS] Source list configuration retrieved
  ID: 678
  Type: DYNAMIC
[2026-09-24 15:30:10] [INFO] Fetching list configuration...
  Name: Webinar | TouchMath 3-5 | 5.7.26 - Live Attendees
  ID: 666
[2026-09-24 15:30:11] [SUCCESS] Source list configuration retrieved
  ID: 666
  Type: DYNAMIC
[2026-09-24 15:30:11] [INFO] Fetching list configuration...
  Name: Submissions | Grades 3-5 Sample
  ID: 654
[2026-09-24 15:30:12] [SUCCESS] Source list configuration retrieved
  ID: 654
  Type: DYNAMIC
[2026-09-24 15:30:12] [INFO] Fetching list configuration...
  Name: CON_OR_2026.04_ORRTII_CY26 - Attendee
  ID: 648
[2026-09-24 15:30:12] [SUCCESS] Source list configuration retrieved
  ID: 648
  Type: MANUAL
[2026-09-24 15:30:12] [INFO] Fetching list configuration...
  Name: # Downloads | Dyscalculia Toolkit
  ID: 646
[2026-09-24 15:30:13] [SUCCESS] Source list configuration retrieved
  ID: 646
  Type: DYNAMIC
[2026-09-24 15:30:13] [INFO] Fetching list configuration...
  Name: (Sales Version) Webinar | TouchMath 3-5 | 5.7.26 - Registrants
  ID: 624
[2026-09-24 15:30:14] [SUCCESS] Source list configuration retrieved
  ID: 624
  Type: DYNAMIC
[2026-09-24 15:30:14] [INFO] Fetching list configuration...
  Name: Webinar | TouchMath 3-5 | 5.7.26 - Registrants
  ID: 623
[2026-09-24 15:30:15] [SUCCESS] Source list configuration retrieved
  ID: 623
  Type: DYNAMIC
[2026-09-24 15:30:15] [INFO] Fetching list configuration...
  Name: Submissions | Dyscalculia Toolkit
  ID: 566
[2026-09-24 15:30:15] [SUCCESS] Source list configuration retrieved
  ID: 566
  Type: DYNAMIC
[2026-09-24 15:30:15] [INFO] Fetching list configuration...
  Name: EdWeek Registrants 3.3.26 - Bridging the Math Gap
  ID: 559
[2026-09-24 15:30:16] [SUCCESS] Source list configuration retrieved
  ID: 559
  Type: MANUAL
[2026-09-24 15:30:16] [INFO] Fetching list configuration...
  Name: TouchMath Customer List 2.24.26
  ID: 557
[2026-09-24 15:30:17] [SUCCESS] Source list configuration retrieved
  ID: 557
  Type: MANUAL
[2026-09-24 15:30:17] [INFO] Fetching list configuration...
  Name: Active List (Contacts who have opened emails or submitted forms)
  ID: 531
[2026-09-24 15:30:17] [SUCCESS] Source list configuration retrieved
  ID: 531
  Type: DYNAMIC
[2026-09-24 15:30:17] [INFO] Migration order resolved (IN_LIST dependencies first)
  order: 872 -> 828 -> 779 -> 532 -> 751 -> 678 -> 672 -> 685 -> 681 -> 684 -> 666 -> 683 -> 682 -> 654 -> 648 -> 646 -> 624 -> 623 -> 566 -> 559 -> 557 -> 531
[2026-09-24 15:30:17] [INFO] --------------------------------------------------
[2026-09-24 15:30:17] [INFO] Source list found
  Name: TouchMath Customer List 09.08.26
  ID: 872
  Type: MANUAL
  ObjectType: 0-1
  Size: 1331
[2026-09-24 15:30:17] [WARNING] Source list contains configuration that is not supported by the destination API.
  List: TouchMath Customer List 09.08.26
  Field: membership (processingType=MANUAL)
  Reason: A MANUAL (static) list stores an explicit set of records rather than filters. Record ids are not portable between portals, so the destination list is created EMPTY and its members must be added separately.
[2026-09-24 15:30:17] [INFO] Checking destination list...
  Name: Touchmath | TouchMath Customer List 09.08.26
[2026-09-24 15:30:17] [INFO] Destination list does not exist
[2026-09-24 15:30:17] [INFO] [DRY-RUN] Would create:
Touchmath | TouchMath Customer List 09.08.26
[2026-09-24 15:30:17] [INFO] --------------------------------------------------
[2026-09-24 15:30:17] [INFO] Source list found
  Name: CON_KY_2026.07_KASA_CY26-Attendees
  ID: 828
  Type: MANUAL
  ObjectType: 0-1
  Size: 60
[2026-09-24 15:30:17] [WARNING] Source list contains configuration that is not supported by the destination API.
  List: CON_KY_2026.07_KASA_CY26-Attendees
  Field: membership (processingType=MANUAL)
  Reason: A MANUAL (static) list stores an explicit set of records rather than filters. Record ids are not portable between portals, so the destination list is created EMPTY and its members must be added separately.
[2026-09-24 15:30:17] [INFO] Checking destination list...
  Name: Touchmath | CON_KY_2026.07_KASA_CY26-Attendees
[2026-09-24 15:30:17] [INFO] Destination list does not exist
[2026-09-24 15:30:17] [INFO] [DRY-RUN] Would create:
Touchmath | CON_KY_2026.07_KASA_CY26-Attendees
[2026-09-24 15:30:17] [INFO] --------------------------------------------------
[2026-09-24 15:30:17] [INFO] Source list found
  Name: CON_TX_2026.06_TEPSA_CY26 - Attendees - TouchMath
  ID: 779
  Type: MANUAL
  ObjectType: 0-1
  Size: 24
[2026-09-24 15:30:17] [WARNING] Source list contains configuration that is not supported by the destination API.
  List: CON_TX_2026.06_TEPSA_CY26 - Attendees - TouchMath
  Field: membership (processingType=MANUAL)
  Reason: A MANUAL (static) list stores an explicit set of records rather than filters. Record ids are not portable between portals, so the destination list is created EMPTY and its members must be added separately.
[2026-09-24 15:30:17] [INFO] Checking destination list...
  Name: Touchmath | CON_TX_2026.06_TEPSA_CY26 - Attendees - TouchMath
[2026-09-24 15:30:17] [INFO] Destination list does not exist
[2026-09-24 15:30:17] [INFO] [DRY-RUN] Would create:
Touchmath | CON_TX_2026.06_TEPSA_CY26 - Attendees - TouchMath
[2026-09-24 15:30:17] [INFO] --------------------------------------------------
[2026-09-24 15:30:17] [INFO] Source list found
  Name: In US with State Information
  ID: 532
  Type: ACTIVE (DYNAMIC)
  ObjectType: 0-1
  Size: 504364
[2026-09-24 15:30:17] [DEBUG] Filter configuration being migrated (values redacted)
  filters: 
[OR/OR] 0 filter(s), 1 sub-branch(es)
  [AND/AND] 1 filter(s), 0 sub-branch(es)
    - PROPERTY state IS_KNOWN [ALL_PROPERTY]
[2026-09-24 15:30:17] [INFO] Checking destination list...
  Name: Touchmath | In US with State Information
[2026-09-24 15:30:17] [INFO] Destination list does not exist
[2026-09-24 15:30:17] [INFO] [DRY-RUN] Would create:
Touchmath | In US with State Information
[2026-09-24 15:30:17] [INFO] --------------------------------------------------
[2026-09-24 15:30:17] [INFO] Source list found
  Name: FOC Webinar Registrants 5.19.26
  ID: 751
  Type: ACTIVE (DYNAMIC)
  ObjectType: 0-1
  Size: 505
[2026-09-24 15:30:17] [DEBUG] Filter configuration being migrated (values redacted)
  filters: 
[AND/AND] 0 filter(s), 2 sub-branch(es)
  [AND/AND] 1 filter(s), 0 sub-branch(es)
    - PROPERTY email IS_EQUAL_TO (619 values) [MULTISTRING]
  [AND/AND] 1 filter(s), 0 sub-branch(es)
    - PROPERTY hs_email_domain IS_NOT_EQUAL_TO (2 values) [MULTISTRING]
[2026-09-24 15:30:17] [INFO] Adjusted filter for destination portal: root AND -> OR with one nested AND (2 filter(s) merged; membership unchanged)
  List: FOC Webinar Registrants 5.19.26
[2026-09-24 15:30:17] [INFO] Checking destination list...
  Name: Touchmath | FOC Webinar Registrants 5.19.26
[2026-09-24 15:30:17] [INFO] Destination list does not exist
[2026-09-24 15:30:17] [INFO] [DRY-RUN] Would create:
Touchmath | FOC Webinar Registrants 5.19.26
[2026-09-24 15:30:17] [INFO] --------------------------------------------------
[2026-09-24 15:30:17] [INFO] Source list found
  Name: Webinar | TouchMath 3-5 | 95PG Database Email Registrants - Net New Leads
  ID: 678
  Type: ACTIVE (DYNAMIC)
  ObjectType: 0-1
  Size: 138
[2026-09-24 15:30:17] [DEBUG] Filter configuration being migrated (values redacted)
  filters: 
[OR/OR] 0 filter(s), 1 sub-branch(es)
  [AND/AND] 1 filter(s), 0 sub-branch(es)
    - PROPERTY hs_analytics_source_data_1 IS_EQUAL_TO (1 values) [MULTISTRING]
[2026-09-24 15:30:17] [INFO] Checking destination list...
  Name: Touchmath | Webinar | TouchMath 3-5 | 95PG Database Email Registrants - Net New Leads
[2026-09-24 15:30:17] [INFO] Destination list does not exist
[2026-09-24 15:30:17] [INFO] [DRY-RUN] Would create:
Touchmath | Webinar | TouchMath 3-5 | 95PG Database Email Registrants - Net New Leads
[2026-09-24 15:30:17] [INFO] --------------------------------------------------
[2026-09-24 15:30:17] [INFO] Source list found
  Name: Webinar | TouchMath 3-5 | 5.7.26 - Handraisers
  ID: 672
  Type: ACTIVE (DYNAMIC)
  ObjectType: 0-1
  Size: 132
[2026-09-24 15:30:17] [DEBUG] Filter configuration being migrated (values redacted)
  filters: 
[OR/OR] 0 filter(s), 1 sub-branch(es)
  [AND/AND] 1 filter(s), 0 sub-branch(es)
    - PROPERTY email IS_EQUAL_TO (133 values) [MULTISTRING]
[2026-09-24 15:30:17] [INFO] Checking destination list...
  Name: Touchmath | Webinar | TouchMath 3-5 | 5.7.26 - Handraisers
[2026-09-24 15:30:17] [INFO] Destination list does not exist
[2026-09-24 15:30:17] [INFO] [DRY-RUN] Would create:
Touchmath | Webinar | TouchMath 3-5 | 5.7.26 - Handraisers
[2026-09-24 15:30:17] [INFO] --------------------------------------------------
[2026-09-24 15:30:17] [INFO] Source list found
  Name: Webinar | ToutchMath 3-5 | 95PG Database Registrants - Handraiser *NET NEW Contact/Lead
  ID: 685
  Type: ACTIVE (DYNAMIC)
  ObjectType: 0-1
  Size: 16
[2026-09-24 15:30:17] [DEBUG] Filter configuration being migrated (values redacted)
  filters: 
[OR/OR] 0 filter(s), 1 sub-branch(es)
  [AND/AND] 2 filter(s), 0 sub-branch(es)
    - IN_LIST listId=678 IN_LIST
    - IN_LIST listId=672 IN_LIST
[2026-09-24 15:30:17] [INFO] Rewrote cross-portal reference: IN_LIST 678 -> dry-run:678
[2026-09-24 15:30:17] [INFO] Rewrote cross-portal reference: IN_LIST 672 -> dry-run:672
[2026-09-24 15:30:17] [INFO] Checking destination list...
  Name: Touchmath | Webinar | ToutchMath 3-5 | 95PG Database Registrants - Handraiser *NET NEW Contact/Lead
[2026-09-24 15:30:17] [INFO] Destination list does not exist
[2026-09-24 15:30:17] [INFO] [DRY-RUN] Would create:
Touchmath | Webinar | ToutchMath 3-5 | 95PG Database Registrants - Handraiser *NET NEW Contact/Lead
[2026-09-24 15:30:17] [INFO] --------------------------------------------------
[2026-09-24 15:30:17] [INFO] Source list found
  Name: Webinar | TouchMath 3-5 | 95PG Database Registrants
  ID: 681
  Type: MANUAL
  ObjectType: 0-1
  Size: 156
[2026-09-24 15:30:17] [WARNING] Source list contains configuration that is not supported by the destination API.
  List: Webinar | TouchMath 3-5 | 95PG Database Registrants
  Field: membership (processingType=MANUAL)
  Reason: A MANUAL (static) list stores an explicit set of records rather than filters. Record ids are not portable between portals, so the destination list is created EMPTY and its members must be added separately.
[2026-09-24 15:30:17] [INFO] Checking destination list...
  Name: Touchmath | Webinar | TouchMath 3-5 | 95PG Database Registrants
[2026-09-24 15:30:17] [INFO] Destination list does not exist
[2026-09-24 15:30:17] [INFO] [DRY-RUN] Would create:
Touchmath | Webinar | TouchMath 3-5 | 95PG Database Registrants
[2026-09-24 15:30:17] [INFO] --------------------------------------------------
[2026-09-24 15:30:17] [INFO] Source list found
  Name: Webinar | ToutchMath 3-5 | 95PG Database Registrants - Handraiser
  ID: 684
  Type: ACTIVE (DYNAMIC)
  ObjectType: 0-1
  Size: 20
[2026-09-24 15:30:17] [DEBUG] Filter configuration being migrated (values redacted)
  filters: 
[OR/OR] 0 filter(s), 1 sub-branch(es)
  [AND/AND] 2 filter(s), 0 sub-branch(es)
    - IN_LIST listId=681 IN_LIST
    - IN_LIST listId=672 IN_LIST
[2026-09-24 15:30:17] [INFO] Rewrote cross-portal reference: IN_LIST 681 -> dry-run:681
[2026-09-24 15:30:17] [INFO] Rewrote cross-portal reference: IN_LIST 672 -> dry-run:672
[2026-09-24 15:30:17] [INFO] Checking destination list...
  Name: Touchmath | Webinar | ToutchMath 3-5 | 95PG Database Registrants - Handraiser
[2026-09-24 15:30:17] [INFO] Destination list does not exist
[2026-09-24 15:30:17] [INFO] [DRY-RUN] Would create:
Touchmath | Webinar | ToutchMath 3-5 | 95PG Database Registrants - Handraiser
[2026-09-24 15:30:17] [INFO] --------------------------------------------------
[2026-09-24 15:30:17] [INFO] Source list found
  Name: Webinar | TouchMath 3-5 | 5.7.26 - Live Attendees
  ID: 666
  Type: ACTIVE (DYNAMIC)
  ObjectType: 0-1
  Size: 310
[2026-09-24 15:30:17] [DEBUG] Filter configuration being migrated (values redacted)
  filters: 
[OR/OR] 0 filter(s), 1 sub-branch(es)
  [AND/AND] 1 filter(s), 1 sub-branch(es)
    - PROPERTY hs_email_domain IS_NOT_EQUAL_TO (2 values) [MULTISTRING]
    [UNIFIED_EVENTS/AND] 1 filter(s), 0 sub-branch(es)
      - PROPERTY ue_webinar_id IS_EQUAL_TO (1 values) [MULTISTRING]
[2026-09-24 15:30:17] [INFO] Checking destination list...
  Name: Touchmath | Webinar | TouchMath 3-5 | 5.7.26 - Live Attendees
[2026-09-24 15:30:17] [INFO] Destination list does not exist
[2026-09-24 15:30:17] [INFO] [DRY-RUN] Would create:
Touchmath | Webinar | TouchMath 3-5 | 5.7.26 - Live Attendees
[2026-09-24 15:30:17] [INFO] --------------------------------------------------
[2026-09-24 15:30:17] [INFO] Source list found
  Name: Webinar | ToutchMath 3-5 | 95PG Database Registrants - Attended Live *NET NEW Contact/Lead
  ID: 683
  Type: ACTIVE (DYNAMIC)
  ObjectType: 0-1
  Size: 41
[2026-09-24 15:30:17] [DEBUG] Filter configuration being migrated (values redacted)
  filters: 
[OR/OR] 0 filter(s), 1 sub-branch(es)
  [AND/AND] 2 filter(s), 0 sub-branch(es)
    - IN_LIST listId=678 IN_LIST
    - IN_LIST listId=666 IN_LIST
[2026-09-24 15:30:17] [INFO] Rewrote cross-portal reference: IN_LIST 678 -> dry-run:678
[2026-09-24 15:30:17] [INFO] Rewrote cross-portal reference: IN_LIST 666 -> dry-run:666
[2026-09-24 15:30:17] [INFO] Checking destination list...
  Name: Touchmath | Webinar | ToutchMath 3-5 | 95PG Database Registrants - Attended Live *NET NEW Contact/Lead
[2026-09-24 15:30:17] [INFO] Destination list does not exist
[2026-09-24 15:30:17] [INFO] [DRY-RUN] Would create:
Touchmath | Webinar | ToutchMath 3-5 | 95PG Database Registrants - Attended Live *NET NEW Contact/Lead
[2026-09-24 15:30:17] [INFO] --------------------------------------------------
[2026-09-24 15:30:17] [INFO] Source list found
  Name: Webinar | ToutchMath 3-5 | 95PG Database Registrants - Attended Live
  ID: 682
  Type: ACTIVE (DYNAMIC)
  ObjectType: 0-1
  Size: 50
[2026-09-24 15:30:17] [DEBUG] Filter configuration being migrated (values redacted)
  filters: 
[OR/OR] 0 filter(s), 1 sub-branch(es)
  [AND/AND] 2 filter(s), 0 sub-branch(es)
    - IN_LIST listId=681 IN_LIST
    - IN_LIST listId=666 IN_LIST
[2026-09-24 15:30:17] [INFO] Rewrote cross-portal reference: IN_LIST 681 -> dry-run:681
[2026-09-24 15:30:17] [INFO] Rewrote cross-portal reference: IN_LIST 666 -> dry-run:666
[2026-09-24 15:30:17] [INFO] Checking destination list...
  Name: Touchmath | Webinar | ToutchMath 3-5 | 95PG Database Registrants - Attended Live
[2026-09-24 15:30:17] [INFO] Destination list does not exist
[2026-09-24 15:30:17] [INFO] [DRY-RUN] Would create:
Touchmath | Webinar | ToutchMath 3-5 | 95PG Database Registrants - Attended Live
[2026-09-24 15:30:17] [INFO] --------------------------------------------------
[2026-09-24 15:30:17] [INFO] Source list found
  Name: Submissions | Grades 3-5 Sample
  ID: 654
  Type: ACTIVE (DYNAMIC)
  ObjectType: 0-1
  Size: 4739
[2026-09-24 15:30:17] [DEBUG] Filter configuration being migrated (values redacted)
  filters: 
[OR/OR] 0 filter(s), 1 sub-branch(es)
  [AND/AND] 1 filter(s), 0 sub-branch(es)
    - FORM_SUBMISSION formId=c8606d0b-bd7e-44e3-9a0c-6d3a4e718820 FILLED_OUT
[2026-09-24 15:30:17] [WARNING] Source list contains configuration that is not supported by the destination API.
  List: Submissions | Grades 3-5 Sample
  Field: filter.FORM_SUBMISSION.formId=c8606d0b-bd7e-44e3-9a0c-6d3a4e718820
  Reason: Form c8606d0b-bd7e-44e3-9a0c-6d3a4e718820 ("TouchMath Grades 3-5 Sampler") does not exist in the destination portal, and no mapping was supplied in active-list-form-map.json. HubSpot accepts a foreign form id without error and builds a list that matches zero contacts, so migrating this filter unchanged would produce a silently empty list.
[2026-09-24 15:30:17] [ERROR] Skipping write: the destination list would not behave like the source.
  Source List: Submissions | Grades 3-5 Sample
  Source ID: 654
  Destination Name: Touchmath | Submissions | Grades 3-5 Sample
  Blockers: 1
  Hint: Map the references (see active-list-form-map.json) and re-run, or set ALLOW_LOSSY=true to create it anyway.
[2026-09-24 15:30:17] [INFO] --------------------------------------------------
[2026-09-24 15:30:17] [INFO] Source list found
  Name: CON_OR_2026.04_ORRTII_CY26 - Attendee
  ID: 648
  Type: MANUAL
  ObjectType: 0-1
  Size: 65
[2026-09-24 15:30:17] [WARNING] Source list contains configuration that is not supported by the destination API.
  List: CON_OR_2026.04_ORRTII_CY26 - Attendee
  Field: membership (processingType=MANUAL)
  Reason: A MANUAL (static) list stores an explicit set of records rather than filters. Record ids are not portable between portals, so the destination list is created EMPTY and its members must be added separately.
[2026-09-24 15:30:17] [INFO] Checking destination list...
  Name: Touchmath | CON_OR_2026.04_ORRTII_CY26 - Attendee
[2026-09-24 15:30:17] [INFO] Destination list does not exist
[2026-09-24 15:30:17] [INFO] [DRY-RUN] Would create:
Touchmath | CON_OR_2026.04_ORRTII_CY26 - Attendee
[2026-09-24 15:30:17] [INFO] --------------------------------------------------
[2026-09-24 15:30:17] [INFO] Source list found
  Name: # Downloads | Dyscalculia Toolkit
  ID: 646
  Type: ACTIVE (DYNAMIC)
  ObjectType: 0-1
  Size: 1227
[2026-09-24 15:30:17] [DEBUG] Filter configuration being migrated (values redacted)
  filters: 
[OR/OR] 0 filter(s), 1 sub-branch(es)
  [AND/AND] 2 filter(s), 0 sub-branch(es)
    - FORM_SUBMISSION formId=e53986d0-6a4e-485b-83f4-9ff40bbe28c8 FILLED_OUT
    - PROPERTY hs_email_domain IS_NOT_EQUAL_TO (2 values) [MULTISTRING]
[2026-09-24 15:30:17] [WARNING] Source list contains configuration that is not supported by the destination API.
  List: # Downloads | Dyscalculia Toolkit
  Field: filter.FORM_SUBMISSION.formId=e53986d0-6a4e-485b-83f4-9ff40bbe28c8
  Reason: Form e53986d0-6a4e-485b-83f4-9ff40bbe28c8 ("Dyscalculia Toolkit ") does not exist in the destination portal, and no mapping was supplied in active-list-form-map.json. HubSpot accepts a foreign form id without error and builds a list that matches zero contacts, so migrating this filter unchanged would produce a silently empty list.
[2026-09-24 15:30:17] [ERROR] Skipping write: the destination list would not behave like the source.
  Source List: # Downloads | Dyscalculia Toolkit
  Source ID: 646
  Destination Name: Touchmath | # Downloads | Dyscalculia Toolkit
  Blockers: 1
  Hint: Map the references (see active-list-form-map.json) and re-run, or set ALLOW_LOSSY=true to create it anyway.
[2026-09-24 15:30:17] [INFO] --------------------------------------------------
[2026-09-24 15:30:17] [INFO] Source list found
  Name: (Sales Version) Webinar | TouchMath 3-5 | 5.7.26 - Registrants
  ID: 624
  Type: ACTIVE (DYNAMIC)
  ObjectType: 0-1
  Size: 1225
[2026-09-24 15:30:17] [DEBUG] Filter configuration being migrated (values redacted)
  filters: 
[OR/OR] 0 filter(s), 1 sub-branch(es)
  [AND/AND] 2 filter(s), 0 sub-branch(es)
    - FORM_SUBMISSION formId=2764f15b-f4a0-47b8-a7fe-c6a50641f41b FILLED_OUT
    - PROPERTY hs_email_domain IS_NOT_EQUAL_TO (2 values) [MULTISTRING]
[2026-09-24 15:30:17] [WARNING] Source list contains configuration that is not supported by the destination API.
  List: (Sales Version) Webinar | TouchMath 3-5 | 5.7.26 - Registrants
  Field: filter.FORM_SUBMISSION.formId=2764f15b-f4a0-47b8-a7fe-c6a50641f41b
  Reason: Form 2764f15b-f4a0-47b8-a7fe-c6a50641f41b ("Webinar | TouchMath 3-5 | 5.7.26") does not exist in the destination portal, and no mapping was supplied in active-list-form-map.json. HubSpot accepts a foreign form id without error and builds a list that matches zero contacts, so migrating this filter unchanged would produce a silently empty list.
[2026-09-24 15:30:17] [ERROR] Skipping write: the destination list would not behave like the source.
  Source List: (Sales Version) Webinar | TouchMath 3-5 | 5.7.26 - Registrants
  Source ID: 624
  Destination Name: Touchmath | (Sales Version) Webinar | TouchMath 3-5 | 5.7.26 - Registrants
  Blockers: 1
  Hint: Map the references (see active-list-form-map.json) and re-run, or set ALLOW_LOSSY=true to create it anyway.
[2026-09-24 15:30:17] [INFO] --------------------------------------------------
[2026-09-24 15:30:17] [INFO] Source list found
  Name: Webinar | TouchMath 3-5 | 5.7.26 - Registrants
  ID: 623
  Type: ACTIVE (DYNAMIC)
  ObjectType: 0-1
  Size: 1225
[2026-09-24 15:30:17] [DEBUG] Filter configuration being migrated (values redacted)
  filters: 
[OR/OR] 0 filter(s), 1 sub-branch(es)
  [AND/AND] 2 filter(s), 0 sub-branch(es)
    - FORM_SUBMISSION formId=2764f15b-f4a0-47b8-a7fe-c6a50641f41b FILLED_OUT
    - PROPERTY hs_email_domain IS_NOT_EQUAL_TO (2 values) [MULTISTRING]
[2026-09-24 15:30:17] [WARNING] Source list contains configuration that is not supported by the destination API.
  List: Webinar | TouchMath 3-5 | 5.7.26 - Registrants
  Field: filter.FORM_SUBMISSION.formId=2764f15b-f4a0-47b8-a7fe-c6a50641f41b
  Reason: Form 2764f15b-f4a0-47b8-a7fe-c6a50641f41b ("Webinar | TouchMath 3-5 | 5.7.26") does not exist in the destination portal, and no mapping was supplied in active-list-form-map.json. HubSpot accepts a foreign form id without error and builds a list that matches zero contacts, so migrating this filter unchanged would produce a silently empty list.
[2026-09-24 15:30:17] [ERROR] Skipping write: the destination list would not behave like the source.
  Source List: Webinar | TouchMath 3-5 | 5.7.26 - Registrants
  Source ID: 623
  Destination Name: Touchmath | Webinar | TouchMath 3-5 | 5.7.26 - Registrants
  Blockers: 1
  Hint: Map the references (see active-list-form-map.json) and re-run, or set ALLOW_LOSSY=true to create it anyway.
[2026-09-24 15:30:17] [INFO] --------------------------------------------------
[2026-09-24 15:30:17] [INFO] Source list found
  Name: Submissions | Dyscalculia Toolkit
  ID: 566
  Type: ACTIVE (DYNAMIC)
  ObjectType: 0-1
  Size: 1227
[2026-09-24 15:30:17] [DEBUG] Filter configuration being migrated (values redacted)
  filters: 
[OR/OR] 0 filter(s), 1 sub-branch(es)
  [AND/AND] 2 filter(s), 0 sub-branch(es)
    - FORM_SUBMISSION formId=e53986d0-6a4e-485b-83f4-9ff40bbe28c8 FILLED_OUT
    - PROPERTY hs_email_domain IS_NOT_EQUAL_TO (2 values) [MULTISTRING]
[2026-09-24 15:30:17] [WARNING] Source list contains configuration that is not supported by the destination API.
  List: Submissions | Dyscalculia Toolkit
  Field: filter.FORM_SUBMISSION.formId=e53986d0-6a4e-485b-83f4-9ff40bbe28c8
  Reason: Form e53986d0-6a4e-485b-83f4-9ff40bbe28c8 ("Dyscalculia Toolkit ") does not exist in the destination portal, and no mapping was supplied in active-list-form-map.json. HubSpot accepts a foreign form id without error and builds a list that matches zero contacts, so migrating this filter unchanged would produce a silently empty list.
[2026-09-24 15:30:17] [ERROR] Skipping write: the destination list would not behave like the source.
  Source List: Submissions | Dyscalculia Toolkit
  Source ID: 566
  Destination Name: Touchmath | Submissions | Dyscalculia Toolkit
  Blockers: 1
  Hint: Map the references (see active-list-form-map.json) and re-run, or set ALLOW_LOSSY=true to create it anyway.
[2026-09-24 15:30:17] [INFO] --------------------------------------------------
[2026-09-24 15:30:17] [INFO] Source list found
  Name: EdWeek Registrants 3.3.26 - Bridging the Math Gap
  ID: 559
  Type: MANUAL
  ObjectType: 0-1
  Size: 1536
[2026-09-24 15:30:17] [WARNING] Source list contains configuration that is not supported by the destination API.
  List: EdWeek Registrants 3.3.26 - Bridging the Math Gap
  Field: membership (processingType=MANUAL)
  Reason: A MANUAL (static) list stores an explicit set of records rather than filters. Record ids are not portable between portals, so the destination list is created EMPTY and its members must be added separately.
[2026-09-24 15:30:17] [INFO] Checking destination list...
  Name: Touchmath | EdWeek Registrants 3.3.26 - Bridging the Math Gap
[2026-09-24 15:30:17] [INFO] Destination list does not exist
[2026-09-24 15:30:17] [INFO] [DRY-RUN] Would create:
Touchmath | EdWeek Registrants 3.3.26 - Bridging the Math Gap
[2026-09-24 15:30:17] [INFO] --------------------------------------------------
[2026-09-24 15:30:17] [INFO] Source list found
  Name: TouchMath Customer List 2.24.26
  ID: 557
  Type: MANUAL
  ObjectType: 0-1
  Size: 482
[2026-09-24 15:30:17] [WARNING] Source list contains configuration that is not supported by the destination API.
  List: TouchMath Customer List 2.24.26
  Field: membership (processingType=MANUAL)
  Reason: A MANUAL (static) list stores an explicit set of records rather than filters. Record ids are not portable between portals, so the destination list is created EMPTY and its members must be added separately.
[2026-09-24 15:30:17] [INFO] Checking destination list...
  Name: Touchmath | TouchMath Customer List 2.24.26
[2026-09-24 15:30:17] [INFO] Destination list does not exist
[2026-09-24 15:30:17] [INFO] [DRY-RUN] Would create:
Touchmath | TouchMath Customer List 2.24.26
[2026-09-24 15:30:17] [INFO] --------------------------------------------------
[2026-09-24 15:30:17] [INFO] Source list found
  Name: Active List (Contacts who have opened emails or submitted forms)
  ID: 531
  Type: ACTIVE (DYNAMIC)
  ObjectType: 0-1
  Size: 31458
[2026-09-24 15:30:17] [DEBUG] Filter configuration being migrated (values redacted)
  filters: 
[OR/OR] 0 filter(s), 2 sub-branch(es)
  [AND/AND] 3 filter(s), 0 sub-branch(es)
    - PROPERTY hs_email_open IS_GREATER_THAN_OR_EQUAL_TO [NUMBER]
    - PROPERTY hs_email_last_open_date IS_BETWEEN [TIME_RANGED]
    - PROPERTY hs_email_domain IS_NOT_EQUAL_TO (3 values) [MULTISTRING]
  [AND/AND] 1 filter(s), 0 sub-branch(es)
    - PROPERTY num_conversion_events IS_GREATER_THAN_OR_EQUAL_TO [NUMBER]
[2026-09-24 15:30:17] [INFO] Adjusted filter for destination portal: zoneId America/Denver -> America/New_York
  List: Active List (Contacts who have opened emails or submitted forms)
[2026-09-24 15:30:17] [INFO] Checking destination list...
  Name: Touchmath | Active List (Contacts who have opened emails or submitted forms)
[2026-09-24 15:30:17] [INFO] Destination list does not exist
[2026-09-24 15:30:17] [INFO] [DRY-RUN] Would create:
Touchmath | Active List (Contacts who have opened emails or submitted forms)

==================================================
ACTIVE LIST MIGRATION SUMMARY
==================================================

Total requested: 22
Would create: 17
Would update: 0
Already synchronized: 0
Partially migrated: 5
Failed: 0
Source lists not found: 0
  (these categories are exclusive and total 22 of 22)

==================================================
MIGRATION DETAILS
==================================================

DRY RUN
- TouchMath Customer List 09.08.26
  Would: created
  Destination Name: Touchmath | TouchMath Customer List 09.08.26
- CON_KY_2026.07_KASA_CY26-Attendees
  Would: created
  Destination Name: Touchmath | CON_KY_2026.07_KASA_CY26-Attendees
- CON_TX_2026.06_TEPSA_CY26 - Attendees - TouchMath
  Would: created
  Destination Name: Touchmath | CON_TX_2026.06_TEPSA_CY26 - Attendees - TouchMath
- In US with State Information
  Would: created
  Destination Name: Touchmath | In US with State Information
- FOC Webinar Registrants 5.19.26
  Would: created
  Destination Name: Touchmath | FOC Webinar Registrants 5.19.26
- Webinar | ToutchMath 3-5 | 95PG Database Registrants - Handraiser *NET NEW Contact/Lead
  Would: created
  Destination Name: Touchmath | Webinar | ToutchMath 3-5 | 95PG Database Registrants - Handraiser *NET NEW Contact/Lead
- Webinar | ToutchMath 3-5 | 95PG Database Registrants - Handraiser
  Would: created
  Destination Name: Touchmath | Webinar | ToutchMath 3-5 | 95PG Database Registrants - Handraiser
- Webinar | TouchMath 3-5 | 5.7.26 - Handraisers
  Would: created
  Destination Name: Touchmath | Webinar | TouchMath 3-5 | 5.7.26 - Handraisers
- Webinar | ToutchMath 3-5 | 95PG Database Registrants - Attended Live *NET NEW Contact/Lead
  Would: created
  Destination Name: Touchmath | Webinar | ToutchMath 3-5 | 95PG Database Registrants - Attended Live *NET NEW Contact/Lead
- Webinar | ToutchMath 3-5 | 95PG Database Registrants - Attended Live
  Would: created
  Destination Name: Touchmath | Webinar | ToutchMath 3-5 | 95PG Database Registrants - Attended Live
- Webinar | TouchMath 3-5 | 95PG Database Registrants
  Would: created
  Destination Name: Touchmath | Webinar | TouchMath 3-5 | 95PG Database Registrants
- Webinar | TouchMath 3-5 | 95PG Database Email Registrants - Net New Leads
  Would: created
  Destination Name: Touchmath | Webinar | TouchMath 3-5 | 95PG Database Email Registrants - Net New Leads
- Webinar | TouchMath 3-5 | 5.7.26 - Live Attendees
  Would: created
  Destination Name: Touchmath | Webinar | TouchMath 3-5 | 5.7.26 - Live Attendees
- CON_OR_2026.04_ORRTII_CY26 - Attendee
  Would: created
  Destination Name: Touchmath | CON_OR_2026.04_ORRTII_CY26 - Attendee
- EdWeek Registrants 3.3.26 - Bridging the Math Gap
  Would: created
  Destination Name: Touchmath | EdWeek Registrants 3.3.26 - Bridging the Math Gap
- TouchMath Customer List 2.24.26
  Would: created
  Destination Name: Touchmath | TouchMath Customer List 2.24.26
- Active List (Contacts who have opened emails or submitted forms)
  Would: created
  Destination Name: Touchmath | Active List (Contacts who have opened emails or submitted forms)

PARTIAL
- Submissions | Grades 3-5 Sample
  Source ID: 654
  Destination ID: not written
  Action: skipped
  Reason: filter.FORM_SUBMISSION.formId=c8606d0b-bd7e-44e3-9a0c-6d3a4e718820: Form c8606d0b-bd7e-44e3-9a0c-6d3a4e718820 ("TouchMath Grades 3-5 Sampler") does not exist in the destination portal, and no mapping was supplied in active-list-form-map.json. HubSpot accepts a foreign form id without error and builds a list that matches zero contacts, so migrating this filter unchanged would produce a silently empty list.
- # Downloads | Dyscalculia Toolkit
  Source ID: 646
  Destination ID: not written
  Action: skipped
  Reason: filter.FORM_SUBMISSION.formId=e53986d0-6a4e-485b-83f4-9ff40bbe28c8: Form e53986d0-6a4e-485b-83f4-9ff40bbe28c8 ("Dyscalculia Toolkit ") does not exist in the destination portal, and no mapping was supplied in active-list-form-map.json. HubSpot accepts a foreign form id without error and builds a list that matches zero contacts, so migrating this filter unchanged would produce a silently empty list.
- (Sales Version) Webinar | TouchMath 3-5 | 5.7.26 - Registrants
  Source ID: 624
  Destination ID: not written
  Action: skipped
  Reason: filter.FORM_SUBMISSION.formId=2764f15b-f4a0-47b8-a7fe-c6a50641f41b: Form 2764f15b-f4a0-47b8-a7fe-c6a50641f41b ("Webinar | TouchMath 3-5 | 5.7.26") does not exist in the destination portal, and no mapping was supplied in active-list-form-map.json. HubSpot accepts a foreign form id without error and builds a list that matches zero contacts, so migrating this filter unchanged would produce a silently empty list.
- Webinar | TouchMath 3-5 | 5.7.26 - Registrants
  Source ID: 623
  Destination ID: not written
  Action: skipped
  Reason: filter.FORM_SUBMISSION.formId=2764f15b-f4a0-47b8-a7fe-c6a50641f41b: Form 2764f15b-f4a0-47b8-a7fe-c6a50641f41b ("Webinar | TouchMath 3-5 | 5.7.26") does not exist in the destination portal, and no mapping was supplied in active-list-form-map.json. HubSpot accepts a foreign form id without error and builds a list that matches zero contacts, so migrating this filter unchanged would produce a silently empty list.
- Submissions | Dyscalculia Toolkit
  Source ID: 566
  Destination ID: not written
  Action: skipped
  Reason: filter.FORM_SUBMISSION.formId=e53986d0-6a4e-485b-83f4-9ff40bbe28c8: Form e53986d0-6a4e-485b-83f4-9ff40bbe28c8 ("Dyscalculia Toolkit ") does not exist in the destination portal, and no mapping was supplied in active-list-form-map.json. HubSpot accepts a foreign form id without error and builds a list that matches zero contacts, so migrating this filter unchanged would produce a silently empty list.

==================================================
