[2026-09-23 16:22:46] [INFO] Starting Active List migration
[2026-09-23 16:22:46] [INFO] Configuration
  DRY_RUN: true
  ALLOW_LOSSY: false
  Prefix: Touchmath | 
  Requested lists: 19
  Max retries: 5
  Log file: /home/sudhakarpanday_1536/Desktop/Migration/Practus/Practus-Migration/logs/active-list-migration-2026-09-23T10-52-46-697Z.log
[2026-09-23 16:22:48] [INFO] Enumerated source lists
  count: 209
[2026-09-23 16:22:54] [INFO] Enumerated destination lists
  count: 1339
[2026-09-23 16:22:55] [INFO] Loaded destination properties for pre-flight checks
  count: 573
[2026-09-23 16:23:21] [INFO] Form references pre-flight
  referenced: 3
  resolvableInDestination: 0
  unresolved: c8606d0b-bd7e-44e3-9a0c-6d3a4e718820, e53986d0-6a4e-485b-83f4-9ff40bbe28c8, 2764f15b-f4a0-47b8-a7fe-c6a50641f41b
[2026-09-23 16:23:21] [INFO] Fetching list configuration...
  Name: In US with State Information
  ID: 532
[2026-09-23 16:23:22] [SUCCESS] Source list configuration retrieved
  ID: 532
  Type: DYNAMIC
[2026-09-23 16:23:22] [INFO] Fetching list configuration...
  Name: FOC Webinar Registrants 5.19.26
  ID: 751
[2026-09-23 16:23:23] [SUCCESS] Source list configuration retrieved
  ID: 751
  Type: DYNAMIC
[2026-09-23 16:23:23] [INFO] Fetching list configuration...
  Name: Webinar | ToutchMath 3-5 | 95PG Database Registrants - Attended Live
  ID: 682
[2026-09-23 16:23:24] [SUCCESS] Source list configuration retrieved
  ID: 682
  Type: DYNAMIC
[2026-09-23 16:23:24] [INFO] Fetching list configuration...
  Name: Webinar | ToutchMath 3-5 | 95PG Database Registrants - Attended Live *NET NEW Contact/Lead
  ID: 683
[2026-09-23 16:23:25] [SUCCESS] Source list configuration retrieved
  ID: 683
  Type: DYNAMIC
[2026-09-23 16:23:25] [INFO] Fetching list configuration...
  Name: Webinar | TouchMath 3-5 | 5.7.26 - Handraisers
  ID: 672
[2026-09-23 16:23:26] [SUCCESS] Source list configuration retrieved
  ID: 672
  Type: DYNAMIC
[2026-09-23 16:23:26] [INFO] Fetching list configuration...
  Name: Webinar | ToutchMath 3-5 | 95PG Database Registrants - Handraiser
  ID: 684
[2026-09-23 16:23:27] [SUCCESS] Source list configuration retrieved
  ID: 684
  Type: DYNAMIC
[2026-09-23 16:23:27] [INFO] Fetching list configuration...
  Name: Webinar | ToutchMath 3-5 | 95PG Database Registrants - Handraiser *NET NEW Contact/Lead
  ID: 685
[2026-09-23 16:23:28] [SUCCESS] Source list configuration retrieved
  ID: 685
  Type: DYNAMIC
[2026-09-23 16:23:28] [INFO] Fetching list configuration...
  Name: Webinar | TouchMath 3-5 | 95PG Database Registrants
  ID: 681
[2026-09-23 16:23:29] [SUCCESS] Source list configuration retrieved
  ID: 681
  Type: MANUAL
[2026-09-23 16:23:29] [INFO] Fetching list configuration...
  Name: Webinar | TouchMath 3-5 | 95PG Database Email Registrants - Net New Leads
  ID: 678
[2026-09-23 16:23:30] [SUCCESS] Source list configuration retrieved
  ID: 678
  Type: DYNAMIC
[2026-09-23 16:23:30] [INFO] Fetching list configuration...
  Name: Webinar | TouchMath 3-5 | 5.7.26 - Live Attendees
  ID: 666
[2026-09-23 16:23:31] [SUCCESS] Source list configuration retrieved
  ID: 666
  Type: DYNAMIC
[2026-09-23 16:23:31] [INFO] Fetching list configuration...
  Name: Submissions | Grades 3-5 Sample
  ID: 654
[2026-09-23 16:23:32] [SUCCESS] Source list configuration retrieved
  ID: 654
  Type: DYNAMIC
[2026-09-23 16:23:32] [INFO] Fetching list configuration...
  Name: CON_OR_2026.04_ORRTII_CY26 - Attendee
  ID: 648
[2026-09-23 16:23:33] [SUCCESS] Source list configuration retrieved
  ID: 648
  Type: MANUAL
[2026-09-23 16:23:33] [INFO] Fetching list configuration...
  Name: # Downloads | Dyscalculia Toolkit
  ID: 646
[2026-09-23 16:23:34] [SUCCESS] Source list configuration retrieved
  ID: 646
  Type: DYNAMIC
[2026-09-23 16:23:34] [INFO] Fetching list configuration...
  Name: (Sales Version) Webinar | TouchMath 3-5 | 5.7.26 - Registrants
  ID: 624
[2026-09-23 16:23:35] [SUCCESS] Source list configuration retrieved
  ID: 624
  Type: DYNAMIC
[2026-09-23 16:23:35] [INFO] Fetching list configuration...
  Name: Webinar | TouchMath 3-5 | 5.7.26 - Registrants
  ID: 623
[2026-09-23 16:23:36] [SUCCESS] Source list configuration retrieved
  ID: 623
  Type: DYNAMIC
[2026-09-23 16:23:36] [INFO] Fetching list configuration...
  Name: Submissions | Dyscalculia Toolkit
  ID: 566
[2026-09-23 16:23:37] [SUCCESS] Source list configuration retrieved
  ID: 566
  Type: DYNAMIC
[2026-09-23 16:23:37] [INFO] Fetching list configuration...
  Name: EdWeek Registrants 3.3.26 - Bridging the Math Gap
  ID: 559
[2026-09-23 16:23:38] [SUCCESS] Source list configuration retrieved
  ID: 559
  Type: MANUAL
[2026-09-23 16:23:38] [INFO] Fetching list configuration...
  Name: TouchMath Customer List 2.24.26
  ID: 557
[2026-09-23 16:23:39] [SUCCESS] Source list configuration retrieved
  ID: 557
  Type: MANUAL
[2026-09-23 16:23:39] [INFO] Fetching list configuration...
  Name: Active List (Contacts who have opened emails or submitted forms)
  ID: 531
[2026-09-23 16:23:40] [SUCCESS] Source list configuration retrieved
  ID: 531
  Type: DYNAMIC
[2026-09-23 16:23:40] [INFO] Migration order resolved (IN_LIST dependencies first)
  order: 532 -> 751 -> 681 -> 666 -> 682 -> 678 -> 683 -> 672 -> 684 -> 685 -> 654 -> 648 -> 646 -> 624 -> 623 -> 566 -> 559 -> 557 -> 531
[2026-09-23 16:23:40] [INFO] --------------------------------------------------
[2026-09-23 16:23:40] [INFO] Source list found
  Name: In US with State Information
  ID: 532
  Type: ACTIVE (DYNAMIC)
  ObjectType: 0-1
  Size: 504320
[2026-09-23 16:23:40] [DEBUG] Filter configuration being migrated (values redacted)
  filters: 
[OR/OR] 0 filter(s), 1 sub-branch(es)
  [AND/AND] 1 filter(s), 0 sub-branch(es)
    - PROPERTY state IS_KNOWN [ALL_PROPERTY]
[2026-09-23 16:23:40] [INFO] Checking destination list...
  Name: Touchmath | In US with State Information
[2026-09-23 16:23:40] [INFO] Destination list does not exist
[2026-09-23 16:23:40] [INFO] [DRY-RUN] Would create:
Touchmath | In US with State Information
[2026-09-23 16:23:40] [INFO] --------------------------------------------------
[2026-09-23 16:23:40] [INFO] Source list found
  Name: FOC Webinar Registrants 5.19.26
  ID: 751
  Type: ACTIVE (DYNAMIC)
  ObjectType: 0-1
  Size: 504
[2026-09-23 16:23:40] [DEBUG] Filter configuration being migrated (values redacted)
  filters: 
[AND/AND] 0 filter(s), 2 sub-branch(es)
  [AND/AND] 1 filter(s), 0 sub-branch(es)
    - PROPERTY email IS_EQUAL_TO (619 values) [MULTISTRING]
  [AND/AND] 1 filter(s), 0 sub-branch(es)
    - PROPERTY hs_email_domain IS_NOT_EQUAL_TO (2 values) [MULTISTRING]
[2026-09-23 16:23:40] [INFO] Checking destination list...
  Name: Touchmath | FOC Webinar Registrants 5.19.26
[2026-09-23 16:23:40] [INFO] Destination list does not exist
[2026-09-23 16:23:40] [INFO] [DRY-RUN] Would create:
Touchmath | FOC Webinar Registrants 5.19.26
[2026-09-23 16:23:40] [INFO] --------------------------------------------------
[2026-09-23 16:23:40] [INFO] Source list found
  Name: Webinar | TouchMath 3-5 | 95PG Database Registrants
  ID: 681
  Type: MANUAL
  ObjectType: 0-1
  Size: 156
[2026-09-23 16:23:40] [WARNING] Source list contains configuration that is not supported by the destination API.
  List: Webinar | TouchMath 3-5 | 95PG Database Registrants
  Field: membership (processingType=MANUAL)
  Reason: A MANUAL (static) list stores an explicit set of records rather than filters. Record ids are not portable between portals, so the destination list is created EMPTY and its members must be added separately.
[2026-09-23 16:23:40] [INFO] Checking destination list...
  Name: Touchmath | Webinar | TouchMath 3-5 | 95PG Database Registrants
[2026-09-23 16:23:40] [INFO] Destination list does not exist
[2026-09-23 16:23:40] [INFO] [DRY-RUN] Would create:
Touchmath | Webinar | TouchMath 3-5 | 95PG Database Registrants
[2026-09-23 16:23:40] [INFO] --------------------------------------------------
[2026-09-23 16:23:40] [INFO] Source list found
  Name: Webinar | TouchMath 3-5 | 5.7.26 - Live Attendees
  ID: 666
  Type: ACTIVE (DYNAMIC)
  ObjectType: 0-1
  Size: 310
[2026-09-23 16:23:40] [DEBUG] Filter configuration being migrated (values redacted)
  filters: 
[OR/OR] 0 filter(s), 1 sub-branch(es)
  [AND/AND] 1 filter(s), 1 sub-branch(es)
    - PROPERTY hs_email_domain IS_NOT_EQUAL_TO (2 values) [MULTISTRING]
    [UNIFIED_EVENTS/AND] 1 filter(s), 0 sub-branch(es)
      - PROPERTY ue_webinar_id IS_EQUAL_TO (1 values) [MULTISTRING]
[2026-09-23 16:23:40] [WARNING] Source list contains configuration that is not supported by the destination API.
  List: Webinar | TouchMath 3-5 | 5.7.26 - Live Attendees
  Field: filter.PROPERTY.property=ue_webinar_id
  Reason: Property "ue_webinar_id" does not exist on the destination contacts object, so this filter cannot evaluate the same way.
[2026-09-23 16:23:40] [ERROR] Skipping write: the destination list would not behave like the source.
  Source List: Webinar | TouchMath 3-5 | 5.7.26 - Live Attendees
  Source ID: 666
  Destination Name: Touchmath | Webinar | TouchMath 3-5 | 5.7.26 - Live Attendees
  Blockers: 1
  Hint: Map the references (see active-list-form-map.json) and re-run, or set ALLOW_LOSSY=true to create it anyway.
[2026-09-23 16:23:40] [INFO] --------------------------------------------------
[2026-09-23 16:23:40] [INFO] Source list found
  Name: Webinar | ToutchMath 3-5 | 95PG Database Registrants - Attended Live
  ID: 682
  Type: ACTIVE (DYNAMIC)
  ObjectType: 0-1
  Size: 50
[2026-09-23 16:23:40] [DEBUG] Filter configuration being migrated (values redacted)
  filters: 
[OR/OR] 0 filter(s), 1 sub-branch(es)
  [AND/AND] 2 filter(s), 0 sub-branch(es)
    - IN_LIST listId=681 IN_LIST
    - IN_LIST listId=666 IN_LIST
[2026-09-23 16:23:40] [WARNING] Source list contains configuration that is not supported by the destination API.
  List: Webinar | ToutchMath 3-5 | 95PG Database Registrants - Attended Live
  Field: filter.IN_LIST.listId=666
  Reason: References source list 666, which has no known destination equivalent. List ids are not portable between portals — the destination portal uses that same id for an unrelated list.
[2026-09-23 16:23:40] [INFO] Rewrote cross-portal reference: IN_LIST 681 -> dry-run:681
[2026-09-23 16:23:40] [ERROR] Skipping write: the destination list would not behave like the source.
  Source List: Webinar | ToutchMath 3-5 | 95PG Database Registrants - Attended Live
  Source ID: 682
  Destination Name: Touchmath | Webinar | ToutchMath 3-5 | 95PG Database Registrants - Attended Live
  Blockers: 1
  Hint: Map the references (see active-list-form-map.json) and re-run, or set ALLOW_LOSSY=true to create it anyway.
[2026-09-23 16:23:40] [INFO] --------------------------------------------------
[2026-09-23 16:23:40] [INFO] Source list found
  Name: Webinar | TouchMath 3-5 | 95PG Database Email Registrants - Net New Leads
  ID: 678
  Type: ACTIVE (DYNAMIC)
  ObjectType: 0-1
  Size: 138
[2026-09-23 16:23:40] [DEBUG] Filter configuration being migrated (values redacted)
  filters: 
[OR/OR] 0 filter(s), 1 sub-branch(es)
  [AND/AND] 1 filter(s), 0 sub-branch(es)
    - PROPERTY hs_analytics_source_data_1 IS_EQUAL_TO (1 values) [MULTISTRING]
[2026-09-23 16:23:40] [INFO] Checking destination list...
  Name: Touchmath | Webinar | TouchMath 3-5 | 95PG Database Email Registrants - Net New Leads
[2026-09-23 16:23:40] [INFO] Destination list does not exist
[2026-09-23 16:23:40] [INFO] [DRY-RUN] Would create:
Touchmath | Webinar | TouchMath 3-5 | 95PG Database Email Registrants - Net New Leads
[2026-09-23 16:23:40] [INFO] --------------------------------------------------
[2026-09-23 16:23:40] [INFO] Source list found
  Name: Webinar | ToutchMath 3-5 | 95PG Database Registrants - Attended Live *NET NEW Contact/Lead
  ID: 683
  Type: ACTIVE (DYNAMIC)
  ObjectType: 0-1
  Size: 41
[2026-09-23 16:23:40] [DEBUG] Filter configuration being migrated (values redacted)
  filters: 
[OR/OR] 0 filter(s), 1 sub-branch(es)
  [AND/AND] 2 filter(s), 0 sub-branch(es)
    - IN_LIST listId=678 IN_LIST
    - IN_LIST listId=666 IN_LIST
[2026-09-23 16:23:40] [WARNING] Source list contains configuration that is not supported by the destination API.
  List: Webinar | ToutchMath 3-5 | 95PG Database Registrants - Attended Live *NET NEW Contact/Lead
  Field: filter.IN_LIST.listId=666
  Reason: References source list 666, which has no known destination equivalent. List ids are not portable between portals — the destination portal uses that same id for an unrelated list.
[2026-09-23 16:23:40] [INFO] Rewrote cross-portal reference: IN_LIST 678 -> dry-run:678
[2026-09-23 16:23:40] [ERROR] Skipping write: the destination list would not behave like the source.
  Source List: Webinar | ToutchMath 3-5 | 95PG Database Registrants - Attended Live *NET NEW Contact/Lead
  Source ID: 683
  Destination Name: Touchmath | Webinar | ToutchMath 3-5 | 95PG Database Registrants - Attended Live *NET NEW Contact/Lead
  Blockers: 1
  Hint: Map the references (see active-list-form-map.json) and re-run, or set ALLOW_LOSSY=true to create it anyway.
[2026-09-23 16:23:40] [INFO] --------------------------------------------------
[2026-09-23 16:23:40] [INFO] Source list found
  Name: Webinar | TouchMath 3-5 | 5.7.26 - Handraisers
  ID: 672
  Type: ACTIVE (DYNAMIC)
  ObjectType: 0-1
  Size: 132
[2026-09-23 16:23:40] [DEBUG] Filter configuration being migrated (values redacted)
  filters: 
[OR/OR] 0 filter(s), 1 sub-branch(es)
  [AND/AND] 1 filter(s), 0 sub-branch(es)
    - PROPERTY email IS_EQUAL_TO (133 values) [MULTISTRING]
[2026-09-23 16:23:40] [INFO] Checking destination list...
  Name: Touchmath | Webinar | TouchMath 3-5 | 5.7.26 - Handraisers
[2026-09-23 16:23:40] [INFO] Destination list does not exist
[2026-09-23 16:23:40] [INFO] [DRY-RUN] Would create:
Touchmath | Webinar | TouchMath 3-5 | 5.7.26 - Handraisers
[2026-09-23 16:23:40] [INFO] --------------------------------------------------
[2026-09-23 16:23:40] [INFO] Source list found
  Name: Webinar | ToutchMath 3-5 | 95PG Database Registrants - Handraiser
  ID: 684
  Type: ACTIVE (DYNAMIC)
  ObjectType: 0-1
  Size: 20
[2026-09-23 16:23:40] [DEBUG] Filter configuration being migrated (values redacted)
  filters: 
[OR/OR] 0 filter(s), 1 sub-branch(es)
  [AND/AND] 2 filter(s), 0 sub-branch(es)
    - IN_LIST listId=681 IN_LIST
    - IN_LIST listId=672 IN_LIST
[2026-09-23 16:23:40] [INFO] Rewrote cross-portal reference: IN_LIST 681 -> dry-run:681
[2026-09-23 16:23:40] [INFO] Rewrote cross-portal reference: IN_LIST 672 -> dry-run:672
[2026-09-23 16:23:40] [INFO] Checking destination list...
  Name: Touchmath | Webinar | ToutchMath 3-5 | 95PG Database Registrants - Handraiser
[2026-09-23 16:23:40] [INFO] Destination list does not exist
[2026-09-23 16:23:40] [INFO] [DRY-RUN] Would create:
Touchmath | Webinar | ToutchMath 3-5 | 95PG Database Registrants - Handraiser
[2026-09-23 16:23:40] [INFO] --------------------------------------------------
[2026-09-23 16:23:40] [INFO] Source list found
  Name: Webinar | ToutchMath 3-5 | 95PG Database Registrants - Handraiser *NET NEW Contact/Lead
  ID: 685
  Type: ACTIVE (DYNAMIC)
  ObjectType: 0-1
  Size: 16
[2026-09-23 16:23:40] [DEBUG] Filter configuration being migrated (values redacted)
  filters: 
[OR/OR] 0 filter(s), 1 sub-branch(es)
  [AND/AND] 2 filter(s), 0 sub-branch(es)
    - IN_LIST listId=678 IN_LIST
    - IN_LIST listId=672 IN_LIST
[2026-09-23 16:23:40] [INFO] Rewrote cross-portal reference: IN_LIST 678 -> dry-run:678
[2026-09-23 16:23:40] [INFO] Rewrote cross-portal reference: IN_LIST 672 -> dry-run:672
[2026-09-23 16:23:40] [INFO] Checking destination list...
  Name: Touchmath | Webinar | ToutchMath 3-5 | 95PG Database Registrants - Handraiser *NET NEW Contact/Lead
[2026-09-23 16:23:40] [INFO] Destination list does not exist
[2026-09-23 16:23:40] [INFO] [DRY-RUN] Would create:
Touchmath | Webinar | ToutchMath 3-5 | 95PG Database Registrants - Handraiser *NET NEW Contact/Lead
[2026-09-23 16:23:40] [INFO] --------------------------------------------------
[2026-09-23 16:23:40] [INFO] Source list found
  Name: Submissions | Grades 3-5 Sample
  ID: 654
  Type: ACTIVE (DYNAMIC)
  ObjectType: 0-1
  Size: 4727
[2026-09-23 16:23:40] [DEBUG] Filter configuration being migrated (values redacted)
  filters: 
[OR/OR] 0 filter(s), 1 sub-branch(es)
  [AND/AND] 1 filter(s), 0 sub-branch(es)
    - FORM_SUBMISSION formId=c8606d0b-bd7e-44e3-9a0c-6d3a4e718820 FILLED_OUT
[2026-09-23 16:23:40] [WARNING] Source list contains configuration that is not supported by the destination API.
  List: Submissions | Grades 3-5 Sample
  Field: filter.FORM_SUBMISSION.formId=c8606d0b-bd7e-44e3-9a0c-6d3a4e718820
  Reason: Form c8606d0b-bd7e-44e3-9a0c-6d3a4e718820 ("TouchMath Grades 3-5 Sampler") does not exist in the destination portal, and no mapping was supplied in active-list-form-map.json. HubSpot accepts a foreign form id without error and builds a list that matches zero contacts, so migrating this filter unchanged would produce a silently empty list.
[2026-09-23 16:23:40] [ERROR] Skipping write: the destination list would not behave like the source.
  Source List: Submissions | Grades 3-5 Sample
  Source ID: 654
  Destination Name: Touchmath | Submissions | Grades 3-5 Sample
  Blockers: 1
  Hint: Map the references (see active-list-form-map.json) and re-run, or set ALLOW_LOSSY=true to create it anyway.
[2026-09-23 16:23:40] [INFO] --------------------------------------------------
[2026-09-23 16:23:40] [INFO] Source list found
  Name: CON_OR_2026.04_ORRTII_CY26 - Attendee
  ID: 648
  Type: MANUAL
  ObjectType: 0-1
  Size: 65
[2026-09-23 16:23:40] [WARNING] Source list contains configuration that is not supported by the destination API.
  List: CON_OR_2026.04_ORRTII_CY26 - Attendee
  Field: membership (processingType=MANUAL)
  Reason: A MANUAL (static) list stores an explicit set of records rather than filters. Record ids are not portable between portals, so the destination list is created EMPTY and its members must be added separately.
[2026-09-23 16:23:40] [INFO] Checking destination list...
  Name: Touchmath | CON_OR_2026.04_ORRTII_CY26 - Attendee
[2026-09-23 16:23:40] [INFO] Destination list does not exist
[2026-09-23 16:23:40] [INFO] [DRY-RUN] Would create:
Touchmath | CON_OR_2026.04_ORRTII_CY26 - Attendee
[2026-09-23 16:23:40] [INFO] --------------------------------------------------
[2026-09-23 16:23:40] [INFO] Source list found
  Name: # Downloads | Dyscalculia Toolkit
  ID: 646
  Type: ACTIVE (DYNAMIC)
  ObjectType: 0-1
  Size: 1221
[2026-09-23 16:23:40] [DEBUG] Filter configuration being migrated (values redacted)
  filters: 
[OR/OR] 0 filter(s), 1 sub-branch(es)
  [AND/AND] 2 filter(s), 0 sub-branch(es)
    - FORM_SUBMISSION formId=e53986d0-6a4e-485b-83f4-9ff40bbe28c8 FILLED_OUT
    - PROPERTY hs_email_domain IS_NOT_EQUAL_TO (2 values) [MULTISTRING]
[2026-09-23 16:23:40] [WARNING] Source list contains configuration that is not supported by the destination API.
  List: # Downloads | Dyscalculia Toolkit
  Field: filter.FORM_SUBMISSION.formId=e53986d0-6a4e-485b-83f4-9ff40bbe28c8
  Reason: Form e53986d0-6a4e-485b-83f4-9ff40bbe28c8 ("Dyscalculia Toolkit ") does not exist in the destination portal, and no mapping was supplied in active-list-form-map.json. HubSpot accepts a foreign form id without error and builds a list that matches zero contacts, so migrating this filter unchanged would produce a silently empty list.
[2026-09-23 16:23:40] [ERROR] Skipping write: the destination list would not behave like the source.
  Source List: # Downloads | Dyscalculia Toolkit
  Source ID: 646
  Destination Name: Touchmath | # Downloads | Dyscalculia Toolkit
  Blockers: 1
  Hint: Map the references (see active-list-form-map.json) and re-run, or set ALLOW_LOSSY=true to create it anyway.
[2026-09-23 16:23:40] [INFO] --------------------------------------------------
[2026-09-23 16:23:40] [INFO] Source list found
  Name: (Sales Version) Webinar | TouchMath 3-5 | 5.7.26 - Registrants
  ID: 624
  Type: ACTIVE (DYNAMIC)
  ObjectType: 0-1
  Size: 1225
[2026-09-23 16:23:40] [DEBUG] Filter configuration being migrated (values redacted)
  filters: 
[OR/OR] 0 filter(s), 1 sub-branch(es)
  [AND/AND] 2 filter(s), 0 sub-branch(es)
    - FORM_SUBMISSION formId=2764f15b-f4a0-47b8-a7fe-c6a50641f41b FILLED_OUT
    - PROPERTY hs_email_domain IS_NOT_EQUAL_TO (2 values) [MULTISTRING]
[2026-09-23 16:23:40] [WARNING] Source list contains configuration that is not supported by the destination API.
  List: (Sales Version) Webinar | TouchMath 3-5 | 5.7.26 - Registrants
  Field: filter.FORM_SUBMISSION.formId=2764f15b-f4a0-47b8-a7fe-c6a50641f41b
  Reason: Form 2764f15b-f4a0-47b8-a7fe-c6a50641f41b ("Webinar | TouchMath 3-5 | 5.7.26") does not exist in the destination portal, and no mapping was supplied in active-list-form-map.json. HubSpot accepts a foreign form id without error and builds a list that matches zero contacts, so migrating this filter unchanged would produce a silently empty list.
[2026-09-23 16:23:40] [ERROR] Skipping write: the destination list would not behave like the source.
  Source List: (Sales Version) Webinar | TouchMath 3-5 | 5.7.26 - Registrants
  Source ID: 624
  Destination Name: Touchmath | (Sales Version) Webinar | TouchMath 3-5 | 5.7.26 - Registrants
  Blockers: 1
  Hint: Map the references (see active-list-form-map.json) and re-run, or set ALLOW_LOSSY=true to create it anyway.
[2026-09-23 16:23:40] [INFO] --------------------------------------------------
[2026-09-23 16:23:40] [INFO] Source list found
  Name: Webinar | TouchMath 3-5 | 5.7.26 - Registrants
  ID: 623
  Type: ACTIVE (DYNAMIC)
  ObjectType: 0-1
  Size: 1225
[2026-09-23 16:23:40] [DEBUG] Filter configuration being migrated (values redacted)
  filters: 
[OR/OR] 0 filter(s), 1 sub-branch(es)
  [AND/AND] 2 filter(s), 0 sub-branch(es)
    - FORM_SUBMISSION formId=2764f15b-f4a0-47b8-a7fe-c6a50641f41b FILLED_OUT
    - PROPERTY hs_email_domain IS_NOT_EQUAL_TO (2 values) [MULTISTRING]
[2026-09-23 16:23:40] [WARNING] Source list contains configuration that is not supported by the destination API.
  List: Webinar | TouchMath 3-5 | 5.7.26 - Registrants
  Field: filter.FORM_SUBMISSION.formId=2764f15b-f4a0-47b8-a7fe-c6a50641f41b
  Reason: Form 2764f15b-f4a0-47b8-a7fe-c6a50641f41b ("Webinar | TouchMath 3-5 | 5.7.26") does not exist in the destination portal, and no mapping was supplied in active-list-form-map.json. HubSpot accepts a foreign form id without error and builds a list that matches zero contacts, so migrating this filter unchanged would produce a silently empty list.
[2026-09-23 16:23:40] [ERROR] Skipping write: the destination list would not behave like the source.
  Source List: Webinar | TouchMath 3-5 | 5.7.26 - Registrants
  Source ID: 623
  Destination Name: Touchmath | Webinar | TouchMath 3-5 | 5.7.26 - Registrants
  Blockers: 1
  Hint: Map the references (see active-list-form-map.json) and re-run, or set ALLOW_LOSSY=true to create it anyway.
[2026-09-23 16:23:40] [INFO] --------------------------------------------------
[2026-09-23 16:23:40] [INFO] Source list found
  Name: Submissions | Dyscalculia Toolkit
  ID: 566
  Type: ACTIVE (DYNAMIC)
  ObjectType: 0-1
  Size: 1221
[2026-09-23 16:23:40] [DEBUG] Filter configuration being migrated (values redacted)
  filters: 
[OR/OR] 0 filter(s), 1 sub-branch(es)
  [AND/AND] 2 filter(s), 0 sub-branch(es)
    - FORM_SUBMISSION formId=e53986d0-6a4e-485b-83f4-9ff40bbe28c8 FILLED_OUT
    - PROPERTY hs_email_domain IS_NOT_EQUAL_TO (2 values) [MULTISTRING]
[2026-09-23 16:23:40] [WARNING] Source list contains configuration that is not supported by the destination API.
  List: Submissions | Dyscalculia Toolkit
  Field: filter.FORM_SUBMISSION.formId=e53986d0-6a4e-485b-83f4-9ff40bbe28c8
  Reason: Form e53986d0-6a4e-485b-83f4-9ff40bbe28c8 ("Dyscalculia Toolkit ") does not exist in the destination portal, and no mapping was supplied in active-list-form-map.json. HubSpot accepts a foreign form id without error and builds a list that matches zero contacts, so migrating this filter unchanged would produce a silently empty list.
[2026-09-23 16:23:40] [ERROR] Skipping write: the destination list would not behave like the source.
  Source List: Submissions | Dyscalculia Toolkit
  Source ID: 566
  Destination Name: Touchmath | Submissions | Dyscalculia Toolkit
  Blockers: 1
  Hint: Map the references (see active-list-form-map.json) and re-run, or set ALLOW_LOSSY=true to create it anyway.
[2026-09-23 16:23:40] [INFO] --------------------------------------------------
[2026-09-23 16:23:40] [INFO] Source list found
  Name: EdWeek Registrants 3.3.26 - Bridging the Math Gap
  ID: 559
  Type: MANUAL
  ObjectType: 0-1
  Size: 1536
[2026-09-23 16:23:40] [WARNING] Source list contains configuration that is not supported by the destination API.
  List: EdWeek Registrants 3.3.26 - Bridging the Math Gap
  Field: membership (processingType=MANUAL)
  Reason: A MANUAL (static) list stores an explicit set of records rather than filters. Record ids are not portable between portals, so the destination list is created EMPTY and its members must be added separately.
[2026-09-23 16:23:40] [INFO] Checking destination list...
  Name: Touchmath | EdWeek Registrants 3.3.26 - Bridging the Math Gap
[2026-09-23 16:23:40] [INFO] Destination list already exists
  ID: 5589
  Type: MANUAL
[2026-09-23 16:23:41] [SUCCESS] Destination list is already synchronized.
  Name: Touchmath | EdWeek Registrants 3.3.26 - Bridging the Math Gap
  ID: 5589
[2026-09-23 16:23:41] [INFO] --------------------------------------------------
[2026-09-23 16:23:41] [INFO] Source list found
  Name: TouchMath Customer List 2.24.26
  ID: 557
  Type: MANUAL
  ObjectType: 0-1
  Size: 482
[2026-09-23 16:23:41] [WARNING] Source list contains configuration that is not supported by the destination API.
  List: TouchMath Customer List 2.24.26
  Field: membership (processingType=MANUAL)
  Reason: A MANUAL (static) list stores an explicit set of records rather than filters. Record ids are not portable between portals, so the destination list is created EMPTY and its members must be added separately.
[2026-09-23 16:23:41] [INFO] Checking destination list...
  Name: Touchmath | TouchMath Customer List 2.24.26
[2026-09-23 16:23:41] [INFO] Destination list already exists
  ID: 5591
  Type: MANUAL
[2026-09-23 16:23:42] [SUCCESS] Destination list is already synchronized.
  Name: Touchmath | TouchMath Customer List 2.24.26
  ID: 5591
[2026-09-23 16:23:42] [INFO] --------------------------------------------------
[2026-09-23 16:23:42] [INFO] Source list found
  Name: Active List (Contacts who have opened emails or submitted forms)
  ID: 531
  Type: ACTIVE (DYNAMIC)
  ObjectType: 0-1
  Size: 31412
[2026-09-23 16:23:42] [DEBUG] Filter configuration being migrated (values redacted)
  filters: 
[OR/OR] 0 filter(s), 2 sub-branch(es)
  [AND/AND] 3 filter(s), 0 sub-branch(es)
    - PROPERTY hs_email_open IS_GREATER_THAN_OR_EQUAL_TO [NUMBER]
    - PROPERTY hs_email_last_open_date IS_BETWEEN [TIME_RANGED]
    - PROPERTY hs_email_domain IS_NOT_EQUAL_TO (3 values) [MULTISTRING]
  [AND/AND] 1 filter(s), 0 sub-branch(es)
    - PROPERTY num_conversion_events IS_GREATER_THAN_OR_EQUAL_TO [NUMBER]
[2026-09-23 16:23:42] [INFO] Checking destination list...
  Name: Touchmath | Active List (Contacts who have opened emails or submitted forms)
[2026-09-23 16:23:42] [INFO] Destination list does not exist
[2026-09-23 16:23:42] [INFO] [DRY-RUN] Would create:
Touchmath | Active List (Contacts who have opened emails or submitted forms)

==================================================
ACTIVE LIST MIGRATION SUMMARY
==================================================

Total requested: 19
Would create: 9
Would update: 0
Already synchronized: 2
Partially migrated: 10
Failed: 0
Source lists not found: 0

==================================================
MIGRATION DETAILS
==================================================

DRY RUN
- In US with State Information
  Would: created
  Destination Name: Touchmath | In US with State Information
- FOC Webinar Registrants 5.19.26
  Would: created
  Destination Name: Touchmath | FOC Webinar Registrants 5.19.26
- Webinar | TouchMath 3-5 | 5.7.26 - Handraisers
  Would: created
  Destination Name: Touchmath | Webinar | TouchMath 3-5 | 5.7.26 - Handraisers
- Webinar | ToutchMath 3-5 | 95PG Database Registrants - Handraiser
  Would: created
  Destination Name: Touchmath | Webinar | ToutchMath 3-5 | 95PG Database Registrants - Handraiser
- Webinar | ToutchMath 3-5 | 95PG Database Registrants - Handraiser *NET NEW Contact/Lead
  Would: created
  Destination Name: Touchmath | Webinar | ToutchMath 3-5 | 95PG Database Registrants - Handraiser *NET NEW Contact/Lead
- Webinar | TouchMath 3-5 | 95PG Database Registrants
  Would: created
  Destination Name: Touchmath | Webinar | TouchMath 3-5 | 95PG Database Registrants
- Webinar | TouchMath 3-5 | 95PG Database Email Registrants - Net New Leads
  Would: created
  Destination Name: Touchmath | Webinar | TouchMath 3-5 | 95PG Database Email Registrants - Net New Leads
- CON_OR_2026.04_ORRTII_CY26 - Attendee
  Would: created
  Destination Name: Touchmath | CON_OR_2026.04_ORRTII_CY26 - Attendee
- Active List (Contacts who have opened emails or submitted forms)
  Would: created
  Destination Name: Touchmath | Active List (Contacts who have opened emails or submitted forms)

PARTIAL
- Webinar | ToutchMath 3-5 | 95PG Database Registrants - Attended Live
  Source ID: 682
  Destination ID: not written
  Action: skipped
  Reason: filter.IN_LIST.listId=666: References source list 666, which has no known destination equivalent. List ids are not portable between portals — the destination portal uses that same id for an unrelated list.
- Webinar | ToutchMath 3-5 | 95PG Database Registrants - Attended Live *NET NEW Contact/Lead
  Source ID: 683
  Destination ID: not written
  Action: skipped
  Reason: filter.IN_LIST.listId=666: References source list 666, which has no known destination equivalent. List ids are not portable between portals — the destination portal uses that same id for an unrelated list.
- Webinar | TouchMath 3-5 | 5.7.26 - Live Attendees
  Source ID: 666
  Destination ID: not written
  Action: skipped
  Reason: filter.PROPERTY.property=ue_webinar_id: Property "ue_webinar_id" does not exist on the destination contacts object, so this filter cannot evaluate the same way.
- Submissions | Grades 3-5 Sample
  Source ID: 654
  Destination ID: not written
  Action: skipped
  Reason: filter.FORM_SUBMISSION.formId=c8606d0b-bd7e-44e3-9a0c-6d3a4e718820: Form c8606d0b-bd7e-44e3-9a0c-6d3a4e718820 ("TouchMath Grades 3-5 Sampler") does not exist in the destination portal, and no mapping was supplied in active-list-form-map.json. HubSpot accepts a foreign form id without error and builds a list that matches zero contacts, so migrating this filter unchanged would produce a silently empty list.
- # Downloads | Dyscalculia Toolkit
  Source ID: 646
  Destination ID: not written
  Action: skipped
  Reason: filter.FORM_SUBMISSION.formId=e53986d0-6a4e-485b-83f4-9ff40bbe28c8: Form e53986d0-6a4e-485b-83f4-9ff40bbe28c8 ("Dyscalculia Toolkit ") does not exist in the destination portal, and no mapping was supplied in active-list-form-map.json. HubSpot accepts a foreign form id without error and builds a list that matches zero contacts, so migrating this filter unchanged would produce a silently empty list.
- (Sales Version) Webinar | TouchMath 3-5 | 5.7.26 - Registrants
  Source ID: 624
  Destination ID: not written
  Action: skipped
  Reason: filter.FORM_SUBMISSION.formId=2764f15b-f4a0-47b8-a7fe-c6a50641f41b: Form 2764f15b-f4a0-47b8-a7fe-c6a50641f41b ("Webinar | TouchMath 3-5 | 5.7.26") does not exist in the destination portal, and no mapping was supplied in active-list-form-map.json. HubSpot accepts a foreign form id without error and builds a list that matches zero contacts, so migrating this filter unchanged would produce a silently empty list.
- Webinar | TouchMath 3-5 | 5.7.26 - Registrants
  Source ID: 623
  Destination ID: not written
  Action: skipped
  Reason: filter.FORM_SUBMISSION.formId=2764f15b-f4a0-47b8-a7fe-c6a50641f41b: Form 2764f15b-f4a0-47b8-a7fe-c6a50641f41b ("Webinar | TouchMath 3-5 | 5.7.26") does not exist in the destination portal, and no mapping was supplied in active-list-form-map.json. HubSpot accepts a foreign form id without error and builds a list that matches zero contacts, so migrating this filter unchanged would produce a silently empty list.
- Submissions | Dyscalculia Toolkit
  Source ID: 566
  Destination ID: not written
  Action: skipped
  Reason: filter.FORM_SUBMISSION.formId=e53986d0-6a4e-485b-83f4-9ff40bbe28c8: Form e53986d0-6a4e-485b-83f4-9ff40bbe28c8 ("Dyscalculia Toolkit ") does not exist in the destination portal, and no mapping was supplied in active-list-form-map.json. HubSpot accepts a foreign form id without error and builds a list that matches zero contacts, so migrating this filter unchanged would produce a silently empty list.
- EdWeek Registrants 3.3.26 - Bridging the Math Gap
  Source ID: 559
  Destination ID: 5589
  Action: already_synced
  Reason: MANUAL list: membership not migrated (destination list is empty).
- TouchMath Customer List 2.24.26
  Source ID: 557
  Destination ID: 5591
  Action: already_synced
  Reason: MANUAL list: membership not migrated (destination list is empty).

==================================================
