[2026-09-23 17:40:15] [INFO] Starting Active List migration
[2026-09-23 17:40:15] [INFO] Configuration
  DRY_RUN: true
  ALLOW_LOSSY: false
  Prefix: Touchmath | 
  Requested lists: 22
  Max retries: 5
  Log file: /home/sudhakarpanday_1536/Desktop/Migration/Practus/Practus-Migration/logs/active-list-migration-2026-09-23T12-10-15-937Z.log
[2026-09-23 17:40:15] [INFO] Loaded form id map
  entries: 3
[2026-09-23 17:40:17] [INFO] Enumerated source lists
  count: 209
[2026-09-23 17:40:23] [INFO] Enumerated destination lists
  count: 1292
[2026-09-23 17:40:24] [INFO] Loaded destination properties for pre-flight checks
  count: 573
[2026-09-23 17:40:25] [INFO] Destination portal
  portalId: 47206776
  timeZone: US/Eastern
[2026-09-23 17:40:53] [INFO] Form references pre-flight
  referenced: 3
  resolvableInDestination: 6
  unresolved: none
[2026-09-23 17:40:53] [INFO] Fetching list configuration...
  Name: TouchMath Customer List 09.08.26
  ID: 872
[2026-09-23 17:40:54] [SUCCESS] Source list configuration retrieved
  ID: 872
  Type: MANUAL
[2026-09-23 17:40:54] [INFO] Fetching list configuration...
  Name: CON_KY_2026.07_KASA_CY26-Attendees
  ID: 828
[2026-09-23 17:40:55] [SUCCESS] Source list configuration retrieved
  ID: 828
  Type: MANUAL
[2026-09-23 17:40:55] [INFO] Fetching list configuration...
  Name: CON_TX_2026.06_TEPSA_CY26 - Attendees - TouchMath
  ID: 779
[2026-09-23 17:40:56] [SUCCESS] Source list configuration retrieved
  ID: 779
  Type: MANUAL
[2026-09-23 17:40:56] [INFO] Fetching list configuration...
  Name: In US with State Information
  ID: 532
[2026-09-23 17:40:57] [SUCCESS] Source list configuration retrieved
  ID: 532
  Type: DYNAMIC
[2026-09-23 17:40:57] [INFO] Fetching list configuration...
  Name: FOC Webinar Registrants 5.19.26
  ID: 751
[2026-09-23 17:40:58] [SUCCESS] Source list configuration retrieved
  ID: 751
  Type: DYNAMIC
[2026-09-23 17:40:58] [INFO] Fetching list configuration...
  Name: Webinar | ToutchMath 3-5 | 95PG Database Registrants - Handraiser *NET NEW Contact/Lead
  ID: 685
[2026-09-23 17:40:59] [SUCCESS] Source list configuration retrieved
  ID: 685
  Type: DYNAMIC
[2026-09-23 17:40:59] [INFO] Fetching list configuration...
  Name: Webinar | ToutchMath 3-5 | 95PG Database Registrants - Handraiser
  ID: 684
[2026-09-23 17:41:00] [SUCCESS] Source list configuration retrieved
  ID: 684
  Type: DYNAMIC
[2026-09-23 17:41:00] [INFO] Fetching list configuration...
  Name: Webinar | TouchMath 3-5 | 5.7.26 - Handraisers
  ID: 672
[2026-09-23 17:41:01] [SUCCESS] Source list configuration retrieved
  ID: 672
  Type: DYNAMIC
[2026-09-23 17:41:01] [INFO] Fetching list configuration...
  Name: Webinar | ToutchMath 3-5 | 95PG Database Registrants - Attended Live *NET NEW Contact/Lead
  ID: 683
[2026-09-23 17:41:02] [SUCCESS] Source list configuration retrieved
  ID: 683
  Type: DYNAMIC
[2026-09-23 17:41:02] [INFO] Fetching list configuration...
  Name: Webinar | ToutchMath 3-5 | 95PG Database Registrants - Attended Live
  ID: 682
[2026-09-23 17:41:03] [SUCCESS] Source list configuration retrieved
  ID: 682
  Type: DYNAMIC
[2026-09-23 17:41:03] [INFO] Fetching list configuration...
  Name: Webinar | TouchMath 3-5 | 95PG Database Registrants
  ID: 681
[2026-09-23 17:41:05] [SUCCESS] Source list configuration retrieved
  ID: 681
  Type: MANUAL
[2026-09-23 17:41:05] [INFO] Fetching list configuration...
  Name: Webinar | TouchMath 3-5 | 95PG Database Email Registrants - Net New Leads
  ID: 678
[2026-09-23 17:41:06] [SUCCESS] Source list configuration retrieved
  ID: 678
  Type: DYNAMIC
[2026-09-23 17:41:06] [INFO] Fetching list configuration...
  Name: Webinar | TouchMath 3-5 | 5.7.26 - Live Attendees
  ID: 666
[2026-09-23 17:41:07] [SUCCESS] Source list configuration retrieved
  ID: 666
  Type: DYNAMIC
[2026-09-23 17:41:07] [INFO] Fetching list configuration...
  Name: Submissions | Grades 3-5 Sample
  ID: 654
[2026-09-23 17:41:08] [SUCCESS] Source list configuration retrieved
  ID: 654
  Type: DYNAMIC
[2026-09-23 17:41:08] [INFO] Fetching list configuration...
  Name: CON_OR_2026.04_ORRTII_CY26 - Attendee
  ID: 648
[2026-09-23 17:41:09] [SUCCESS] Source list configuration retrieved
  ID: 648
  Type: MANUAL
[2026-09-23 17:41:09] [INFO] Fetching list configuration...
  Name: # Downloads | Dyscalculia Toolkit
  ID: 646
[2026-09-23 17:41:10] [SUCCESS] Source list configuration retrieved
  ID: 646
  Type: DYNAMIC
[2026-09-23 17:41:10] [INFO] Fetching list configuration...
  Name: (Sales Version) Webinar | TouchMath 3-5 | 5.7.26 - Registrants
  ID: 624
[2026-09-23 17:41:11] [SUCCESS] Source list configuration retrieved
  ID: 624
  Type: DYNAMIC
[2026-09-23 17:41:11] [INFO] Fetching list configuration...
  Name: Webinar | TouchMath 3-5 | 5.7.26 - Registrants
  ID: 623
[2026-09-23 17:41:12] [SUCCESS] Source list configuration retrieved
  ID: 623
  Type: DYNAMIC
[2026-09-23 17:41:12] [INFO] Fetching list configuration...
  Name: Submissions | Dyscalculia Toolkit
  ID: 566
[2026-09-23 17:41:13] [SUCCESS] Source list configuration retrieved
  ID: 566
  Type: DYNAMIC
[2026-09-23 17:41:13] [INFO] Fetching list configuration...
  Name: EdWeek Registrants 3.3.26 - Bridging the Math Gap
  ID: 559
[2026-09-23 17:41:14] [SUCCESS] Source list configuration retrieved
  ID: 559
  Type: MANUAL
[2026-09-23 17:41:14] [INFO] Fetching list configuration...
  Name: TouchMath Customer List 2.24.26
  ID: 557
[2026-09-23 17:41:15] [SUCCESS] Source list configuration retrieved
  ID: 557
  Type: MANUAL
[2026-09-23 17:41:15] [INFO] Fetching list configuration...
  Name: Active List (Contacts who have opened emails or submitted forms)
  ID: 531
[2026-09-23 17:41:16] [SUCCESS] Source list configuration retrieved
  ID: 531
  Type: DYNAMIC
[2026-09-23 17:41:16] [INFO] Migration order resolved (IN_LIST dependencies first)
  order: 872 -> 828 -> 779 -> 532 -> 751 -> 678 -> 672 -> 685 -> 681 -> 684 -> 666 -> 683 -> 682 -> 654 -> 648 -> 646 -> 624 -> 623 -> 566 -> 559 -> 557 -> 531
[2026-09-23 17:41:16] [INFO] --------------------------------------------------
[2026-09-23 17:41:16] [INFO] Source list found
  Name: TouchMath Customer List 09.08.26
  ID: 872
  Type: MANUAL
  ObjectType: 0-1
  Size: 1331
[2026-09-23 17:41:16] [WARNING] Source list contains configuration that is not supported by the destination API.
  List: TouchMath Customer List 09.08.26
  Field: membership (processingType=MANUAL)
  Reason: A MANUAL (static) list stores an explicit set of records rather than filters. Record ids are not portable between portals, so the destination list is created EMPTY and its members must be added separately.
[2026-09-23 17:41:16] [INFO] Checking destination list...
  Name: Touchmath | TouchMath Customer List 09.08.26
[2026-09-23 17:41:16] [INFO] Destination list does not exist
[2026-09-23 17:41:16] [INFO] [DRY-RUN] Would create:
Touchmath | TouchMath Customer List 09.08.26
[2026-09-23 17:41:16] [INFO] --------------------------------------------------
[2026-09-23 17:41:16] [INFO] Source list found
  Name: CON_KY_2026.07_KASA_CY26-Attendees
  ID: 828
  Type: MANUAL
  ObjectType: 0-1
  Size: 60
[2026-09-23 17:41:16] [WARNING] Source list contains configuration that is not supported by the destination API.
  List: CON_KY_2026.07_KASA_CY26-Attendees
  Field: membership (processingType=MANUAL)
  Reason: A MANUAL (static) list stores an explicit set of records rather than filters. Record ids are not portable between portals, so the destination list is created EMPTY and its members must be added separately.
[2026-09-23 17:41:16] [INFO] Checking destination list...
  Name: Touchmath | CON_KY_2026.07_KASA_CY26-Attendees
[2026-09-23 17:41:16] [INFO] Destination list does not exist
[2026-09-23 17:41:16] [INFO] [DRY-RUN] Would create:
Touchmath | CON_KY_2026.07_KASA_CY26-Attendees
[2026-09-23 17:41:16] [INFO] --------------------------------------------------
[2026-09-23 17:41:16] [INFO] Source list found
  Name: CON_TX_2026.06_TEPSA_CY26 - Attendees - TouchMath
  ID: 779
  Type: MANUAL
  ObjectType: 0-1
  Size: 24
[2026-09-23 17:41:16] [WARNING] Source list contains configuration that is not supported by the destination API.
  List: CON_TX_2026.06_TEPSA_CY26 - Attendees - TouchMath
  Field: membership (processingType=MANUAL)
  Reason: A MANUAL (static) list stores an explicit set of records rather than filters. Record ids are not portable between portals, so the destination list is created EMPTY and its members must be added separately.
[2026-09-23 17:41:16] [INFO] Checking destination list...
  Name: Touchmath | CON_TX_2026.06_TEPSA_CY26 - Attendees - TouchMath
[2026-09-23 17:41:16] [INFO] Destination list does not exist
[2026-09-23 17:41:16] [INFO] [DRY-RUN] Would create:
Touchmath | CON_TX_2026.06_TEPSA_CY26 - Attendees - TouchMath
[2026-09-23 17:41:16] [INFO] --------------------------------------------------
[2026-09-23 17:41:16] [INFO] Source list found
  Name: In US with State Information
  ID: 532
  Type: ACTIVE (DYNAMIC)
  ObjectType: 0-1
  Size: 504321
[2026-09-23 17:41:16] [DEBUG] Filter configuration being migrated (values redacted)
  filters: 
[OR/OR] 0 filter(s), 1 sub-branch(es)
  [AND/AND] 1 filter(s), 0 sub-branch(es)
    - PROPERTY state IS_KNOWN [ALL_PROPERTY]
[2026-09-23 17:41:16] [INFO] Checking destination list...
  Name: Touchmath | In US with State Information
[2026-09-23 17:41:16] [INFO] Destination list already exists
  ID: 5631
  Type: DYNAMIC
[2026-09-23 17:41:17] [SUCCESS] Destination list is already synchronized.
  Name: Touchmath | In US with State Information
  ID: 5631
[2026-09-23 17:41:17] [INFO] --------------------------------------------------
[2026-09-23 17:41:17] [INFO] Source list found
  Name: FOC Webinar Registrants 5.19.26
  ID: 751
  Type: ACTIVE (DYNAMIC)
  ObjectType: 0-1
  Size: 504
[2026-09-23 17:41:17] [DEBUG] Filter configuration being migrated (values redacted)
  filters: 
[AND/AND] 0 filter(s), 2 sub-branch(es)
  [AND/AND] 1 filter(s), 0 sub-branch(es)
    - PROPERTY email IS_EQUAL_TO (619 values) [MULTISTRING]
  [AND/AND] 1 filter(s), 0 sub-branch(es)
    - PROPERTY hs_email_domain IS_NOT_EQUAL_TO (2 values) [MULTISTRING]
[2026-09-23 17:41:17] [INFO] Adjusted filter for destination portal: root AND -> OR with one nested AND (2 filter(s) merged; membership unchanged)
  List: FOC Webinar Registrants 5.19.26
[2026-09-23 17:41:17] [INFO] Checking destination list...
  Name: Touchmath | FOC Webinar Registrants 5.19.26
[2026-09-23 17:41:17] [INFO] Destination list already exists
  ID: 5632
  Type: DYNAMIC
[2026-09-23 17:41:18] [SUCCESS] Destination list is already synchronized.
  Name: Touchmath | FOC Webinar Registrants 5.19.26
  ID: 5632
[2026-09-23 17:41:18] [INFO] --------------------------------------------------
[2026-09-23 17:41:18] [INFO] Source list found
  Name: Webinar | TouchMath 3-5 | 95PG Database Email Registrants - Net New Leads
  ID: 678
  Type: ACTIVE (DYNAMIC)
  ObjectType: 0-1
  Size: 138
[2026-09-23 17:41:18] [DEBUG] Filter configuration being migrated (values redacted)
  filters: 
[OR/OR] 0 filter(s), 1 sub-branch(es)
  [AND/AND] 1 filter(s), 0 sub-branch(es)
    - PROPERTY hs_analytics_source_data_1 IS_EQUAL_TO (1 values) [MULTISTRING]
[2026-09-23 17:41:18] [INFO] Checking destination list...
  Name: Touchmath | Webinar | TouchMath 3-5 | 95PG Database Email Registrants - Net New Leads
[2026-09-23 17:41:18] [INFO] Destination list already exists
  ID: 5634
  Type: DYNAMIC
[2026-09-23 17:41:19] [SUCCESS] Destination list is already synchronized.
  Name: Touchmath | Webinar | TouchMath 3-5 | 95PG Database Email Registrants - Net New Leads
  ID: 5634
[2026-09-23 17:41:19] [INFO] --------------------------------------------------
[2026-09-23 17:41:19] [INFO] Source list found
  Name: Webinar | TouchMath 3-5 | 5.7.26 - Handraisers
  ID: 672
  Type: ACTIVE (DYNAMIC)
  ObjectType: 0-1
  Size: 132
[2026-09-23 17:41:19] [DEBUG] Filter configuration being migrated (values redacted)
  filters: 
[OR/OR] 0 filter(s), 1 sub-branch(es)
  [AND/AND] 1 filter(s), 0 sub-branch(es)
    - PROPERTY email IS_EQUAL_TO (133 values) [MULTISTRING]
[2026-09-23 17:41:19] [INFO] Checking destination list...
  Name: Touchmath | Webinar | TouchMath 3-5 | 5.7.26 - Handraisers
[2026-09-23 17:41:19] [INFO] Destination list already exists
  ID: 5635
  Type: DYNAMIC
[2026-09-23 17:41:21] [SUCCESS] Destination list is already synchronized.
  Name: Touchmath | Webinar | TouchMath 3-5 | 5.7.26 - Handraisers
  ID: 5635
[2026-09-23 17:41:21] [INFO] --------------------------------------------------
[2026-09-23 17:41:21] [INFO] Source list found
  Name: Webinar | ToutchMath 3-5 | 95PG Database Registrants - Handraiser *NET NEW Contact/Lead
  ID: 685
  Type: ACTIVE (DYNAMIC)
  ObjectType: 0-1
  Size: 16
[2026-09-23 17:41:21] [DEBUG] Filter configuration being migrated (values redacted)
  filters: 
[OR/OR] 0 filter(s), 1 sub-branch(es)
  [AND/AND] 2 filter(s), 0 sub-branch(es)
    - IN_LIST listId=678 IN_LIST
    - IN_LIST listId=672 IN_LIST
[2026-09-23 17:41:21] [INFO] Rewrote cross-portal reference: IN_LIST 678 -> 5634
[2026-09-23 17:41:21] [INFO] Rewrote cross-portal reference: IN_LIST 672 -> 5635
[2026-09-23 17:41:21] [INFO] Checking destination list...
  Name: Touchmath | Webinar | ToutchMath 3-5 | 95PG Database Registrants - Handraiser *NET NEW Contact/Lead
[2026-09-23 17:41:21] [INFO] Destination list already exists
  ID: 5637
  Type: DYNAMIC
[2026-09-23 17:41:22] [SUCCESS] Destination list is already synchronized.
  Name: Touchmath | Webinar | ToutchMath 3-5 | 95PG Database Registrants - Handraiser *NET NEW Contact/Lead
  ID: 5637
[2026-09-23 17:41:22] [INFO] --------------------------------------------------
[2026-09-23 17:41:22] [INFO] Source list found
  Name: Webinar | TouchMath 3-5 | 95PG Database Registrants
  ID: 681
  Type: MANUAL
  ObjectType: 0-1
  Size: 156
[2026-09-23 17:41:22] [WARNING] Source list contains configuration that is not supported by the destination API.
  List: Webinar | TouchMath 3-5 | 95PG Database Registrants
  Field: membership (processingType=MANUAL)
  Reason: A MANUAL (static) list stores an explicit set of records rather than filters. Record ids are not portable between portals, so the destination list is created EMPTY and its members must be added separately.
[2026-09-23 17:41:22] [INFO] Checking destination list...
  Name: Touchmath | Webinar | TouchMath 3-5 | 95PG Database Registrants
[2026-09-23 17:41:22] [INFO] Destination list already exists
  ID: 5633
  Type: MANUAL
[2026-09-23 17:41:23] [SUCCESS] Destination list is already synchronized.
  Name: Touchmath | Webinar | TouchMath 3-5 | 95PG Database Registrants
  ID: 5633
[2026-09-23 17:41:23] [INFO] --------------------------------------------------
[2026-09-23 17:41:23] [INFO] Source list found
  Name: Webinar | ToutchMath 3-5 | 95PG Database Registrants - Handraiser
  ID: 684
  Type: ACTIVE (DYNAMIC)
  ObjectType: 0-1
  Size: 20
[2026-09-23 17:41:23] [DEBUG] Filter configuration being migrated (values redacted)
  filters: 
[OR/OR] 0 filter(s), 1 sub-branch(es)
  [AND/AND] 2 filter(s), 0 sub-branch(es)
    - IN_LIST listId=681 IN_LIST
    - IN_LIST listId=672 IN_LIST
[2026-09-23 17:41:23] [INFO] Rewrote cross-portal reference: IN_LIST 681 -> 5633
[2026-09-23 17:41:23] [INFO] Rewrote cross-portal reference: IN_LIST 672 -> 5635
[2026-09-23 17:41:23] [INFO] Checking destination list...
  Name: Touchmath | Webinar | ToutchMath 3-5 | 95PG Database Registrants - Handraiser
[2026-09-23 17:41:23] [INFO] Destination list already exists
  ID: 5636
  Type: DYNAMIC
[2026-09-23 17:41:24] [SUCCESS] Destination list is already synchronized.
  Name: Touchmath | Webinar | ToutchMath 3-5 | 95PG Database Registrants - Handraiser
  ID: 5636
[2026-09-23 17:41:24] [INFO] --------------------------------------------------
[2026-09-23 17:41:24] [INFO] Source list found
  Name: Webinar | TouchMath 3-5 | 5.7.26 - Live Attendees
  ID: 666
  Type: ACTIVE (DYNAMIC)
  ObjectType: 0-1
  Size: 310
[2026-09-23 17:41:24] [DEBUG] Filter configuration being migrated (values redacted)
  filters: 
[OR/OR] 0 filter(s), 1 sub-branch(es)
  [AND/AND] 1 filter(s), 1 sub-branch(es)
    - PROPERTY hs_email_domain IS_NOT_EQUAL_TO (2 values) [MULTISTRING]
    [UNIFIED_EVENTS/AND] 1 filter(s), 0 sub-branch(es)
      - PROPERTY ue_webinar_id IS_EQUAL_TO (1 values) [MULTISTRING]
[2026-09-23 17:41:24] [INFO] Checking destination list...
  Name: Touchmath | Webinar | TouchMath 3-5 | 5.7.26 - Live Attendees
[2026-09-23 17:41:24] [INFO] Destination list does not exist
[2026-09-23 17:41:24] [INFO] [DRY-RUN] Would create:
Touchmath | Webinar | TouchMath 3-5 | 5.7.26 - Live Attendees
[2026-09-23 17:41:24] [INFO] --------------------------------------------------
[2026-09-23 17:41:24] [INFO] Source list found
  Name: Webinar | ToutchMath 3-5 | 95PG Database Registrants - Attended Live *NET NEW Contact/Lead
  ID: 683
  Type: ACTIVE (DYNAMIC)
  ObjectType: 0-1
  Size: 41
[2026-09-23 17:41:24] [DEBUG] Filter configuration being migrated (values redacted)
  filters: 
[OR/OR] 0 filter(s), 1 sub-branch(es)
  [AND/AND] 2 filter(s), 0 sub-branch(es)
    - IN_LIST listId=678 IN_LIST
    - IN_LIST listId=666 IN_LIST
[2026-09-23 17:41:24] [INFO] Rewrote cross-portal reference: IN_LIST 678 -> 5634
[2026-09-23 17:41:24] [INFO] Rewrote cross-portal reference: IN_LIST 666 -> dry-run:666
[2026-09-23 17:41:24] [INFO] Checking destination list...
  Name: Touchmath | Webinar | ToutchMath 3-5 | 95PG Database Registrants - Attended Live *NET NEW Contact/Lead
[2026-09-23 17:41:24] [INFO] Destination list does not exist
[2026-09-23 17:41:24] [INFO] [DRY-RUN] Would create:
Touchmath | Webinar | ToutchMath 3-5 | 95PG Database Registrants - Attended Live *NET NEW Contact/Lead
[2026-09-23 17:41:24] [INFO] --------------------------------------------------
[2026-09-23 17:41:24] [INFO] Source list found
  Name: Webinar | ToutchMath 3-5 | 95PG Database Registrants - Attended Live
  ID: 682
  Type: ACTIVE (DYNAMIC)
  ObjectType: 0-1
  Size: 50
[2026-09-23 17:41:24] [DEBUG] Filter configuration being migrated (values redacted)
  filters: 
[OR/OR] 0 filter(s), 1 sub-branch(es)
  [AND/AND] 2 filter(s), 0 sub-branch(es)
    - IN_LIST listId=681 IN_LIST
    - IN_LIST listId=666 IN_LIST
[2026-09-23 17:41:24] [INFO] Rewrote cross-portal reference: IN_LIST 681 -> 5633
[2026-09-23 17:41:24] [INFO] Rewrote cross-portal reference: IN_LIST 666 -> dry-run:666
[2026-09-23 17:41:24] [INFO] Checking destination list...
  Name: Touchmath | Webinar | ToutchMath 3-5 | 95PG Database Registrants - Attended Live
[2026-09-23 17:41:24] [INFO] Destination list does not exist
[2026-09-23 17:41:24] [INFO] [DRY-RUN] Would create:
Touchmath | Webinar | ToutchMath 3-5 | 95PG Database Registrants - Attended Live
[2026-09-23 17:41:24] [INFO] --------------------------------------------------
[2026-09-23 17:41:24] [INFO] Source list found
  Name: Submissions | Grades 3-5 Sample
  ID: 654
  Type: ACTIVE (DYNAMIC)
  ObjectType: 0-1
  Size: 4728
[2026-09-23 17:41:24] [DEBUG] Filter configuration being migrated (values redacted)
  filters: 
[OR/OR] 0 filter(s), 1 sub-branch(es)
  [AND/AND] 1 filter(s), 0 sub-branch(es)
    - FORM_SUBMISSION formId=c8606d0b-bd7e-44e3-9a0c-6d3a4e718820 FILLED_OUT
[2026-09-23 17:41:24] [INFO] Rewrote cross-portal reference: FORM_SUBMISSION c8606d0b-bd7e-44e3-9a0c-6d3a4e718820 -> ed8b8035-4b01-48cb-be1d-4f8c1e603f58
[2026-09-23 17:41:24] [INFO] Checking destination list...
  Name: Touchmath | Submissions | Grades 3-5 Sample
[2026-09-23 17:41:24] [INFO] Destination list already exists
  ID: 5638
  Type: DYNAMIC
[2026-09-23 17:41:25] [SUCCESS] Destination list is already synchronized.
  Name: Touchmath | Submissions | Grades 3-5 Sample
  ID: 5638
[2026-09-23 17:41:25] [INFO] --------------------------------------------------
[2026-09-23 17:41:25] [INFO] Source list found
  Name: CON_OR_2026.04_ORRTII_CY26 - Attendee
  ID: 648
  Type: MANUAL
  ObjectType: 0-1
  Size: 65
[2026-09-23 17:41:25] [WARNING] Source list contains configuration that is not supported by the destination API.
  List: CON_OR_2026.04_ORRTII_CY26 - Attendee
  Field: membership (processingType=MANUAL)
  Reason: A MANUAL (static) list stores an explicit set of records rather than filters. Record ids are not portable between portals, so the destination list is created EMPTY and its members must be added separately.
[2026-09-23 17:41:25] [INFO] Checking destination list...
  Name: Touchmath | CON_OR_2026.04_ORRTII_CY26 - Attendee
[2026-09-23 17:41:25] [INFO] Destination list already exists
  ID: 5639
  Type: MANUAL
[2026-09-23 17:41:26] [SUCCESS] Destination list is already synchronized.
  Name: Touchmath | CON_OR_2026.04_ORRTII_CY26 - Attendee
  ID: 5639
[2026-09-23 17:41:26] [INFO] --------------------------------------------------
[2026-09-23 17:41:26] [INFO] Source list found
  Name: # Downloads | Dyscalculia Toolkit
  ID: 646
  Type: ACTIVE (DYNAMIC)
  ObjectType: 0-1
  Size: 1221
[2026-09-23 17:41:26] [DEBUG] Filter configuration being migrated (values redacted)
  filters: 
[OR/OR] 0 filter(s), 1 sub-branch(es)
  [AND/AND] 2 filter(s), 0 sub-branch(es)
    - FORM_SUBMISSION formId=e53986d0-6a4e-485b-83f4-9ff40bbe28c8 FILLED_OUT
    - PROPERTY hs_email_domain IS_NOT_EQUAL_TO (2 values) [MULTISTRING]
[2026-09-23 17:41:26] [INFO] Rewrote cross-portal reference: FORM_SUBMISSION e53986d0-6a4e-485b-83f4-9ff40bbe28c8 -> 6641aebf-3aab-4b2c-9fea-c8a86707537e
[2026-09-23 17:41:26] [INFO] Checking destination list...
  Name: Touchmath | # Downloads | Dyscalculia Toolkit
[2026-09-23 17:41:26] [INFO] Destination list already exists
  ID: 5640
  Type: DYNAMIC
[2026-09-23 17:41:27] [SUCCESS] Destination list is already synchronized.
  Name: Touchmath | # Downloads | Dyscalculia Toolkit
  ID: 5640
[2026-09-23 17:41:27] [INFO] --------------------------------------------------
[2026-09-23 17:41:27] [INFO] Source list found
  Name: (Sales Version) Webinar | TouchMath 3-5 | 5.7.26 - Registrants
  ID: 624
  Type: ACTIVE (DYNAMIC)
  ObjectType: 0-1
  Size: 1225
[2026-09-23 17:41:27] [DEBUG] Filter configuration being migrated (values redacted)
  filters: 
[OR/OR] 0 filter(s), 1 sub-branch(es)
  [AND/AND] 2 filter(s), 0 sub-branch(es)
    - FORM_SUBMISSION formId=2764f15b-f4a0-47b8-a7fe-c6a50641f41b FILLED_OUT
    - PROPERTY hs_email_domain IS_NOT_EQUAL_TO (2 values) [MULTISTRING]
[2026-09-23 17:41:27] [INFO] Rewrote cross-portal reference: FORM_SUBMISSION 2764f15b-f4a0-47b8-a7fe-c6a50641f41b -> b317f20e-3353-4a37-967a-4cdef67c3f77
[2026-09-23 17:41:27] [INFO] Checking destination list...
  Name: Touchmath | (Sales Version) Webinar | TouchMath 3-5 | 5.7.26 - Registrants
[2026-09-23 17:41:27] [INFO] Destination list already exists
  ID: 5641
  Type: DYNAMIC
[2026-09-23 17:41:29] [SUCCESS] Destination list is already synchronized.
  Name: Touchmath | (Sales Version) Webinar | TouchMath 3-5 | 5.7.26 - Registrants
  ID: 5641
[2026-09-23 17:41:29] [INFO] --------------------------------------------------
[2026-09-23 17:41:29] [INFO] Source list found
  Name: Webinar | TouchMath 3-5 | 5.7.26 - Registrants
  ID: 623
  Type: ACTIVE (DYNAMIC)
  ObjectType: 0-1
  Size: 1225
[2026-09-23 17:41:29] [DEBUG] Filter configuration being migrated (values redacted)
  filters: 
[OR/OR] 0 filter(s), 1 sub-branch(es)
  [AND/AND] 2 filter(s), 0 sub-branch(es)
    - FORM_SUBMISSION formId=2764f15b-f4a0-47b8-a7fe-c6a50641f41b FILLED_OUT
    - PROPERTY hs_email_domain IS_NOT_EQUAL_TO (2 values) [MULTISTRING]
[2026-09-23 17:41:29] [INFO] Rewrote cross-portal reference: FORM_SUBMISSION 2764f15b-f4a0-47b8-a7fe-c6a50641f41b -> b317f20e-3353-4a37-967a-4cdef67c3f77
[2026-09-23 17:41:29] [INFO] Checking destination list...
  Name: Touchmath | Webinar | TouchMath 3-5 | 5.7.26 - Registrants
[2026-09-23 17:41:29] [INFO] Destination list already exists
  ID: 5642
  Type: DYNAMIC
[2026-09-23 17:41:29] [SUCCESS] Destination list is already synchronized.
  Name: Touchmath | Webinar | TouchMath 3-5 | 5.7.26 - Registrants
  ID: 5642
[2026-09-23 17:41:29] [INFO] --------------------------------------------------
[2026-09-23 17:41:29] [INFO] Source list found
  Name: Submissions | Dyscalculia Toolkit
  ID: 566
  Type: ACTIVE (DYNAMIC)
  ObjectType: 0-1
  Size: 1221
[2026-09-23 17:41:29] [DEBUG] Filter configuration being migrated (values redacted)
  filters: 
[OR/OR] 0 filter(s), 1 sub-branch(es)
  [AND/AND] 2 filter(s), 0 sub-branch(es)
    - FORM_SUBMISSION formId=e53986d0-6a4e-485b-83f4-9ff40bbe28c8 FILLED_OUT
    - PROPERTY hs_email_domain IS_NOT_EQUAL_TO (2 values) [MULTISTRING]
[2026-09-23 17:41:29] [INFO] Rewrote cross-portal reference: FORM_SUBMISSION e53986d0-6a4e-485b-83f4-9ff40bbe28c8 -> 6641aebf-3aab-4b2c-9fea-c8a86707537e
[2026-09-23 17:41:29] [INFO] Checking destination list...
  Name: Touchmath | Submissions | Dyscalculia Toolkit
[2026-09-23 17:41:29] [INFO] Destination list already exists
  ID: 5643
  Type: DYNAMIC
[2026-09-23 17:41:31] [SUCCESS] Destination list is already synchronized.
  Name: Touchmath | Submissions | Dyscalculia Toolkit
  ID: 5643
[2026-09-23 17:41:31] [INFO] --------------------------------------------------
[2026-09-23 17:41:31] [INFO] Source list found
  Name: EdWeek Registrants 3.3.26 - Bridging the Math Gap
  ID: 559
  Type: MANUAL
  ObjectType: 0-1
  Size: 1536
[2026-09-23 17:41:31] [WARNING] Source list contains configuration that is not supported by the destination API.
  List: EdWeek Registrants 3.3.26 - Bridging the Math Gap
  Field: membership (processingType=MANUAL)
  Reason: A MANUAL (static) list stores an explicit set of records rather than filters. Record ids are not portable between portals, so the destination list is created EMPTY and its members must be added separately.
[2026-09-23 17:41:31] [INFO] Checking destination list...
  Name: Touchmath | EdWeek Registrants 3.3.26 - Bridging the Math Gap
[2026-09-23 17:41:31] [INFO] Destination list already exists
  ID: 5644
  Type: MANUAL
[2026-09-23 17:41:32] [SUCCESS] Destination list is already synchronized.
  Name: Touchmath | EdWeek Registrants 3.3.26 - Bridging the Math Gap
  ID: 5644
[2026-09-23 17:41:32] [INFO] --------------------------------------------------
[2026-09-23 17:41:32] [INFO] Source list found
  Name: TouchMath Customer List 2.24.26
  ID: 557
  Type: MANUAL
  ObjectType: 0-1
  Size: 482
[2026-09-23 17:41:32] [WARNING] Source list contains configuration that is not supported by the destination API.
  List: TouchMath Customer List 2.24.26
  Field: membership (processingType=MANUAL)
  Reason: A MANUAL (static) list stores an explicit set of records rather than filters. Record ids are not portable between portals, so the destination list is created EMPTY and its members must be added separately.
[2026-09-23 17:41:32] [INFO] Checking destination list...
  Name: Touchmath | TouchMath Customer List 2.24.26
[2026-09-23 17:41:32] [INFO] Destination list already exists
  ID: 5645
  Type: MANUAL
[2026-09-23 17:41:33] [SUCCESS] Destination list is already synchronized.
  Name: Touchmath | TouchMath Customer List 2.24.26
  ID: 5645
[2026-09-23 17:41:33] [INFO] --------------------------------------------------
[2026-09-23 17:41:33] [INFO] Source list found
  Name: Active List (Contacts who have opened emails or submitted forms)
  ID: 531
  Type: ACTIVE (DYNAMIC)
  ObjectType: 0-1
  Size: 31413
[2026-09-23 17:41:33] [DEBUG] Filter configuration being migrated (values redacted)
  filters: 
[OR/OR] 0 filter(s), 2 sub-branch(es)
  [AND/AND] 3 filter(s), 0 sub-branch(es)
    - PROPERTY hs_email_open IS_GREATER_THAN_OR_EQUAL_TO [NUMBER]
    - PROPERTY hs_email_last_open_date IS_BETWEEN [TIME_RANGED]
    - PROPERTY hs_email_domain IS_NOT_EQUAL_TO (3 values) [MULTISTRING]
  [AND/AND] 1 filter(s), 0 sub-branch(es)
    - PROPERTY num_conversion_events IS_GREATER_THAN_OR_EQUAL_TO [NUMBER]
[2026-09-23 17:41:33] [INFO] Adjusted filter for destination portal: zoneId America/Denver -> US/Eastern
  List: Active List (Contacts who have opened emails or submitted forms)
[2026-09-23 17:41:33] [INFO] Checking destination list...
  Name: Touchmath | Active List (Contacts who have opened emails or submitted forms)
[2026-09-23 17:41:33] [INFO] Destination list already exists
  ID: 5646
  Type: DYNAMIC
[2026-09-23 17:41:34] [SUCCESS] Destination list is already synchronized.
  Name: Touchmath | Active List (Contacts who have opened emails or submitted forms)
  ID: 5646

==================================================
ACTIVE LIST MIGRATION SUMMARY
==================================================

Total requested: 22
Would create: 6
Would update: 0
Already synchronized: 11
Partially migrated: 5
Failed: 0
Source lists not found: 0
  (these categories are exclusive and total 22 of 22)

==================================================
MIGRATION DETAILS
==================================================

SUCCESS
- In US with State Information
  Source ID: 532
  Destination ID: 5631
  Action: already_synced
  Validated: n/a
- FOC Webinar Registrants 5.19.26
  Source ID: 751
  Destination ID: 5632
  Action: already_synced
  Validated: n/a
- Webinar | ToutchMath 3-5 | 95PG Database Registrants - Handraiser *NET NEW Contact/Lead
  Source ID: 685
  Destination ID: 5637
  Action: already_synced
  Validated: n/a
- Webinar | ToutchMath 3-5 | 95PG Database Registrants - Handraiser
  Source ID: 684
  Destination ID: 5636
  Action: already_synced
  Validated: n/a
- Webinar | TouchMath 3-5 | 5.7.26 - Handraisers
  Source ID: 672
  Destination ID: 5635
  Action: already_synced
  Validated: n/a
- Webinar | TouchMath 3-5 | 95PG Database Email Registrants - Net New Leads
  Source ID: 678
  Destination ID: 5634
  Action: already_synced
  Validated: n/a
- Submissions | Grades 3-5 Sample
  Source ID: 654
  Destination ID: 5638
  Action: already_synced
  Validated: n/a
- # Downloads | Dyscalculia Toolkit
  Source ID: 646
  Destination ID: 5640
  Action: already_synced
  Validated: n/a
- (Sales Version) Webinar | TouchMath 3-5 | 5.7.26 - Registrants
  Source ID: 624
  Destination ID: 5641
  Action: already_synced
  Validated: n/a
- Webinar | TouchMath 3-5 | 5.7.26 - Registrants
  Source ID: 623
  Destination ID: 5642
  Action: already_synced
  Validated: n/a
- Submissions | Dyscalculia Toolkit
  Source ID: 566
  Destination ID: 5643
  Action: already_synced
  Validated: n/a

DRY RUN
- TouchMath Customer List 09.08.26
  Would: created
  Destination Name: Touchmath | TouchMath Customer List 09.08.26
- CON_KY_2026.07_KASA_CY26-Attendees
  Would: created
  Destination Name: Touchmath | CON_KY_2026.07_KASA_CY26-Attendees
- CON_TX_2026.06_TEPSA_CY26 - Attendees - TouchMath
  Would: created
  Destination Name: Touchmath | CON_TX_2026.06_TEPSA_CY26 - Attendees - TouchMath
- Webinar | ToutchMath 3-5 | 95PG Database Registrants - Attended Live *NET NEW Contact/Lead
  Would: created
  Destination Name: Touchmath | Webinar | ToutchMath 3-5 | 95PG Database Registrants - Attended Live *NET NEW Contact/Lead
- Webinar | ToutchMath 3-5 | 95PG Database Registrants - Attended Live
  Would: created
  Destination Name: Touchmath | Webinar | ToutchMath 3-5 | 95PG Database Registrants - Attended Live
- Webinar | TouchMath 3-5 | 5.7.26 - Live Attendees
  Would: created
  Destination Name: Touchmath | Webinar | TouchMath 3-5 | 5.7.26 - Live Attendees

PARTIAL
- Webinar | TouchMath 3-5 | 95PG Database Registrants
  Source ID: 681
  Destination ID: 5633
  Action: already_synced
  Reason: MANUAL list: membership not migrated (destination list is empty).
- CON_OR_2026.04_ORRTII_CY26 - Attendee
  Source ID: 648
  Destination ID: 5639
  Action: already_synced
  Reason: MANUAL list: membership not migrated (destination list is empty).
- EdWeek Registrants 3.3.26 - Bridging the Math Gap
  Source ID: 559
  Destination ID: 5644
  Action: already_synced
  Reason: MANUAL list: membership not migrated (destination list is empty).
- TouchMath Customer List 2.24.26
  Source ID: 557
  Destination ID: 5645
  Action: already_synced
  Reason: MANUAL list: membership not migrated (destination list is empty).
- Active List (Contacts who have opened emails or submitted forms)
  Source ID: 531
  Destination ID: 5646
  Action: already_synced
  Reason: Timezone remapped (zoneId America/Denver -> US/Eastern): the destination portal accepts only UTC or US/Eastern, so date-window boundaries shift by the offset between the two zones.

==================================================
