[2026-09-24 15:40:57] [INFO] Starting Active List migration
[2026-09-24 15:40:57] [INFO] Configuration
  DRY_RUN: false
  ALLOW_LOSSY: false
  Prefix: Touchmath | 
  Requested lists: 22
  Max retries: 5
  Log file: /home/sudhakarpanday_1536/Desktop/Migration/Practus/Practus-Migration/logs/active-list-migration-2026-09-24T10-10-57-688Z.log
[2026-09-24 15:40:57] [INFO] Loaded form id map
  entries: 3
[2026-09-24 15:40:58] [INFO] Enumerated source lists
  count: 210
[2026-09-24 15:41:10] [INFO] Enumerated destination lists
  count: 2707
[2026-09-24 15:41:11] [INFO] Loaded destination properties for pre-flight checks
  count: 535
[2026-09-24 15:41:12] [INFO] Destination portal
  portalId: 414445
  timeZone: America/New_York
[2026-09-24 15:41:40] [INFO] Form references pre-flight
  referenced: 3
  resolvableInDestination: 6
  unresolved: none
[2026-09-24 15:41:40] [INFO] Fetching list configuration...
  Name: TouchMath Customer List 09.08.26
  ID: 872
[2026-09-24 15:41:41] [SUCCESS] Source list configuration retrieved
  ID: 872
  Type: MANUAL
[2026-09-24 15:41:41] [INFO] Fetching list configuration...
  Name: CON_KY_2026.07_KASA_CY26-Attendees
  ID: 828
[2026-09-24 15:41:42] [SUCCESS] Source list configuration retrieved
  ID: 828
  Type: MANUAL
[2026-09-24 15:41:42] [INFO] Fetching list configuration...
  Name: CON_TX_2026.06_TEPSA_CY26 - Attendees - TouchMath
  ID: 779
[2026-09-24 15:41:42] [SUCCESS] Source list configuration retrieved
  ID: 779
  Type: MANUAL
[2026-09-24 15:41:43] [INFO] Fetching list configuration...
  Name: In US with State Information
  ID: 532
[2026-09-24 15:41:44] [SUCCESS] Source list configuration retrieved
  ID: 532
  Type: DYNAMIC
[2026-09-24 15:41:44] [INFO] Fetching list configuration...
  Name: FOC Webinar Registrants 5.19.26
  ID: 751
[2026-09-24 15:41:45] [SUCCESS] Source list configuration retrieved
  ID: 751
  Type: DYNAMIC
[2026-09-24 15:41:45] [INFO] Fetching list configuration...
  Name: Webinar | ToutchMath 3-5 | 95PG Database Registrants - Handraiser *NET NEW Contact/Lead
  ID: 685
[2026-09-24 15:41:46] [SUCCESS] Source list configuration retrieved
  ID: 685
  Type: DYNAMIC
[2026-09-24 15:41:46] [INFO] Fetching list configuration...
  Name: Webinar | ToutchMath 3-5 | 95PG Database Registrants - Handraiser
  ID: 684
[2026-09-24 15:41:46] [SUCCESS] Source list configuration retrieved
  ID: 684
  Type: DYNAMIC
[2026-09-24 15:41:46] [INFO] Fetching list configuration...
  Name: Webinar | TouchMath 3-5 | 5.7.26 - Handraisers
  ID: 672
[2026-09-24 15:41:47] [SUCCESS] Source list configuration retrieved
  ID: 672
  Type: DYNAMIC
[2026-09-24 15:41:47] [INFO] Fetching list configuration...
  Name: Webinar | ToutchMath 3-5 | 95PG Database Registrants - Attended Live *NET NEW Contact/Lead
  ID: 683
[2026-09-24 15:41:48] [SUCCESS] Source list configuration retrieved
  ID: 683
  Type: DYNAMIC
[2026-09-24 15:41:48] [INFO] Fetching list configuration...
  Name: Webinar | ToutchMath 3-5 | 95PG Database Registrants - Attended Live
  ID: 682
[2026-09-24 15:41:49] [SUCCESS] Source list configuration retrieved
  ID: 682
  Type: DYNAMIC
[2026-09-24 15:41:49] [INFO] Fetching list configuration...
  Name: Webinar | TouchMath 3-5 | 95PG Database Registrants
  ID: 681
[2026-09-24 15:41:50] [SUCCESS] Source list configuration retrieved
  ID: 681
  Type: MANUAL
[2026-09-24 15:41:50] [INFO] Fetching list configuration...
  Name: Webinar | TouchMath 3-5 | 95PG Database Email Registrants - Net New Leads
  ID: 678
[2026-09-24 15:41:51] [SUCCESS] Source list configuration retrieved
  ID: 678
  Type: DYNAMIC
[2026-09-24 15:41:51] [INFO] Fetching list configuration...
  Name: Webinar | TouchMath 3-5 | 5.7.26 - Live Attendees
  ID: 666
[2026-09-24 15:41:52] [SUCCESS] Source list configuration retrieved
  ID: 666
  Type: DYNAMIC
[2026-09-24 15:41:52] [INFO] Fetching list configuration...
  Name: Submissions | Grades 3-5 Sample
  ID: 654
[2026-09-24 15:41:53] [SUCCESS] Source list configuration retrieved
  ID: 654
  Type: DYNAMIC
[2026-09-24 15:41:53] [INFO] Fetching list configuration...
  Name: CON_OR_2026.04_ORRTII_CY26 - Attendee
  ID: 648
[2026-09-24 15:41:54] [SUCCESS] Source list configuration retrieved
  ID: 648
  Type: MANUAL
[2026-09-24 15:41:54] [INFO] Fetching list configuration...
  Name: # Downloads | Dyscalculia Toolkit
  ID: 646
[2026-09-24 15:41:55] [SUCCESS] Source list configuration retrieved
  ID: 646
  Type: DYNAMIC
[2026-09-24 15:41:55] [INFO] Fetching list configuration...
  Name: (Sales Version) Webinar | TouchMath 3-5 | 5.7.26 - Registrants
  ID: 624
[2026-09-24 15:41:56] [SUCCESS] Source list configuration retrieved
  ID: 624
  Type: DYNAMIC
[2026-09-24 15:41:56] [INFO] Fetching list configuration...
  Name: Webinar | TouchMath 3-5 | 5.7.26 - Registrants
  ID: 623
[2026-09-24 15:41:57] [SUCCESS] Source list configuration retrieved
  ID: 623
  Type: DYNAMIC
[2026-09-24 15:41:57] [INFO] Fetching list configuration...
  Name: Submissions | Dyscalculia Toolkit
  ID: 566
[2026-09-24 15:41:59] [SUCCESS] Source list configuration retrieved
  ID: 566
  Type: DYNAMIC
[2026-09-24 15:41:59] [INFO] Fetching list configuration...
  Name: EdWeek Registrants 3.3.26 - Bridging the Math Gap
  ID: 559
[2026-09-24 15:42:00] [SUCCESS] Source list configuration retrieved
  ID: 559
  Type: MANUAL
[2026-09-24 15:42:00] [INFO] Fetching list configuration...
  Name: TouchMath Customer List 2.24.26
  ID: 557
[2026-09-24 15:42:01] [SUCCESS] Source list configuration retrieved
  ID: 557
  Type: MANUAL
[2026-09-24 15:42:01] [INFO] Fetching list configuration...
  Name: Active List (Contacts who have opened emails or submitted forms)
  ID: 531
[2026-09-24 15:42:02] [SUCCESS] Source list configuration retrieved
  ID: 531
  Type: DYNAMIC
[2026-09-24 15:42:02] [INFO] Migration order resolved (IN_LIST dependencies first)
  order: 872 -> 828 -> 779 -> 532 -> 751 -> 678 -> 672 -> 685 -> 681 -> 684 -> 666 -> 683 -> 682 -> 654 -> 648 -> 646 -> 624 -> 623 -> 566 -> 559 -> 557 -> 531
[2026-09-24 15:42:02] [INFO] --------------------------------------------------
[2026-09-24 15:42:02] [INFO] Source list found
  Name: TouchMath Customer List 09.08.26
  ID: 872
  Type: MANUAL
  ObjectType: 0-1
  Size: 1331
[2026-09-24 15:42:02] [WARNING] Source list contains configuration that is not supported by the destination API.
  List: TouchMath Customer List 09.08.26
  Field: membership (processingType=MANUAL)
  Reason: A MANUAL (static) list stores an explicit set of records rather than filters. Record ids are not portable between portals, so the destination list is created EMPTY and its members must be added separately.
[2026-09-24 15:42:02] [INFO] Checking destination list...
  Name: Touchmath | TouchMath Customer List 09.08.26
[2026-09-24 15:42:02] [INFO] Destination list already exists
  ID: 13470
  Type: MANUAL
[2026-09-24 15:42:03] [SUCCESS] Destination list is already synchronized.
  Name: Touchmath | TouchMath Customer List 09.08.26
  ID: 13470
[2026-09-24 15:42:03] [INFO] --------------------------------------------------
[2026-09-24 15:42:03] [INFO] Source list found
  Name: CON_KY_2026.07_KASA_CY26-Attendees
  ID: 828
  Type: MANUAL
  ObjectType: 0-1
  Size: 60
[2026-09-24 15:42:03] [WARNING] Source list contains configuration that is not supported by the destination API.
  List: CON_KY_2026.07_KASA_CY26-Attendees
  Field: membership (processingType=MANUAL)
  Reason: A MANUAL (static) list stores an explicit set of records rather than filters. Record ids are not portable between portals, so the destination list is created EMPTY and its members must be added separately.
[2026-09-24 15:42:03] [INFO] Checking destination list...
  Name: Touchmath | CON_KY_2026.07_KASA_CY26-Attendees
[2026-09-24 15:42:03] [INFO] Destination list already exists
  ID: 13471
  Type: MANUAL
[2026-09-24 15:42:04] [SUCCESS] Destination list is already synchronized.
  Name: Touchmath | CON_KY_2026.07_KASA_CY26-Attendees
  ID: 13471
[2026-09-24 15:42:04] [INFO] --------------------------------------------------
[2026-09-24 15:42:04] [INFO] Source list found
  Name: CON_TX_2026.06_TEPSA_CY26 - Attendees - TouchMath
  ID: 779
  Type: MANUAL
  ObjectType: 0-1
  Size: 24
[2026-09-24 15:42:04] [WARNING] Source list contains configuration that is not supported by the destination API.
  List: CON_TX_2026.06_TEPSA_CY26 - Attendees - TouchMath
  Field: membership (processingType=MANUAL)
  Reason: A MANUAL (static) list stores an explicit set of records rather than filters. Record ids are not portable between portals, so the destination list is created EMPTY and its members must be added separately.
[2026-09-24 15:42:04] [INFO] Checking destination list...
  Name: Touchmath | CON_TX_2026.06_TEPSA_CY26 - Attendees - TouchMath
[2026-09-24 15:42:04] [INFO] Destination list already exists
  ID: 13472
  Type: MANUAL
[2026-09-24 15:42:05] [SUCCESS] Destination list is already synchronized.
  Name: Touchmath | CON_TX_2026.06_TEPSA_CY26 - Attendees - TouchMath
  ID: 13472
[2026-09-24 15:42:05] [INFO] --------------------------------------------------
[2026-09-24 15:42:05] [INFO] Source list found
  Name: In US with State Information
  ID: 532
  Type: ACTIVE (DYNAMIC)
  ObjectType: 0-1
  Size: 504364
[2026-09-24 15:42:05] [DEBUG] Filter configuration being migrated (values redacted)
  filters: 
[OR/OR] 0 filter(s), 1 sub-branch(es)
  [AND/AND] 1 filter(s), 0 sub-branch(es)
    - PROPERTY state IS_KNOWN [ALL_PROPERTY]
[2026-09-24 15:42:05] [INFO] Checking destination list...
  Name: Touchmath | In US with State Information
[2026-09-24 15:42:05] [INFO] Destination list already exists
  ID: 13473
  Type: DYNAMIC
[2026-09-24 15:42:06] [SUCCESS] Destination list is already synchronized.
  Name: Touchmath | In US with State Information
  ID: 13473
[2026-09-24 15:42:06] [INFO] --------------------------------------------------
[2026-09-24 15:42:06] [INFO] Source list found
  Name: FOC Webinar Registrants 5.19.26
  ID: 751
  Type: ACTIVE (DYNAMIC)
  ObjectType: 0-1
  Size: 505
[2026-09-24 15:42:06] [DEBUG] Filter configuration being migrated (values redacted)
  filters: 
[AND/AND] 0 filter(s), 2 sub-branch(es)
  [AND/AND] 1 filter(s), 0 sub-branch(es)
    - PROPERTY email IS_EQUAL_TO (619 values) [MULTISTRING]
  [AND/AND] 1 filter(s), 0 sub-branch(es)
    - PROPERTY hs_email_domain IS_NOT_EQUAL_TO (2 values) [MULTISTRING]
[2026-09-24 15:42:06] [INFO] Adjusted filter for destination portal: root AND -> OR with one nested AND (2 filter(s) merged; membership unchanged)
  List: FOC Webinar Registrants 5.19.26
[2026-09-24 15:42:06] [INFO] Checking destination list...
  Name: Touchmath | FOC Webinar Registrants 5.19.26
[2026-09-24 15:42:06] [INFO] Destination list already exists
  ID: 13474
  Type: DYNAMIC
[2026-09-24 15:42:08] [SUCCESS] Destination list is already synchronized.
  Name: Touchmath | FOC Webinar Registrants 5.19.26
  ID: 13474
[2026-09-24 15:42:08] [INFO] --------------------------------------------------
[2026-09-24 15:42:08] [INFO] Source list found
  Name: Webinar | TouchMath 3-5 | 95PG Database Email Registrants - Net New Leads
  ID: 678
  Type: ACTIVE (DYNAMIC)
  ObjectType: 0-1
  Size: 138
[2026-09-24 15:42:08] [DEBUG] Filter configuration being migrated (values redacted)
  filters: 
[OR/OR] 0 filter(s), 1 sub-branch(es)
  [AND/AND] 1 filter(s), 0 sub-branch(es)
    - PROPERTY hs_analytics_source_data_1 IS_EQUAL_TO (1 values) [MULTISTRING]
[2026-09-24 15:42:08] [INFO] Checking destination list...
  Name: Touchmath | Webinar | TouchMath 3-5 | 95PG Database Email Registrants - Net New Leads
[2026-09-24 15:42:08] [INFO] Destination list already exists
  ID: 13475
  Type: DYNAMIC
[2026-09-24 15:42:09] [SUCCESS] Destination list is already synchronized.
  Name: Touchmath | Webinar | TouchMath 3-5 | 95PG Database Email Registrants - Net New Leads
  ID: 13475
[2026-09-24 15:42:09] [INFO] --------------------------------------------------
[2026-09-24 15:42:09] [INFO] Source list found
  Name: Webinar | TouchMath 3-5 | 5.7.26 - Handraisers
  ID: 672
  Type: ACTIVE (DYNAMIC)
  ObjectType: 0-1
  Size: 132
[2026-09-24 15:42:09] [DEBUG] Filter configuration being migrated (values redacted)
  filters: 
[OR/OR] 0 filter(s), 1 sub-branch(es)
  [AND/AND] 1 filter(s), 0 sub-branch(es)
    - PROPERTY email IS_EQUAL_TO (133 values) [MULTISTRING]
[2026-09-24 15:42:09] [INFO] Checking destination list...
  Name: Touchmath | Webinar | TouchMath 3-5 | 5.7.26 - Handraisers
[2026-09-24 15:42:09] [INFO] Destination list already exists
  ID: 13476
  Type: DYNAMIC
[2026-09-24 15:42:10] [SUCCESS] Destination list is already synchronized.
  Name: Touchmath | Webinar | TouchMath 3-5 | 5.7.26 - Handraisers
  ID: 13476
[2026-09-24 15:42:10] [INFO] --------------------------------------------------
[2026-09-24 15:42:10] [INFO] Source list found
  Name: Webinar | ToutchMath 3-5 | 95PG Database Registrants - Handraiser *NET NEW Contact/Lead
  ID: 685
  Type: ACTIVE (DYNAMIC)
  ObjectType: 0-1
  Size: 16
[2026-09-24 15:42:10] [DEBUG] Filter configuration being migrated (values redacted)
  filters: 
[OR/OR] 0 filter(s), 1 sub-branch(es)
  [AND/AND] 2 filter(s), 0 sub-branch(es)
    - IN_LIST listId=678 IN_LIST
    - IN_LIST listId=672 IN_LIST
[2026-09-24 15:42:10] [INFO] Rewrote cross-portal reference: IN_LIST 678 -> 13475
[2026-09-24 15:42:10] [INFO] Rewrote cross-portal reference: IN_LIST 672 -> 13476
[2026-09-24 15:42:10] [INFO] Checking destination list...
  Name: Touchmath | Webinar | ToutchMath 3-5 | 95PG Database Registrants - Handraiser *NET NEW Contact/Lead
[2026-09-24 15:42:10] [INFO] Destination list already exists
  ID: 13477
  Type: DYNAMIC
[2026-09-24 15:42:11] [SUCCESS] Destination list is already synchronized.
  Name: Touchmath | Webinar | ToutchMath 3-5 | 95PG Database Registrants - Handraiser *NET NEW Contact/Lead
  ID: 13477
[2026-09-24 15:42:11] [INFO] --------------------------------------------------
[2026-09-24 15:42:11] [INFO] Source list found
  Name: Webinar | TouchMath 3-5 | 95PG Database Registrants
  ID: 681
  Type: MANUAL
  ObjectType: 0-1
  Size: 156
[2026-09-24 15:42:11] [WARNING] Source list contains configuration that is not supported by the destination API.
  List: Webinar | TouchMath 3-5 | 95PG Database Registrants
  Field: membership (processingType=MANUAL)
  Reason: A MANUAL (static) list stores an explicit set of records rather than filters. Record ids are not portable between portals, so the destination list is created EMPTY and its members must be added separately.
[2026-09-24 15:42:11] [INFO] Checking destination list...
  Name: Touchmath | Webinar | TouchMath 3-5 | 95PG Database Registrants
[2026-09-24 15:42:11] [INFO] Destination list already exists
  ID: 13478
  Type: MANUAL
[2026-09-24 15:42:12] [SUCCESS] Destination list is already synchronized.
  Name: Touchmath | Webinar | TouchMath 3-5 | 95PG Database Registrants
  ID: 13478
[2026-09-24 15:42:12] [INFO] --------------------------------------------------
[2026-09-24 15:42:12] [INFO] Source list found
  Name: Webinar | ToutchMath 3-5 | 95PG Database Registrants - Handraiser
  ID: 684
  Type: ACTIVE (DYNAMIC)
  ObjectType: 0-1
  Size: 20
[2026-09-24 15:42:12] [DEBUG] Filter configuration being migrated (values redacted)
  filters: 
[OR/OR] 0 filter(s), 1 sub-branch(es)
  [AND/AND] 2 filter(s), 0 sub-branch(es)
    - IN_LIST listId=681 IN_LIST
    - IN_LIST listId=672 IN_LIST
[2026-09-24 15:42:12] [INFO] Rewrote cross-portal reference: IN_LIST 681 -> 13478
[2026-09-24 15:42:12] [INFO] Rewrote cross-portal reference: IN_LIST 672 -> 13476
[2026-09-24 15:42:12] [INFO] Checking destination list...
  Name: Touchmath | Webinar | ToutchMath 3-5 | 95PG Database Registrants - Handraiser
[2026-09-24 15:42:12] [INFO] Destination list already exists
  ID: 13479
  Type: DYNAMIC
[2026-09-24 15:42:13] [SUCCESS] Destination list is already synchronized.
  Name: Touchmath | Webinar | ToutchMath 3-5 | 95PG Database Registrants - Handraiser
  ID: 13479
[2026-09-24 15:42:13] [INFO] --------------------------------------------------
[2026-09-24 15:42:13] [INFO] Source list found
  Name: Webinar | TouchMath 3-5 | 5.7.26 - Live Attendees
  ID: 666
  Type: ACTIVE (DYNAMIC)
  ObjectType: 0-1
  Size: 310
[2026-09-24 15:42:13] [DEBUG] Filter configuration being migrated (values redacted)
  filters: 
[OR/OR] 0 filter(s), 1 sub-branch(es)
  [AND/AND] 1 filter(s), 1 sub-branch(es)
    - PROPERTY hs_email_domain IS_NOT_EQUAL_TO (2 values) [MULTISTRING]
    [UNIFIED_EVENTS/AND] 1 filter(s), 0 sub-branch(es)
      - PROPERTY ue_webinar_id IS_EQUAL_TO (1 values) [MULTISTRING]
[2026-09-24 15:42:13] [INFO] Rewrote cross-portal reference: UNIFIED_EVENTS eventTypeId 5-3412839 passed through UNCHANGED — verify in the destination portal that this id is the same event; event type ids are not portable between portals and a collision can silently build the list against the wrong event.
[2026-09-24 15:42:13] [INFO] Checking destination list...
  Name: Touchmath | Webinar | TouchMath 3-5 | 5.7.26 - Live Attendees
[2026-09-24 15:42:13] [INFO] Destination list does not exist
[2026-09-24 15:42:13] [INFO] Creating destination list...
[2026-09-24 15:42:14] [ERROR] Failed to migrate list
  Source List: Webinar | TouchMath 3-5 | 5.7.26 - Live Attendees
  Source ID: 666
  Destination Name: Touchmath | Webinar | TouchMath 3-5 | 5.7.26 - Live Attendees
  HTTP Status: 400
  API Error: The following properties are not available as filters for unified event ae178192_integrators-timeline-event-type-id-391778: ue_webinar_id.
  Correlation ID: 01a0d2e6-c5c3-75dc-803a-14102fba4575
  Retry Count: 1
  Response: {"status":"error","message":"The following properties are not available as filters for unified event ae178192_integrators-timeline-event-type-id-391778: ue_webinar_id.","correlationId":"01a0d2e6-c5c3-75dc-803a-14102fba4575","context":{"eventTypeFqn":["ae178192_integrators-timeline-event-type-id-391778"],"invalidPropertyNames":["ue_webinar_id"]},"category":"VALIDATION_ERROR","subCategory":"ListError.UNIFIED_EVENT_PROPERTIES_NOT_FILTERABLE"}
[2026-09-24 15:42:14] [INFO] --------------------------------------------------
[2026-09-24 15:42:14] [INFO] Source list found
  Name: Webinar | ToutchMath 3-5 | 95PG Database Registrants - Attended Live *NET NEW Contact/Lead
  ID: 683
  Type: ACTIVE (DYNAMIC)
  ObjectType: 0-1
  Size: 41
[2026-09-24 15:42:14] [DEBUG] Filter configuration being migrated (values redacted)
  filters: 
[OR/OR] 0 filter(s), 1 sub-branch(es)
  [AND/AND] 2 filter(s), 0 sub-branch(es)
    - IN_LIST listId=678 IN_LIST
    - IN_LIST listId=666 IN_LIST
[2026-09-24 15:42:14] [WARNING] Source list contains configuration that is not supported by the destination API.
  List: Webinar | ToutchMath 3-5 | 95PG Database Registrants - Attended Live *NET NEW Contact/Lead
  Field: filter.IN_LIST.listId=666
  Reason: References source list 666, which has no known destination equivalent. List ids are not portable between portals — the destination portal uses that same id for an unrelated list.
[2026-09-24 15:42:14] [INFO] Rewrote cross-portal reference: IN_LIST 678 -> 13475
[2026-09-24 15:42:14] [ERROR] Skipping write: the destination list would not behave like the source.
  Source List: Webinar | ToutchMath 3-5 | 95PG Database Registrants - Attended Live *NET NEW Contact/Lead
  Source ID: 683
  Destination Name: Touchmath | Webinar | ToutchMath 3-5 | 95PG Database Registrants - Attended Live *NET NEW Contact/Lead
  Blockers: 1
  Hint: Map the references (see active-list-form-map.json) and re-run, or set ALLOW_LOSSY=true to create it anyway.
[2026-09-24 15:42:14] [INFO] --------------------------------------------------
[2026-09-24 15:42:14] [INFO] Source list found
  Name: Webinar | ToutchMath 3-5 | 95PG Database Registrants - Attended Live
  ID: 682
  Type: ACTIVE (DYNAMIC)
  ObjectType: 0-1
  Size: 50
[2026-09-24 15:42:14] [DEBUG] Filter configuration being migrated (values redacted)
  filters: 
[OR/OR] 0 filter(s), 1 sub-branch(es)
  [AND/AND] 2 filter(s), 0 sub-branch(es)
    - IN_LIST listId=681 IN_LIST
    - IN_LIST listId=666 IN_LIST
[2026-09-24 15:42:14] [WARNING] Source list contains configuration that is not supported by the destination API.
  List: Webinar | ToutchMath 3-5 | 95PG Database Registrants - Attended Live
  Field: filter.IN_LIST.listId=666
  Reason: References source list 666, which has no known destination equivalent. List ids are not portable between portals — the destination portal uses that same id for an unrelated list.
[2026-09-24 15:42:14] [INFO] Rewrote cross-portal reference: IN_LIST 681 -> 13478
[2026-09-24 15:42:14] [ERROR] Skipping write: the destination list would not behave like the source.
  Source List: Webinar | ToutchMath 3-5 | 95PG Database Registrants - Attended Live
  Source ID: 682
  Destination Name: Touchmath | Webinar | ToutchMath 3-5 | 95PG Database Registrants - Attended Live
  Blockers: 1
  Hint: Map the references (see active-list-form-map.json) and re-run, or set ALLOW_LOSSY=true to create it anyway.
[2026-09-24 15:42:14] [INFO] --------------------------------------------------
[2026-09-24 15:42:14] [INFO] Source list found
  Name: Submissions | Grades 3-5 Sample
  ID: 654
  Type: ACTIVE (DYNAMIC)
  ObjectType: 0-1
  Size: 4739
[2026-09-24 15:42:14] [DEBUG] Filter configuration being migrated (values redacted)
  filters: 
[OR/OR] 0 filter(s), 1 sub-branch(es)
  [AND/AND] 1 filter(s), 0 sub-branch(es)
    - FORM_SUBMISSION formId=c8606d0b-bd7e-44e3-9a0c-6d3a4e718820 FILLED_OUT
[2026-09-24 15:42:14] [INFO] Rewrote cross-portal reference: FORM_SUBMISSION c8606d0b-bd7e-44e3-9a0c-6d3a4e718820 -> 0d568743-bf2a-44fe-b975-4f678b2e4bea
[2026-09-24 15:42:14] [INFO] Checking destination list...
  Name: Touchmath | Submissions | Grades 3-5 Sample
[2026-09-24 15:42:14] [INFO] Destination list already exists
  ID: 13480
  Type: DYNAMIC
[2026-09-24 15:42:15] [SUCCESS] Destination list is already synchronized.
  Name: Touchmath | Submissions | Grades 3-5 Sample
  ID: 13480
[2026-09-24 15:42:15] [INFO] --------------------------------------------------
[2026-09-24 15:42:15] [INFO] Source list found
  Name: CON_OR_2026.04_ORRTII_CY26 - Attendee
  ID: 648
  Type: MANUAL
  ObjectType: 0-1
  Size: 65
[2026-09-24 15:42:15] [WARNING] Source list contains configuration that is not supported by the destination API.
  List: CON_OR_2026.04_ORRTII_CY26 - Attendee
  Field: membership (processingType=MANUAL)
  Reason: A MANUAL (static) list stores an explicit set of records rather than filters. Record ids are not portable between portals, so the destination list is created EMPTY and its members must be added separately.
[2026-09-24 15:42:15] [INFO] Checking destination list...
  Name: Touchmath | CON_OR_2026.04_ORRTII_CY26 - Attendee
[2026-09-24 15:42:15] [INFO] Destination list already exists
  ID: 13481
  Type: MANUAL
[2026-09-24 15:42:16] [SUCCESS] Destination list is already synchronized.
  Name: Touchmath | CON_OR_2026.04_ORRTII_CY26 - Attendee
  ID: 13481
[2026-09-24 15:42:16] [INFO] --------------------------------------------------
[2026-09-24 15:42:16] [INFO] Source list found
  Name: # Downloads | Dyscalculia Toolkit
  ID: 646
  Type: ACTIVE (DYNAMIC)
  ObjectType: 0-1
  Size: 1227
[2026-09-24 15:42:16] [DEBUG] Filter configuration being migrated (values redacted)
  filters: 
[OR/OR] 0 filter(s), 1 sub-branch(es)
  [AND/AND] 2 filter(s), 0 sub-branch(es)
    - FORM_SUBMISSION formId=e53986d0-6a4e-485b-83f4-9ff40bbe28c8 FILLED_OUT
    - PROPERTY hs_email_domain IS_NOT_EQUAL_TO (2 values) [MULTISTRING]
[2026-09-24 15:42:16] [INFO] Rewrote cross-portal reference: FORM_SUBMISSION e53986d0-6a4e-485b-83f4-9ff40bbe28c8 -> 36db0013-5238-49f4-a1ac-90cce378b001
[2026-09-24 15:42:16] [INFO] Checking destination list...
  Name: Touchmath | # Downloads | Dyscalculia Toolkit
[2026-09-24 15:42:16] [INFO] Destination list already exists
  ID: 13482
  Type: DYNAMIC
[2026-09-24 15:42:17] [SUCCESS] Destination list is already synchronized.
  Name: Touchmath | # Downloads | Dyscalculia Toolkit
  ID: 13482
[2026-09-24 15:42:17] [INFO] --------------------------------------------------
[2026-09-24 15:42:17] [INFO] Source list found
  Name: (Sales Version) Webinar | TouchMath 3-5 | 5.7.26 - Registrants
  ID: 624
  Type: ACTIVE (DYNAMIC)
  ObjectType: 0-1
  Size: 1225
[2026-09-24 15:42:17] [DEBUG] Filter configuration being migrated (values redacted)
  filters: 
[OR/OR] 0 filter(s), 1 sub-branch(es)
  [AND/AND] 2 filter(s), 0 sub-branch(es)
    - FORM_SUBMISSION formId=2764f15b-f4a0-47b8-a7fe-c6a50641f41b FILLED_OUT
    - PROPERTY hs_email_domain IS_NOT_EQUAL_TO (2 values) [MULTISTRING]
[2026-09-24 15:42:17] [INFO] Rewrote cross-portal reference: FORM_SUBMISSION 2764f15b-f4a0-47b8-a7fe-c6a50641f41b -> 42ee37d8-35cf-4c95-b44a-02084fd467a6
[2026-09-24 15:42:17] [INFO] Checking destination list...
  Name: Touchmath | (Sales Version) Webinar | TouchMath 3-5 | 5.7.26 - Registrants
[2026-09-24 15:42:17] [INFO] Destination list already exists
  ID: 13483
  Type: DYNAMIC
[2026-09-24 15:42:19] [SUCCESS] Destination list is already synchronized.
  Name: Touchmath | (Sales Version) Webinar | TouchMath 3-5 | 5.7.26 - Registrants
  ID: 13483
[2026-09-24 15:42:19] [INFO] --------------------------------------------------
[2026-09-24 15:42:19] [INFO] Source list found
  Name: Webinar | TouchMath 3-5 | 5.7.26 - Registrants
  ID: 623
  Type: ACTIVE (DYNAMIC)
  ObjectType: 0-1
  Size: 1225
[2026-09-24 15:42:19] [DEBUG] Filter configuration being migrated (values redacted)
  filters: 
[OR/OR] 0 filter(s), 1 sub-branch(es)
  [AND/AND] 2 filter(s), 0 sub-branch(es)
    - FORM_SUBMISSION formId=2764f15b-f4a0-47b8-a7fe-c6a50641f41b FILLED_OUT
    - PROPERTY hs_email_domain IS_NOT_EQUAL_TO (2 values) [MULTISTRING]
[2026-09-24 15:42:19] [INFO] Rewrote cross-portal reference: FORM_SUBMISSION 2764f15b-f4a0-47b8-a7fe-c6a50641f41b -> 42ee37d8-35cf-4c95-b44a-02084fd467a6
[2026-09-24 15:42:19] [INFO] Checking destination list...
  Name: Touchmath | Webinar | TouchMath 3-5 | 5.7.26 - Registrants
[2026-09-24 15:42:19] [INFO] Destination list already exists
  ID: 13484
  Type: DYNAMIC
[2026-09-24 15:42:20] [SUCCESS] Destination list is already synchronized.
  Name: Touchmath | Webinar | TouchMath 3-5 | 5.7.26 - Registrants
  ID: 13484
[2026-09-24 15:42:20] [INFO] --------------------------------------------------
[2026-09-24 15:42:20] [INFO] Source list found
  Name: Submissions | Dyscalculia Toolkit
  ID: 566
  Type: ACTIVE (DYNAMIC)
  ObjectType: 0-1
  Size: 1227
[2026-09-24 15:42:20] [DEBUG] Filter configuration being migrated (values redacted)
  filters: 
[OR/OR] 0 filter(s), 1 sub-branch(es)
  [AND/AND] 2 filter(s), 0 sub-branch(es)
    - FORM_SUBMISSION formId=e53986d0-6a4e-485b-83f4-9ff40bbe28c8 FILLED_OUT
    - PROPERTY hs_email_domain IS_NOT_EQUAL_TO (2 values) [MULTISTRING]
[2026-09-24 15:42:20] [INFO] Rewrote cross-portal reference: FORM_SUBMISSION e53986d0-6a4e-485b-83f4-9ff40bbe28c8 -> 36db0013-5238-49f4-a1ac-90cce378b001
[2026-09-24 15:42:20] [INFO] Checking destination list...
  Name: Touchmath | Submissions | Dyscalculia Toolkit
[2026-09-24 15:42:20] [INFO] Destination list already exists
  ID: 13485
  Type: DYNAMIC
[2026-09-24 15:42:21] [SUCCESS] Destination list is already synchronized.
  Name: Touchmath | Submissions | Dyscalculia Toolkit
  ID: 13485
[2026-09-24 15:42:21] [INFO] --------------------------------------------------
[2026-09-24 15:42:21] [INFO] Source list found
  Name: EdWeek Registrants 3.3.26 - Bridging the Math Gap
  ID: 559
  Type: MANUAL
  ObjectType: 0-1
  Size: 1536
[2026-09-24 15:42:21] [WARNING] Source list contains configuration that is not supported by the destination API.
  List: EdWeek Registrants 3.3.26 - Bridging the Math Gap
  Field: membership (processingType=MANUAL)
  Reason: A MANUAL (static) list stores an explicit set of records rather than filters. Record ids are not portable between portals, so the destination list is created EMPTY and its members must be added separately.
[2026-09-24 15:42:21] [INFO] Checking destination list...
  Name: Touchmath | EdWeek Registrants 3.3.26 - Bridging the Math Gap
[2026-09-24 15:42:21] [INFO] Destination list already exists
  ID: 13486
  Type: MANUAL
[2026-09-24 15:42:22] [SUCCESS] Destination list is already synchronized.
  Name: Touchmath | EdWeek Registrants 3.3.26 - Bridging the Math Gap
  ID: 13486
[2026-09-24 15:42:22] [INFO] --------------------------------------------------
[2026-09-24 15:42:22] [INFO] Source list found
  Name: TouchMath Customer List 2.24.26
  ID: 557
  Type: MANUAL
  ObjectType: 0-1
  Size: 482
[2026-09-24 15:42:22] [WARNING] Source list contains configuration that is not supported by the destination API.
  List: TouchMath Customer List 2.24.26
  Field: membership (processingType=MANUAL)
  Reason: A MANUAL (static) list stores an explicit set of records rather than filters. Record ids are not portable between portals, so the destination list is created EMPTY and its members must be added separately.
[2026-09-24 15:42:22] [INFO] Checking destination list...
  Name: Touchmath | TouchMath Customer List 2.24.26
[2026-09-24 15:42:22] [INFO] Destination list already exists
  ID: 13487
  Type: MANUAL
[2026-09-24 15:42:23] [SUCCESS] Destination list is already synchronized.
  Name: Touchmath | TouchMath Customer List 2.24.26
  ID: 13487
[2026-09-24 15:42:23] [INFO] --------------------------------------------------
[2026-09-24 15:42:23] [INFO] Source list found
  Name: Active List (Contacts who have opened emails or submitted forms)
  ID: 531
  Type: ACTIVE (DYNAMIC)
  ObjectType: 0-1
  Size: 31458
[2026-09-24 15:42:23] [DEBUG] Filter configuration being migrated (values redacted)
  filters: 
[OR/OR] 0 filter(s), 2 sub-branch(es)
  [AND/AND] 3 filter(s), 0 sub-branch(es)
    - PROPERTY hs_email_open IS_GREATER_THAN_OR_EQUAL_TO [NUMBER]
    - PROPERTY hs_email_last_open_date IS_BETWEEN [TIME_RANGED]
    - PROPERTY hs_email_domain IS_NOT_EQUAL_TO (3 values) [MULTISTRING]
  [AND/AND] 1 filter(s), 0 sub-branch(es)
    - PROPERTY num_conversion_events IS_GREATER_THAN_OR_EQUAL_TO [NUMBER]
[2026-09-24 15:42:23] [INFO] Adjusted filter for destination portal: zoneId America/Denver -> America/New_York
  List: Active List (Contacts who have opened emails or submitted forms)
[2026-09-24 15:42:23] [INFO] Checking destination list...
  Name: Touchmath | Active List (Contacts who have opened emails or submitted forms)
[2026-09-24 15:42:23] [INFO] Destination list already exists
  ID: 13488
  Type: DYNAMIC
[2026-09-24 15:42:24] [SUCCESS] Destination list is already synchronized.
  Name: Touchmath | Active List (Contacts who have opened emails or submitted forms)
  ID: 13488

==================================================
ACTIVE LIST MIGRATION SUMMARY
==================================================

Total requested: 22
Successfully created: 0
Successfully updated: 0
Already synchronized: 11
Partially migrated: 10
Failed: 1
Source lists not found: 0
  (these categories are exclusive and total 22 of 22)

==================================================
MIGRATION DETAILS
==================================================

SUCCESS
- In US with State Information
  Source ID: 532
  Destination ID: 13473
  Action: already_synced
  Validated: n/a
- FOC Webinar Registrants 5.19.26
  Source ID: 751
  Destination ID: 13474
  Action: already_synced
  Validated: n/a
- Webinar | ToutchMath 3-5 | 95PG Database Registrants - Handraiser *NET NEW Contact/Lead
  Source ID: 685
  Destination ID: 13477
  Action: already_synced
  Validated: n/a
- Webinar | ToutchMath 3-5 | 95PG Database Registrants - Handraiser
  Source ID: 684
  Destination ID: 13479
  Action: already_synced
  Validated: n/a
- Webinar | TouchMath 3-5 | 5.7.26 - Handraisers
  Source ID: 672
  Destination ID: 13476
  Action: already_synced
  Validated: n/a
- Webinar | TouchMath 3-5 | 95PG Database Email Registrants - Net New Leads
  Source ID: 678
  Destination ID: 13475
  Action: already_synced
  Validated: n/a
- Submissions | Grades 3-5 Sample
  Source ID: 654
  Destination ID: 13480
  Action: already_synced
  Validated: n/a
- # Downloads | Dyscalculia Toolkit
  Source ID: 646
  Destination ID: 13482
  Action: already_synced
  Validated: n/a
- (Sales Version) Webinar | TouchMath 3-5 | 5.7.26 - Registrants
  Source ID: 624
  Destination ID: 13483
  Action: already_synced
  Validated: n/a
- Webinar | TouchMath 3-5 | 5.7.26 - Registrants
  Source ID: 623
  Destination ID: 13484
  Action: already_synced
  Validated: n/a
- Submissions | Dyscalculia Toolkit
  Source ID: 566
  Destination ID: 13485
  Action: already_synced
  Validated: n/a

PARTIAL
- TouchMath Customer List 09.08.26
  Source ID: 872
  Destination ID: 13470
  Action: already_synced
  Reason: MANUAL list: membership not migrated (destination list is empty).
- CON_KY_2026.07_KASA_CY26-Attendees
  Source ID: 828
  Destination ID: 13471
  Action: already_synced
  Reason: MANUAL list: membership not migrated (destination list is empty).
- CON_TX_2026.06_TEPSA_CY26 - Attendees - TouchMath
  Source ID: 779
  Destination ID: 13472
  Action: already_synced
  Reason: MANUAL list: membership not migrated (destination list is empty).
- Webinar | ToutchMath 3-5 | 95PG Database Registrants - Attended Live *NET NEW Contact/Lead
  Source ID: 683
  Destination ID: not written
  Action: skipped
  Reason: filter.IN_LIST.listId=666: References source list 666, which has no known destination equivalent. List ids are not portable between portals — the destination portal uses that same id for an unrelated list.
- Webinar | ToutchMath 3-5 | 95PG Database Registrants - Attended Live
  Source ID: 682
  Destination ID: not written
  Action: skipped
  Reason: filter.IN_LIST.listId=666: References source list 666, which has no known destination equivalent. List ids are not portable between portals — the destination portal uses that same id for an unrelated list.
- Webinar | TouchMath 3-5 | 95PG Database Registrants
  Source ID: 681
  Destination ID: 13478
  Action: already_synced
  Reason: MANUAL list: membership not migrated (destination list is empty).
- CON_OR_2026.04_ORRTII_CY26 - Attendee
  Source ID: 648
  Destination ID: 13481
  Action: already_synced
  Reason: MANUAL list: membership not migrated (destination list is empty).
- EdWeek Registrants 3.3.26 - Bridging the Math Gap
  Source ID: 559
  Destination ID: 13486
  Action: already_synced
  Reason: MANUAL list: membership not migrated (destination list is empty).
- TouchMath Customer List 2.24.26
  Source ID: 557
  Destination ID: 13487
  Action: already_synced
  Reason: MANUAL list: membership not migrated (destination list is empty).
- Active List (Contacts who have opened emails or submitted forms)
  Source ID: 531
  Destination ID: 13488
  Action: already_synced
  Reason: Timezone remapped (zoneId America/Denver -> America/New_York): the destination portal accepts only UTC or America/New_York, so date-window boundaries shift by the offset between the two zones.

FAILED
- Webinar | TouchMath 3-5 | 5.7.26 - Live Attendees
  Source ID: 666
  Reason: POST /crm/v3/lists responded with 400

==================================================
