2026-09-26T18:30:56.547Z [CREATED]
Source Call: 55355744160
Destination Call: 117469607498
Owner: 1319846492 → - (UNASSIGNED)
Contacts: 3 (created 3, already present 0, mapping missing 0, failed 0)
Companies: 1 (created 1, already present 0, mapping missing 1, failed 0)
Deals: 0 (created 0, already present 0, mapping missing 0, failed 0)
Properties written: 11, skipped: 23
2026-09-26T18:31:34.435Z [UNCHANGED]
Source Call: 55355744160
Destination Call: 117469607498
Owner: 1319846492 → - (UNASSIGNED)
Contacts: 3 (created 0, already present 3, mapping missing 0, failed 0)
Companies: 1 (created 0, already present 1, mapping missing 1, failed 0)
Deals: 0 (created 0, already present 0, mapping missing 0, failed 0)
Properties written: 0, skipped: 23
2026-09-26T18:32:02.866Z [UNCHANGED]
Source Call: 55355744160
Destination Call: 117469607498
Owner: 1319846492 → - (UNASSIGNED)
Contacts: 3 (created 0, already present 3, mapping missing 0, failed 0)
Companies: 1 (created 0, already present 1, mapping missing 1, failed 0)
Deals: 0 (created 0, already present 0, mapping missing 0, failed 0)
Properties written: 0, skipped: 23
2026-09-26T18:32:02.866Z [CREATED]
Source Call: 55357424687
Destination Call: 117469660439
Owner: 1319846492 → - (UNASSIGNED)
Contacts: 3 (created 3, already present 0, mapping missing 0, failed 0)
Companies: 1 (created 1, already present 0, mapping missing 2, failed 0)
Deals: 0 (created 0, already present 0, mapping missing 0, failed 0)
Properties written: 11, skipped: 23
2026-09-26T18:32:02.867Z [CREATED]
Source Call: 55357534092
Destination Call: 117469660442
Owner: 1319846492 → - (UNASSIGNED)
Contacts: 4 (created 4, already present 0, mapping missing 0, failed 0)
Companies: 0 (created 0, already present 0, mapping missing 2, failed 0)
Deals: 0 (created 0, already present 0, mapping missing 0, failed 0)
Properties written: 11, skipped: 23
2026-09-26T18:32:02.867Z [CREATED]
Source Call: 55358554459
Destination Call: 117469660440
Owner: 1319846492 → - (UNASSIGNED)
Contacts: 2 (created 2, already present 0, mapping missing 0, failed 0)
Companies: 0 (created 0, already present 0, mapping missing 1, failed 0)
Deals: 0 (created 0, already present 0, mapping missing 0, failed 0)
Properties written: 11, skipped: 23
2026-09-26T18:32:02.868Z [CREATED]
Source Call: 61945630630
Destination Call: 117469660449
Owner: 1319846492 → - (UNASSIGNED)
Contacts: 34 (created 34, already present 0, mapping missing 0, failed 0)
Companies: 4 (created 4, already present 0, mapping missing 0, failed 0)
Deals: 0 (created 0, already present 0, mapping missing 0, failed 0)
Properties written: 11, skipped: 23
2026-09-26T18:32:02.868Z [CREATED]
Source Call: 62128312208
Destination Call: 117469660441
Owner: 1319846492 → - (UNASSIGNED)
Contacts: 0 (created 0, already present 0, mapping missing 0, failed 0)
Companies: 0 (created 0, already present 0, mapping missing 0, failed 0)
Deals: 0 (created 0, already present 0, mapping missing 0, failed 0)
Properties written: 11, skipped: 23
2026-09-26T18:32:02.868Z [CREATED]
Source Call: 62130540927
Destination Call: 117469660450
Owner: 1319846492 → - (UNASSIGNED)
Contacts: 0 (created 0, already present 0, mapping missing 0, failed 0)
Companies: 0 (created 0, already present 0, mapping missing 0, failed 0)
Deals: 0 (created 0, already present 0, mapping missing 0, failed 0)
Properties written: 11, skipped: 23
2026-09-26T18:32:02.868Z [CREATED]
Source Call: 62176531600
Destination Call: 117469660448
Owner: 1319846492 → - (UNASSIGNED)
Contacts: 0 (created 0, already present 0, mapping missing 0, failed 0)
Companies: 0 (created 0, already present 0, mapping missing 0, failed 0)
Deals: 0 (created 0, already present 0, mapping missing 0, failed 0)
Properties written: 11, skipped: 23
2026-09-26T18:32:02.869Z [CREATED]
Source Call: 63002874713
Destination Call: 117469660447
Owner: 1319846492 → - (UNASSIGNED)
Contacts: 14 (created 14, already present 0, mapping missing 0, failed 0)
Companies: 2 (created 2, already present 0, mapping missing 0, failed 0)
Deals: 0 (created 0, already present 0, mapping missing 0, failed 0)
Properties written: 11, skipped: 23
2026-09-26T18:32:02.869Z [CREATED]
Source Call: 63939374394
Destination Call: 117469660451
Owner: 1319846492 → - (UNASSIGNED)
Contacts: 10 (created 10, already present 0, mapping missing 0, failed 0)
Companies: 0 (created 0, already present 0, mapping missing 0, failed 0)
Deals: 0 (created 0, already present 0, mapping missing 0, failed 0)
Properties written: 11, skipped: 23
2026-09-26T18:32:02.869Z [CREATED]
Source Call: 71955122857
Destination Call: 117469660443
Owner: 1319846492 → - (UNASSIGNED)
Contacts: 49 (created 49, already present 0, mapping missing 0, failed 0)
Companies: 2 (created 2, already present 0, mapping missing 2, failed 0)
Deals: 0 (created 0, already present 0, mapping missing 0, failed 0)
Properties written: 11, skipped: 23
2026-09-26T18:32:02.870Z [CREATED]
Source Call: 75219005238
Destination Call: 117469660445
Owner: 1319846492 → - (UNASSIGNED)
Contacts: 27 (created 27, already present 0, mapping missing 0, failed 0)
Companies: 2 (created 2, already present 0, mapping missing 1, failed 0)
Deals: 0 (created 0, already present 0, mapping missing 0, failed 0)
Properties written: 11, skipped: 23
2026-09-26T18:32:02.870Z [CREATED]
Source Call: 77634518148
Destination Call: 117469660444
Owner: 1319846492 → - (UNASSIGNED)
Contacts: 40 (created 40, already present 0, mapping missing 0, failed 0)
Companies: 2 (created 2, already present 0, mapping missing 4, failed 0)
Deals: 0 (created 0, already present 0, mapping missing 0, failed 0)
Properties written: 11, skipped: 24
2026-09-26T18:32:02.870Z [CREATED]
Source Call: 88691867916
Destination Call: 117469660437
Owner: 1319846492 → - (UNASSIGNED)
Contacts: 15 (created 15, already present 0, mapping missing 0, failed 0)
Companies: 1 (created 1, already present 0, mapping missing 0, failed 0)
Deals: 0 (created 0, already present 0, mapping missing 0, failed 0)
Properties written: 11, skipped: 24
2026-09-26T18:32:02.870Z [CREATED]
Source Call: 89454335639
Destination Call: 117469660438
Owner: 1319846492 → - (UNASSIGNED)
Contacts: 74 (created 74, already present 0, mapping missing 0, failed 0)
Companies: 0 (created 0, already present 0, mapping missing 1, failed 0)
Deals: 0 (created 0, already present 0, mapping missing 0, failed 0)
Properties written: 11, skipped: 23
2026-09-26T18:32:02.870Z [CREATED]
Source Call: 90746256263
Destination Call: 117469660446
Owner: 1319846492 → - (UNASSIGNED)
Contacts: 1 (created 1, already present 0, mapping missing 0, failed 0)
Companies: 0 (created 0, already present 0, mapping missing 0, failed 0)
Deals: 0 (created 0, already present 0, mapping missing 0, failed 0)
Properties written: 11, skipped: 23
2026-09-26T18:32:59.395Z [UNCHANGED]
Source Call: 55355744160
Destination Call: 117469607498
Owner: 1319846492 → - (UNASSIGNED)
Contacts: 3 (created 0, already present 3, mapping missing 0, failed 0)
Companies: 1 (created 0, already present 1, mapping missing 1, failed 0)
Deals: 0 (created 0, already present 0, mapping missing 0, failed 0)
Properties written: 0, skipped: 23
2026-09-26T18:32:59.395Z [UNCHANGED]
Source Call: 55357424687
Destination Call: 117469660439
Owner: 1319846492 → - (UNASSIGNED)
Contacts: 3 (created 0, already present 3, mapping missing 0, failed 0)
Companies: 1 (created 0, already present 1, mapping missing 2, failed 0)
Deals: 0 (created 0, already present 0, mapping missing 0, failed 0)
Properties written: 0, skipped: 23
2026-09-26T18:32:59.395Z [UNCHANGED]
Source Call: 55357534092
Destination Call: 117469660442
Owner: 1319846492 → - (UNASSIGNED)
Contacts: 4 (created 0, already present 4, mapping missing 0, failed 0)
Companies: 0 (created 0, already present 0, mapping missing 2, failed 0)
Deals: 0 (created 0, already present 0, mapping missing 0, failed 0)
Properties written: 0, skipped: 23
2026-09-26T18:32:59.396Z [UNCHANGED]
Source Call: 55358554459
Destination Call: 117469660440
Owner: 1319846492 → - (UNASSIGNED)
Contacts: 2 (created 0, already present 2, mapping missing 0, failed 0)
Companies: 0 (created 0, already present 0, mapping missing 1, failed 0)
Deals: 0 (created 0, already present 0, mapping missing 0, failed 0)
Properties written: 0, skipped: 23
2026-09-26T18:32:59.396Z [UNCHANGED]
Source Call: 61945630630
Destination Call: 117469660449
Owner: 1319846492 → - (UNASSIGNED)
Contacts: 34 (created 0, already present 34, mapping missing 0, failed 0)
Companies: 4 (created 0, already present 4, mapping missing 0, failed 0)
Deals: 0 (created 0, already present 0, mapping missing 0, failed 0)
Properties written: 0, skipped: 23
2026-09-26T18:32:59.397Z [UNCHANGED]
Source Call: 62128312208
Destination Call: 117469660441
Owner: 1319846492 → - (UNASSIGNED)
Contacts: 0 (created 0, already present 0, mapping missing 0, failed 0)
Companies: 0 (created 0, already present 0, mapping missing 0, failed 0)
Deals: 0 (created 0, already present 0, mapping missing 0, failed 0)
Properties written: 0, skipped: 23
2026-09-26T18:32:59.397Z [UNCHANGED]
Source Call: 62130540927
Destination Call: 117469660450
Owner: 1319846492 → - (UNASSIGNED)
Contacts: 0 (created 0, already present 0, mapping missing 0, failed 0)
Companies: 0 (created 0, already present 0, mapping missing 0, failed 0)
Deals: 0 (created 0, already present 0, mapping missing 0, failed 0)
Properties written: 0, skipped: 23
2026-09-26T18:32:59.397Z [UNCHANGED]
Source Call: 62176531600
Destination Call: 117469660448
Owner: 1319846492 → - (UNASSIGNED)
Contacts: 0 (created 0, already present 0, mapping missing 0, failed 0)
Companies: 0 (created 0, already present 0, mapping missing 0, failed 0)
Deals: 0 (created 0, already present 0, mapping missing 0, failed 0)
Properties written: 0, skipped: 23
2026-09-26T18:32:59.397Z [UNCHANGED]
Source Call: 63002874713
Destination Call: 117469660447
Owner: 1319846492 → - (UNASSIGNED)
Contacts: 14 (created 0, already present 14, mapping missing 0, failed 0)
Companies: 2 (created 0, already present 2, mapping missing 0, failed 0)
Deals: 0 (created 0, already present 0, mapping missing 0, failed 0)
Properties written: 0, skipped: 23
2026-09-26T18:32:59.398Z [UNCHANGED]
Source Call: 63939374394
Destination Call: 117469660451
Owner: 1319846492 → - (UNASSIGNED)
Contacts: 10 (created 0, already present 10, mapping missing 0, failed 0)
Companies: 0 (created 0, already present 0, mapping missing 0, failed 0)
Deals: 0 (created 0, already present 0, mapping missing 0, failed 0)
Properties written: 0, skipped: 23
2026-09-26T18:32:59.398Z [UNCHANGED]
Source Call: 71955122857
Destination Call: 117469660443
Owner: 1319846492 → - (UNASSIGNED)
Contacts: 49 (created 0, already present 49, mapping missing 0, failed 0)
Companies: 2 (created 0, already present 2, mapping missing 2, failed 0)
Deals: 0 (created 0, already present 0, mapping missing 0, failed 0)
Properties written: 0, skipped: 23
2026-09-26T18:32:59.398Z [UNCHANGED]
Source Call: 75219005238
Destination Call: 117469660445
Owner: 1319846492 → - (UNASSIGNED)
Contacts: 27 (created 0, already present 27, mapping missing 0, failed 0)
Companies: 2 (created 0, already present 2, mapping missing 1, failed 0)
Deals: 0 (created 0, already present 0, mapping missing 0, failed 0)
Properties written: 0, skipped: 23
2026-09-26T18:32:59.398Z [UNCHANGED]
Source Call: 77634518148
Destination Call: 117469660444
Owner: 1319846492 → - (UNASSIGNED)
Contacts: 40 (created 0, already present 40, mapping missing 0, failed 0)
Companies: 2 (created 0, already present 2, mapping missing 4, failed 0)
Deals: 0 (created 0, already present 0, mapping missing 0, failed 0)
Properties written: 0, skipped: 24
2026-09-26T18:32:59.398Z [UNCHANGED]
Source Call: 88691867916
Destination Call: 117469660437
Owner: 1319846492 → - (UNASSIGNED)
Contacts: 15 (created 0, already present 15, mapping missing 0, failed 0)
Companies: 1 (created 0, already present 1, mapping missing 0, failed 0)
Deals: 0 (created 0, already present 0, mapping missing 0, failed 0)
Properties written: 0, skipped: 24
2026-09-26T18:32:59.398Z [UNCHANGED]
Source Call: 89454335639
Destination Call: 117469660438
Owner: 1319846492 → - (UNASSIGNED)
Contacts: 74 (created 0, already present 74, mapping missing 0, failed 0)
Companies: 0 (created 0, already present 0, mapping missing 1, failed 0)
Deals: 0 (created 0, already present 0, mapping missing 0, failed 0)
Properties written: 0, skipped: 23
2026-09-26T18:32:59.398Z [UNCHANGED]
Source Call: 90746256263
Destination Call: 117469660446
Owner: 1319846492 → - (UNASSIGNED)
Contacts: 1 (created 0, already present 1, mapping missing 0, failed 0)
Companies: 0 (created 0, already present 0, mapping missing 0, failed 0)
Deals: 0 (created 0, already present 0, mapping missing 0, failed 0)
Properties written: 0, skipped: 23
