2026-09-22T06:43:40.301Z
WHAT FAILED: Duplicate source email name
WHY IT FAILED: 2 source marketing emails share the exact name "EM2: Back to School 2026-2027": ids 218791042136, 221725071696.
SOURCE EMAIL: EM2: Back to School 2026-2027
SOURCE EMAIL ID: 218791042136, 221725071696
DESTINATION EMAIL: n/a
DESTINATION EMAIL ID: n/a
WHAT WAS ATTEMPTED: Exact name matching cannot disambiguate multiple source emails with an identical name, and no other reliable identifying field was provided.
WHAT NEEDS TO BE DONE MANUALLY: Manually identify the correct source email id from the list above, then migrate it directly (e.g. temporarily add its id to a one-off run) instead of relying on name matching.
CAN RERUN AFTER FIXING: YES
---
2026-09-22T06:43:40.308Z
WHAT FAILED: Duplicate source email name
WHY IT FAILED: 2 source marketing emails share the exact name "EM2: Back to School 2026-2027": ids 218791042136, 221725071696.
SOURCE EMAIL: EM2: Back to School 2026-2027
SOURCE EMAIL ID: 218791042136, 221725071696
DESTINATION EMAIL: n/a
DESTINATION EMAIL ID: n/a
WHAT WAS ATTEMPTED: Exact name matching cannot disambiguate multiple source emails with an identical name, and no other reliable identifying field was provided.
WHAT NEEDS TO BE DONE MANUALLY: Manually identify the correct source email id from the list above, then migrate it directly (e.g. temporarily add its id to a one-off run) instead of relying on name matching.
CAN RERUN AFTER FIXING: YES
---
2026-09-22T06:43:40.308Z
WHAT FAILED: Duplicate source email name
WHY IT FAILED: 2 source marketing emails share the exact name "Newsletter - April 2026 - Internal": ids 209921507438, 211060039810.
SOURCE EMAIL: Newsletter - April 2026 - Internal
SOURCE EMAIL ID: 209921507438, 211060039810
DESTINATION EMAIL: n/a
DESTINATION EMAIL ID: n/a
WHAT WAS ATTEMPTED: Exact name matching cannot disambiguate multiple source emails with an identical name, and no other reliable identifying field was provided.
WHAT NEEDS TO BE DONE MANUALLY: Manually identify the correct source email id from the list above, then migrate it directly (e.g. temporarily add its id to a one-off run) instead of relying on name matching.
CAN RERUN AFTER FIXING: YES
---
