2026-09-22T06:43:42.094Z
SOURCE_ID=221905573744
SOURCE_NAME=EM4: Indiana Tier-2 FY26
DESTINATION_ID=n/a
DESTINATION_NAME=TouchMath - EM4: Indiana Tier-2 FY26
ACTION=DRY_RUN_CREATE
STATUS=DRY_RUN
DURATION_MS=862
VALIDATION=N/A
---
2026-09-22T06:43:43.175Z
SOURCE_ID=221882351519
SOURCE_NAME=EM2: Tier-2 Math Survey
DESTINATION_ID=n/a
DESTINATION_NAME=TouchMath - EM2: Tier-2 Math Survey
ACTION=DRY_RUN_CREATE
STATUS=DRY_RUN
DURATION_MS=1081
VALIDATION=N/A
---
2026-09-22T06:43:44.099Z
SOURCE_ID=221617188101
SOURCE_NAME=EM3: Indiana Tier-2 FY26
DESTINATION_ID=n/a
DESTINATION_NAME=TouchMath - EM3: Indiana Tier-2 FY26
ACTION=DRY_RUN_CREATE
STATUS=DRY_RUN
DURATION_MS=924
VALIDATION=N/A
---
2026-09-22T06:43:45.140Z
SOURCE_ID=221130963738
SOURCE_NAME=EM1: Tier-2 Math Survey
DESTINATION_ID=n/a
DESTINATION_NAME=TouchMath - EM1: Tier-2 Math Survey
ACTION=DRY_RUN_CREATE
STATUS=DRY_RUN
DURATION_MS=1041
VALIDATION=N/A
---
2026-09-22T06:43:46.156Z
SOURCE_ID=221126949701
SOURCE_NAME=EM2: Indiana Tier-2 FY26
DESTINATION_ID=n/a
DESTINATION_NAME=TouchMath - EM2: Indiana Tier-2 FY26
ACTION=DRY_RUN_CREATE
STATUS=DRY_RUN
DURATION_MS=1016
VALIDATION=N/A
---
2026-09-22T06:43:47.053Z
SOURCE_ID=220765652141
SOURCE_NAME=EM1: Indiana Tier-2 FY26
DESTINATION_ID=n/a
DESTINATION_NAME=TouchMath - EM1: Indiana Tier-2 FY26
ACTION=DRY_RUN_CREATE
STATUS=DRY_RUN
DURATION_MS=897
VALIDATION=N/A
---
2026-09-22T06:43:47.986Z
SOURCE_ID=220493676103
SOURCE_NAME=Automated | Indiana | FY26
DESTINATION_ID=n/a
DESTINATION_NAME=TouchMath - Automated | Indiana | FY26
ACTION=DRY_RUN_CREATE
STATUS=DRY_RUN
DURATION_MS=933
VALIDATION=N/A
---
2026-09-22T06:43:49.113Z
SOURCE_ID=219414911539
SOURCE_NAME=EM6: Georgia FY26 (TM Database)
DESTINATION_ID=n/a
DESTINATION_NAME=TouchMath - EM6: Georgia FY26 (TM Database)
ACTION=DRY_RUN_CREATE
STATUS=DRY_RUN
DURATION_MS=1126
VALIDATION=N/A
---
2026-09-22T06:43:50.031Z
SOURCE_ID=219408522877
SOURCE_NAME=EM5: Georgia FY26 (TM Database)
DESTINATION_ID=n/a
DESTINATION_NAME=TouchMath - EM5: Georgia FY26 (TM Database)
ACTION=DRY_RUN_CREATE
STATUS=DRY_RUN
DURATION_MS=918
VALIDATION=N/A
---
2026-09-22T06:43:50.956Z
SOURCE_ID=219365425165
SOURCE_NAME=EM5: K-5 FY26 (TM Active List)
DESTINATION_ID=n/a
DESTINATION_NAME=TouchMath - EM5: K-5 FY26 (TM Active List)
ACTION=DRY_RUN_CREATE
STATUS=DRY_RUN
DURATION_MS=924
VALIDATION=N/A
---
2026-09-22T06:43:51.819Z
SOURCE_ID=219402401574
SOURCE_NAME=EM4: Georgia FY26 (TM Database)
DESTINATION_ID=n/a
DESTINATION_NAME=TouchMath - EM4: Georgia FY26 (TM Database)
ACTION=DRY_RUN_CREATE
STATUS=DRY_RUN
DURATION_MS=863
VALIDATION=N/A
---
2026-09-22T06:43:52.822Z
SOURCE_ID=219414938523
SOURCE_NAME=EM3: Georgia FY26 (TM Database)
DESTINATION_ID=n/a
DESTINATION_NAME=TouchMath - EM3: Georgia FY26 (TM Database)
ACTION=DRY_RUN_CREATE
STATUS=DRY_RUN
DURATION_MS=1002
VALIDATION=N/A
---
2026-09-22T06:43:53.826Z
SOURCE_ID=219408522835
SOURCE_NAME=EM2: Georgia FY26 (TM Database)
DESTINATION_ID=n/a
DESTINATION_NAME=TouchMath - EM2: Georgia FY26 (TM Database)
ACTION=DRY_RUN_CREATE
STATUS=DRY_RUN
DURATION_MS=1003
VALIDATION=N/A
---
2026-09-22T06:43:54.745Z
SOURCE_ID=219414911508
SOURCE_NAME=EM1: Georgia FY26 (TM Database)
DESTINATION_ID=n/a
DESTINATION_NAME=TouchMath - EM1: Georgia FY26 (TM Database)
ACTION=DRY_RUN_CREATE
STATUS=DRY_RUN
DURATION_MS=918
VALIDATION=N/A
---
2026-09-22T06:43:55.779Z
SOURCE_ID=218786186847
SOURCE_NAME=EM1: Back to School 2026-2027
DESTINATION_ID=n/a
DESTINATION_NAME=TouchMath - EM1: Back to School 2026-2027
ACTION=DRY_RUN_CREATE
STATUS=DRY_RUN
DURATION_MS=1034
VALIDATION=N/A
---
2026-09-22T06:43:56.767Z
SOURCE_ID=218869877169
SOURCE_NAME=EM4: K-5 FY26 (TM Active List)
DESTINATION_ID=n/a
DESTINATION_NAME=TouchMath - EM4: K-5 FY26 (TM Active List)
ACTION=DRY_RUN_CREATE
STATUS=DRY_RUN
DURATION_MS=988
VALIDATION=N/A
---
2026-09-22T06:43:57.688Z
SOURCE_ID=218634662505
SOURCE_NAME=EM3: K-5 FY26 (TM Customer List)
DESTINATION_ID=n/a
DESTINATION_NAME=TouchMath - EM3: K-5 FY26 (TM Customer List)
ACTION=DRY_RUN_CREATE
STATUS=DRY_RUN
DURATION_MS=921
VALIDATION=N/A
---
2026-09-22T06:43:58.638Z
SOURCE_ID=218623581773
SOURCE_NAME=EM3: K-5 FY26 (TM Active List)
DESTINATION_ID=n/a
DESTINATION_NAME=TouchMath - EM3: K-5 FY26 (TM Active List)
ACTION=DRY_RUN_CREATE
STATUS=DRY_RUN
DURATION_MS=950
VALIDATION=N/A
---
2026-09-22T06:43:59.555Z
SOURCE_ID=218134817845
SOURCE_NAME=Automated | TM Georgia Tier 2 | FY26
DESTINATION_ID=n/a
DESTINATION_NAME=TouchMath - Automated | TM Georgia Tier 2 | FY26
ACTION=DRY_RUN_CREATE
STATUS=DRY_RUN
DURATION_MS=917
VALIDATION=N/A
---
2026-09-22T06:44:00.483Z
SOURCE_ID=218190612006
SOURCE_NAME=EM2: K-5 FY26 (TM Active List)
DESTINATION_ID=n/a
DESTINATION_NAME=TouchMath - EM2: K-5 FY26 (TM Active List)
ACTION=DRY_RUN_CREATE
STATUS=DRY_RUN
DURATION_MS=927
VALIDATION=N/A
---
2026-09-22T06:44:01.399Z
SOURCE_ID=218200040986
SOURCE_NAME=EM2: K-5 FY26 (TM Customer List)
DESTINATION_ID=n/a
DESTINATION_NAME=TouchMath - EM2: K-5 FY26 (TM Customer List)
ACTION=DRY_RUN_CREATE
STATUS=DRY_RUN
DURATION_MS=916
VALIDATION=N/A
---
2026-09-22T06:44:02.302Z
SOURCE_ID=217657242033
SOURCE_NAME=EM1: K-5 FY26 (TM Active List)
DESTINATION_ID=n/a
DESTINATION_NAME=TouchMath - EM1: K-5 FY26 (TM Active List)
ACTION=DRY_RUN_CREATE
STATUS=DRY_RUN
DURATION_MS=902
VALIDATION=N/A
---
2026-09-22T06:44:03.181Z
SOURCE_ID=217729998122
SOURCE_NAME=EM1: K-5 FY26 (TM Customers)
DESTINATION_ID=n/a
DESTINATION_NAME=TouchMath - EM1: K-5 FY26 (TM Customers)
ACTION=DRY_RUN_CREATE
STATUS=DRY_RUN
DURATION_MS=879
VALIDATION=N/A
---
2026-09-22T06:44:04.136Z
SOURCE_ID=217898709027
SOURCE_NAME=Monday Must Know - 072726
DESTINATION_ID=n/a
DESTINATION_NAME=TouchMath - Monday Must Know - 072726
ACTION=DRY_RUN_CREATE
STATUS=DRY_RUN
DURATION_MS=955
VALIDATION=N/A
---
2026-09-22T06:44:05.104Z
SOURCE_ID=211673878109
SOURCE_NAME=Automated | TouchMath Program Sampler
DESTINATION_ID=n/a
DESTINATION_NAME=TouchMath - Automated | TouchMath Program Sampler
ACTION=DRY_RUN_CREATE
STATUS=DRY_RUN
DURATION_MS=968
VALIDATION=N/A
---
2026-09-22T06:44:06.005Z
SOURCE_ID=217760152350
SOURCE_NAME=EM2: TM Funding Guide FY26
DESTINATION_ID=n/a
DESTINATION_NAME=TouchMath - EM2: TM Funding Guide FY26
ACTION=DRY_RUN_CREATE
STATUS=DRY_RUN
DURATION_MS=901
VALIDATION=N/A
---
2026-09-22T06:44:06.877Z
SOURCE_ID=217374680452
SOURCE_NAME=Monday Must Know - 072026
DESTINATION_ID=n/a
DESTINATION_NAME=TouchMath - Monday Must Know - 072026
ACTION=DRY_RUN_CREATE
STATUS=DRY_RUN
DURATION_MS=872
VALIDATION=N/A
---
2026-09-22T06:44:07.817Z
SOURCE_ID=216742855515
SOURCE_NAME=EM1: TM Funding Guide FY26
DESTINATION_ID=n/a
DESTINATION_NAME=TouchMath - EM1: TM Funding Guide FY26
ACTION=DRY_RUN_CREATE
STATUS=DRY_RUN
DURATION_MS=940
VALIDATION=N/A
---
2026-09-22T06:44:08.980Z
SOURCE_ID=216747939428
SOURCE_NAME=EM2: Dyscalculia (Phase 2)
DESTINATION_ID=n/a
DESTINATION_NAME=TouchMath - EM2: Dyscalculia (Phase 2)
ACTION=DRY_RUN_CREATE
STATUS=DRY_RUN
DURATION_MS=1163
VALIDATION=N/A
---
2026-09-22T06:44:09.852Z
SOURCE_ID=216900368780
SOURCE_NAME=Monday Must Know - 071326
DESTINATION_ID=n/a
DESTINATION_NAME=TouchMath - Monday Must Know - 071326
ACTION=DRY_RUN_CREATE
STATUS=DRY_RUN
DURATION_MS=872
VALIDATION=N/A
---
2026-09-22T06:44:10.806Z
SOURCE_ID=216090238131
SOURCE_NAME=EM1: Dyscalculia (Phase 2)
DESTINATION_ID=n/a
DESTINATION_NAME=TouchMath - EM1: Dyscalculia (Phase 2)
ACTION=DRY_RUN_CREATE
STATUS=DRY_RUN
DURATION_MS=954
VALIDATION=N/A
---
2026-09-22T06:44:11.661Z
SOURCE_ID=216372793464
SOURCE_NAME=Monday Must Know - 070626
DESTINATION_ID=n/a
DESTINATION_NAME=TouchMath - Monday Must Know - 070626
ACTION=DRY_RUN_CREATE
STATUS=DRY_RUN
DURATION_MS=855
VALIDATION=N/A
---
2026-09-22T06:44:12.542Z
SOURCE_ID=215828858500
SOURCE_NAME=Monday Must Know - 062926
DESTINATION_ID=n/a
DESTINATION_NAME=TouchMath - Monday Must Know - 062926
ACTION=DRY_RUN_CREATE
STATUS=DRY_RUN
DURATION_MS=881
VALIDATION=N/A
---
2026-09-22T06:44:13.489Z
SOURCE_ID=215357973155
SOURCE_NAME=Monday Must Know - 062226
DESTINATION_ID=n/a
DESTINATION_NAME=TouchMath - Monday Must Know - 062226
ACTION=DRY_RUN_CREATE
STATUS=DRY_RUN
DURATION_MS=947
VALIDATION=N/A
---
2026-09-22T06:44:14.409Z
SOURCE_ID=214890470785
SOURCE_NAME=Monday Must Know - 061526
DESTINATION_ID=n/a
DESTINATION_NAME=TouchMath - Monday Must Know - 061526
ACTION=DRY_RUN_CREATE
STATUS=DRY_RUN
DURATION_MS=920
VALIDATION=N/A
---
2026-09-22T06:44:15.328Z
SOURCE_ID=214351086470
SOURCE_NAME=Monday Must Know - 060826
DESTINATION_ID=n/a
DESTINATION_NAME=TouchMath - Monday Must Know - 060826
ACTION=DRY_RUN_CREATE
STATUS=DRY_RUN
DURATION_MS=919
VALIDATION=N/A
---
2026-09-22T06:44:16.245Z
SOURCE_ID=213411051865
SOURCE_NAME=Monday Must Know - 060126
DESTINATION_ID=n/a
DESTINATION_NAME=TouchMath - Monday Must Know - 060126
ACTION=DRY_RUN_CREATE
STATUS=DRY_RUN
DURATION_MS=917
VALIDATION=N/A
---
2026-09-22T06:44:17.137Z
SOURCE_ID=212911072142
SOURCE_NAME=EM1: TouchMath Grades 3-5 OD Webinar (Active Database)
DESTINATION_ID=n/a
DESTINATION_NAME=TouchMath - EM1: TouchMath Grades 3-5 OD Webinar (Active Database)
ACTION=DRY_RUN_CREATE
STATUS=DRY_RUN
DURATION_MS=892
VALIDATION=N/A
---
2026-09-22T06:44:18.008Z
SOURCE_ID=212911021204
SOURCE_NAME=EM1: TouchMath Grades 3-5 OD Webinar (Non Live Attendees)
DESTINATION_ID=n/a
DESTINATION_NAME=TouchMath - EM1: TouchMath Grades 3-5 OD Webinar (Non Live Attendees)
ACTION=DRY_RUN_CREATE
STATUS=DRY_RUN
DURATION_MS=871
VALIDATION=N/A
---
2026-09-22T06:44:18.877Z
SOURCE_ID=212906503297
SOURCE_NAME=EM1: TouchMath Grades 3-5 OD Webinar (Live Attendees)
DESTINATION_ID=n/a
DESTINATION_NAME=TouchMath - EM1: TouchMath Grades 3-5 OD Webinar (Live Attendees)
ACTION=DRY_RUN_CREATE
STATUS=DRY_RUN
DURATION_MS=869
VALIDATION=N/A
---
2026-09-22T06:44:19.771Z
SOURCE_ID=212952799129
SOURCE_NAME=Monday Must Know - 051826
DESTINATION_ID=n/a
DESTINATION_NAME=TouchMath - Monday Must Know - 051826
ACTION=DRY_RUN_CREATE
STATUS=DRY_RUN
DURATION_MS=894
VALIDATION=N/A
---
2026-09-22T06:44:20.658Z
SOURCE_ID=212401409335
SOURCE_NAME=EM3: CASE Webinar
DESTINATION_ID=n/a
DESTINATION_NAME=TouchMath - EM3: CASE Webinar
ACTION=DRY_RUN_CREATE
STATUS=DRY_RUN
DURATION_MS=887
VALIDATION=N/A
---
2026-09-22T06:44:21.548Z
SOURCE_ID=210461739698
SOURCE_NAME=EM6: TouchMath Grades 3-5 Sample Page (Customer List)
DESTINATION_ID=n/a
DESTINATION_NAME=TouchMath - EM6: TouchMath Grades 3-5 Sample Page (Customer List)
ACTION=DRY_RUN_CREATE
STATUS=DRY_RUN
DURATION_MS=890
VALIDATION=N/A
---
2026-09-22T06:44:22.435Z
SOURCE_ID=211880971943
SOURCE_NAME=EM6: TouchMath Grades 3-5 Sample Page (Active Database)
DESTINATION_ID=n/a
DESTINATION_NAME=TouchMath - EM6: TouchMath Grades 3-5 Sample Page (Active Database)
ACTION=DRY_RUN_CREATE
STATUS=DRY_RUN
DURATION_MS=887
VALIDATION=N/A
---
2026-09-22T06:44:23.313Z
SOURCE_ID=212243860507
SOURCE_NAME=EM2: CASE Webinar
DESTINATION_ID=n/a
DESTINATION_NAME=TouchMath - EM2: CASE Webinar
ACTION=DRY_RUN_CREATE
STATUS=DRY_RUN
DURATION_MS=878
VALIDATION=N/A
---
2026-09-22T06:44:24.415Z
SOURCE_ID=212526392080
SOURCE_NAME=Monday Must Know - 051126
DESTINATION_ID=n/a
DESTINATION_NAME=TouchMath - Monday Must Know - 051126
ACTION=DRY_RUN_CREATE
STATUS=DRY_RUN
DURATION_MS=1102
VALIDATION=N/A
---
2026-09-22T06:44:25.262Z
SOURCE_ID=211590830682
SOURCE_NAME=EM5: TouchMath Grades 3-5 Webinar (Active Database) - LAST CHANCE
DESTINATION_ID=n/a
DESTINATION_NAME=TouchMath - EM5: TouchMath Grades 3-5 Webinar (Active Database) - LAST CHANCE
ACTION=DRY_RUN_CREATE
STATUS=DRY_RUN
DURATION_MS=847
VALIDATION=N/A
---
2026-09-22T06:44:26.187Z
SOURCE_ID=210461853194
SOURCE_NAME=EM5: TouchMath Grades 3-5 Webinar (Customer List) - LAST CHANCE
DESTINATION_ID=n/a
DESTINATION_NAME=TouchMath - EM5: TouchMath Grades 3-5 Webinar (Customer List) - LAST CHANCE
ACTION=DRY_RUN_CREATE
STATUS=DRY_RUN
DURATION_MS=925
VALIDATION=N/A
---
2026-09-22T06:44:27.211Z
SOURCE_ID=211590870554
SOURCE_NAME=EM1: CASE Webinar
DESTINATION_ID=n/a
DESTINATION_NAME=TouchMath - EM1: CASE Webinar
ACTION=DRY_RUN_CREATE
STATUS=DRY_RUN
DURATION_MS=1024
VALIDATION=N/A
---
2026-09-22T06:44:28.134Z
SOURCE_ID=212080759053
SOURCE_NAME=Monday Must Know - 050426
DESTINATION_ID=n/a
DESTINATION_NAME=TouchMath - Monday Must Know - 050426
ACTION=DRY_RUN_CREATE
STATUS=DRY_RUN
DURATION_MS=922
VALIDATION=N/A
---
2026-09-22T06:44:29.085Z
SOURCE_ID=211646930762
SOURCE_NAME=Monday Must Know - 042726
DESTINATION_ID=n/a
DESTINATION_NAME=TouchMath - Monday Must Know - 042726
ACTION=DRY_RUN_CREATE
STATUS=DRY_RUN
DURATION_MS=951
VALIDATION=N/A
---
2026-09-22T06:44:30.110Z
SOURCE_ID=210461739055
SOURCE_NAME=EM4: TouchMath Grades 3-5 Sample Page (Customer List)
DESTINATION_ID=n/a
DESTINATION_NAME=TouchMath - EM4: TouchMath Grades 3-5 Sample Page (Customer List)
ACTION=DRY_RUN_CREATE
STATUS=DRY_RUN
DURATION_MS=1024
VALIDATION=N/A
---
2026-09-22T06:44:31.035Z
SOURCE_ID=211194161450
SOURCE_NAME=EM4: TouchMath Grades 3-5 Sample Page (Active Database)
DESTINATION_ID=n/a
DESTINATION_NAME=TouchMath - EM4: TouchMath Grades 3-5 Sample Page (Active Database)
ACTION=DRY_RUN_CREATE
STATUS=DRY_RUN
DURATION_MS=925
VALIDATION=N/A
---
2026-09-22T06:44:31.922Z
SOURCE_ID=211382616161
SOURCE_NAME=Newsletter - April 2026 - External
DESTINATION_ID=n/a
DESTINATION_NAME=TouchMath - Newsletter - April 2026 - External
ACTION=DRY_RUN_CREATE
STATUS=DRY_RUN
DURATION_MS=887
VALIDATION=N/A
---
2026-09-22T06:44:32.837Z
SOURCE_ID=211185004629
SOURCE_NAME=EM3: TouchMath Grades 3-5 Webinar (Active Database)
DESTINATION_ID=n/a
DESTINATION_NAME=TouchMath - EM3: TouchMath Grades 3-5 Webinar (Active Database)
ACTION=DRY_RUN_CREATE
STATUS=DRY_RUN
DURATION_MS=915
VALIDATION=N/A
---
2026-09-22T06:44:33.782Z
SOURCE_ID=210461739664
SOURCE_NAME=EM3: TouchMath Grades 3-5 Webinar (Customer List)
DESTINATION_ID=n/a
DESTINATION_NAME=TouchMath - EM3: TouchMath Grades 3-5 Webinar (Customer List)
ACTION=DRY_RUN_CREATE
STATUS=DRY_RUN
DURATION_MS=944
VALIDATION=N/A
---
2026-09-22T06:44:34.758Z
SOURCE_ID=211247802437
SOURCE_NAME=Monday Must Know - 042026
DESTINATION_ID=n/a
DESTINATION_NAME=TouchMath - Monday Must Know - 042026
ACTION=DRY_RUN_CREATE
STATUS=DRY_RUN
DURATION_MS=976
VALIDATION=N/A
---
2026-09-22T06:44:35.635Z
SOURCE_ID=211120338101
SOURCE_NAME=Automated | TouchMath Grades 3-5 Sample Page
DESTINATION_ID=n/a
DESTINATION_NAME=TouchMath - Automated | TouchMath Grades 3-5 Sample Page
ACTION=DRY_RUN_CREATE
STATUS=DRY_RUN
DURATION_MS=877
VALIDATION=N/A
---
2026-09-22T06:44:36.575Z
SOURCE_ID=211120460435
SOURCE_NAME=EM1: Urban Collaborative Invite 2026
DESTINATION_ID=n/a
DESTINATION_NAME=TouchMath - EM1: Urban Collaborative Invite 2026
ACTION=DRY_RUN_CREATE
STATUS=DRY_RUN
DURATION_MS=940
VALIDATION=N/A
---
2026-09-22T06:44:37.514Z
SOURCE_ID=210998963841
SOURCE_NAME=EM2: TouchMath Grades 3-5 Sample Page (Customer List)
DESTINATION_ID=n/a
DESTINATION_NAME=TouchMath - EM2: TouchMath Grades 3-5 Sample Page (Customer List)
ACTION=DRY_RUN_CREATE
STATUS=DRY_RUN
DURATION_MS=939
VALIDATION=N/A
---
2026-09-22T06:44:38.407Z
SOURCE_ID=210998679476
SOURCE_NAME=EM2: TouchMath Grades 3-5 Sample Page (Active Database)
DESTINATION_ID=n/a
DESTINATION_NAME=TouchMath - EM2: TouchMath Grades 3-5 Sample Page (Active Database)
ACTION=DRY_RUN_CREATE
STATUS=DRY_RUN
DURATION_MS=892
VALIDATION=N/A
---
2026-09-22T06:44:39.438Z
SOURCE_ID=210280446367
SOURCE_NAME=EM1: TouchMath Grades 3-5 Webinar (Active Database)
DESTINATION_ID=n/a
DESTINATION_NAME=TouchMath - EM1: TouchMath Grades 3-5 Webinar (Active Database)
ACTION=DRY_RUN_CREATE
STATUS=DRY_RUN
DURATION_MS=1030
VALIDATION=N/A
---
2026-09-22T06:44:40.340Z
SOURCE_ID=210276406415
SOURCE_NAME=EM1: TouchMath Grades 3-5 Webinar (Customer List)
DESTINATION_ID=n/a
DESTINATION_NAME=TouchMath - EM1: TouchMath Grades 3-5 Webinar (Customer List)
ACTION=DRY_RUN_CREATE
STATUS=DRY_RUN
DURATION_MS=902
VALIDATION=N/A
---
2026-09-22T06:44:41.212Z
SOURCE_ID=210836704355
SOURCE_NAME=Monday Must Know - 041326
DESTINATION_ID=n/a
DESTINATION_NAME=TouchMath - Monday Must Know - 041326
ACTION=DRY_RUN_CREATE
STATUS=DRY_RUN
DURATION_MS=871
VALIDATION=N/A
---
2026-09-22T06:44:42.067Z
SOURCE_ID=210397618574
SOURCE_NAME=Monday Must Know - 04.06.26
DESTINATION_ID=n/a
DESTINATION_NAME=TouchMath - Monday Must Know - 04.06.26
ACTION=DRY_RUN_CREATE
STATUS=DRY_RUN
DURATION_MS=855
VALIDATION=N/A
---
2026-09-22T06:44:42.960Z
SOURCE_ID=210468109718
SOURCE_NAME=TouchMath Announcement 4.3.26
DESTINATION_ID=n/a
DESTINATION_NAME=TouchMath - TouchMath Announcement 4.3.26
ACTION=DRY_RUN_CREATE
STATUS=DRY_RUN
DURATION_MS=893
VALIDATION=N/A
---
2026-09-22T06:44:43.999Z
SOURCE_ID=210067901803
SOURCE_NAME=Monday Must Know - 03.30.26
DESTINATION_ID=n/a
DESTINATION_NAME=TouchMath - Monday Must Know - 03.30.26
ACTION=DRY_RUN_CREATE
STATUS=DRY_RUN
DURATION_MS=1038
VALIDATION=N/A
---
2026-09-22T06:44:44.927Z
SOURCE_ID=208327000096
SOURCE_NAME=EM6: Extend 2026
DESTINATION_ID=n/a
DESTINATION_NAME=TouchMath - EM6: Extend 2026
ACTION=DRY_RUN_CREATE
STATUS=DRY_RUN
DURATION_MS=928
VALIDATION=N/A
---
2026-09-22T06:44:45.857Z
SOURCE_ID=209662922872
SOURCE_NAME=EM5: Dyscalculia
DESTINATION_ID=n/a
DESTINATION_NAME=TouchMath - EM5: Dyscalculia
ACTION=DRY_RUN_CREATE
STATUS=DRY_RUN
DURATION_MS=930
VALIDATION=N/A
---
2026-09-22T06:44:46.873Z
SOURCE_ID=209663069754
SOURCE_NAME=Monday Must Know - 03.23.26
DESTINATION_ID=n/a
DESTINATION_NAME=TouchMath - Monday Must Know - 03.23.26
ACTION=DRY_RUN_CREATE
STATUS=DRY_RUN
DURATION_MS=1015
VALIDATION=N/A
---
2026-09-22T06:44:47.854Z
SOURCE_ID=209526574617
SOURCE_NAME=EM5: Extend 2026 (test)
DESTINATION_ID=n/a
DESTINATION_NAME=TouchMath - EM5: Extend 2026 (test)
ACTION=DRY_RUN_CREATE
STATUS=DRY_RUN
DURATION_MS=981
VALIDATION=N/A
---
2026-09-22T06:44:48.748Z
SOURCE_ID=208327443545
SOURCE_NAME=EM5: Extend 2026
DESTINATION_ID=n/a
DESTINATION_NAME=TouchMath - EM5: Extend 2026
ACTION=DRY_RUN_CREATE
STATUS=DRY_RUN
DURATION_MS=893
VALIDATION=N/A
---
2026-09-22T06:44:49.634Z
SOURCE_ID=209462809477
SOURCE_NAME=EM2: TM Announcement (Active List)
DESTINATION_ID=n/a
DESTINATION_NAME=TouchMath - EM2: TM Announcement (Active List)
ACTION=DRY_RUN_CREATE
STATUS=DRY_RUN
DURATION_MS=885
VALIDATION=N/A
---
2026-09-22T06:44:50.553Z
SOURCE_ID=209480810063
SOURCE_NAME=EM2: TM Announcement (Customers)
DESTINATION_ID=n/a
DESTINATION_NAME=TouchMath - EM2: TM Announcement (Customers)
ACTION=DRY_RUN_CREATE
STATUS=DRY_RUN
DURATION_MS=919
VALIDATION=N/A
---
2026-09-22T06:44:51.591Z
SOURCE_ID=209190634549
SOURCE_NAME=Monday Must Know - 03.16.26
DESTINATION_ID=n/a
DESTINATION_NAME=TouchMath - Monday Must Know - 03.16.26
ACTION=DRY_RUN_CREATE
STATUS=DRY_RUN
DURATION_MS=1038
VALIDATION=N/A
---
2026-09-22T06:44:52.460Z
SOURCE_ID=208841625979
SOURCE_NAME=EM4: Dyscalculia
DESTINATION_ID=n/a
DESTINATION_NAME=TouchMath - EM4: Dyscalculia
ACTION=DRY_RUN_CREATE
STATUS=DRY_RUN
DURATION_MS=869
VALIDATION=N/A
---
2026-09-22T06:44:53.454Z
SOURCE_ID=208716781649
SOURCE_NAME=EM1: TM Announcement (Active List)
DESTINATION_ID=n/a
DESTINATION_NAME=TouchMath - EM1: TM Announcement (Active List)
ACTION=DRY_RUN_CREATE
STATUS=DRY_RUN
DURATION_MS=994
VALIDATION=N/A
---
2026-09-22T06:44:54.311Z
SOURCE_ID=209101450929
SOURCE_NAME=EM1: TM Announcement (Customer List)
DESTINATION_ID=n/a
DESTINATION_NAME=TouchMath - EM1: TM Announcement (Customer List)
ACTION=DRY_RUN_CREATE
STATUS=DRY_RUN
DURATION_MS=857
VALIDATION=N/A
---
2026-09-22T06:44:55.328Z
SOURCE_ID=208327423496
SOURCE_NAME=EM4: Extend 2026
DESTINATION_ID=n/a
DESTINATION_NAME=TouchMath - EM4: Extend 2026
ACTION=DRY_RUN_CREATE
STATUS=DRY_RUN
DURATION_MS=1017
VALIDATION=N/A
---
2026-09-22T06:44:56.238Z
SOURCE_ID=208716381809
SOURCE_NAME=Monday Must Know - 03.09.26
DESTINATION_ID=n/a
DESTINATION_NAME=TouchMath - Monday Must Know - 03.09.26
ACTION=DRY_RUN_CREATE
STATUS=DRY_RUN
DURATION_MS=910
VALIDATION=N/A
---
2026-09-22T06:44:57.106Z
SOURCE_ID=208583698770
SOURCE_NAME=EM3: Dyscalculia
DESTINATION_ID=n/a
DESTINATION_NAME=TouchMath - EM3: Dyscalculia
ACTION=DRY_RUN_CREATE
STATUS=DRY_RUN
DURATION_MS=868
VALIDATION=N/A
---
2026-09-22T06:44:58.002Z
SOURCE_ID=208580144196
SOURCE_NAME=EM1A: Dyscalculia (Webinar follow-up)
DESTINATION_ID=n/a
DESTINATION_NAME=TouchMath - EM1A: Dyscalculia (Webinar follow-up)
ACTION=DRY_RUN_CREATE
STATUS=DRY_RUN
DURATION_MS=896
VALIDATION=N/A
---
2026-09-22T06:44:58.882Z
SOURCE_ID=208326869908
SOURCE_NAME=EM3: Extend 2026
DESTINATION_ID=n/a
DESTINATION_NAME=TouchMath - EM3: Extend 2026
ACTION=DRY_RUN_CREATE
STATUS=DRY_RUN
DURATION_MS=880
VALIDATION=N/A
---
2026-09-22T06:44:59.754Z
SOURCE_ID=208184740464
SOURCE_NAME=Monday Must Know - 03.02.26
DESTINATION_ID=n/a
DESTINATION_NAME=TouchMath - Monday Must Know - 03.02.26
ACTION=DRY_RUN_CREATE
STATUS=DRY_RUN
DURATION_MS=872
VALIDATION=N/A
---
2026-09-22T06:45:00.776Z
SOURCE_ID=208327378330
SOURCE_NAME=EM2: Dyscalculia
DESTINATION_ID=n/a
DESTINATION_NAME=TouchMath - EM2: Dyscalculia
ACTION=DRY_RUN_CREATE
STATUS=DRY_RUN
DURATION_MS=1022
VALIDATION=N/A
---
2026-09-22T06:45:01.724Z
SOURCE_ID=208327327009
SOURCE_NAME=EM1: Dyscalculia
DESTINATION_ID=n/a
DESTINATION_NAME=TouchMath - EM1: Dyscalculia
ACTION=DRY_RUN_CREATE
STATUS=DRY_RUN
DURATION_MS=948
VALIDATION=N/A
---
2026-09-22T06:45:02.611Z
SOURCE_ID=206649578625
SOURCE_NAME=EM2: Extend 2026
DESTINATION_ID=n/a
DESTINATION_NAME=TouchMath - EM2: Extend 2026
ACTION=DRY_RUN_CREATE
STATUS=DRY_RUN
DURATION_MS=887
VALIDATION=N/A
---
2026-09-22T06:45:03.485Z
SOURCE_ID=208049669966
SOURCE_NAME=Monday Must Know - 2.23.26
DESTINATION_ID=n/a
DESTINATION_NAME=TouchMath - Monday Must Know - 2.23.26
ACTION=DRY_RUN_CREATE
STATUS=DRY_RUN
DURATION_MS=874
VALIDATION=N/A
---
2026-09-22T06:45:04.553Z
SOURCE_ID=206402267805
SOURCE_NAME=EM1: Extend 2026
DESTINATION_ID=n/a
DESTINATION_NAME=TouchMath - EM1: Extend 2026
ACTION=DRY_RUN_CREATE
STATUS=DRY_RUN
DURATION_MS=1068
VALIDATION=N/A
---
2026-09-22T06:45:05.426Z
SOURCE_ID=207540025873
SOURCE_NAME=Monday Must Know - 2.16.26
DESTINATION_ID=n/a
DESTINATION_NAME=TouchMath - Monday Must Know - 2.16.26
ACTION=DRY_RUN_CREATE
STATUS=DRY_RUN
DURATION_MS=873
VALIDATION=N/A
---
2026-09-22T06:45:06.491Z
SOURCE_ID=207043111012
SOURCE_NAME=Monday Must Know - 2.9.26
DESTINATION_ID=n/a
DESTINATION_NAME=TouchMath - Monday Must Know - 2.9.26
ACTION=DRY_RUN_CREATE
STATUS=DRY_RUN
DURATION_MS=1065
VALIDATION=N/A
---
2026-09-22T06:45:07.559Z
SOURCE_ID=206408459082
SOURCE_NAME=Monday Must Know - 2.2.26
DESTINATION_ID=n/a
DESTINATION_NAME=TouchMath - Monday Must Know - 2.2.26
ACTION=DRY_RUN_CREATE
STATUS=DRY_RUN
DURATION_MS=1067
VALIDATION=N/A
---
2026-09-22T06:45:08.549Z
SOURCE_ID=204391548525
SOURCE_NAME=Texas - TCASE 2026 - Email 3
DESTINATION_ID=n/a
DESTINATION_NAME=TouchMath - Texas - TCASE 2026 - Email 3
ACTION=DRY_RUN_CREATE
STATUS=DRY_RUN
DURATION_MS=990
VALIDATION=N/A
---
2026-09-22T06:45:09.439Z
SOURCE_ID=205683641146
SOURCE_NAME=Monday Must Know - 1.26.26
DESTINATION_ID=n/a
DESTINATION_NAME=TouchMath - Monday Must Know - 1.26.26
ACTION=DRY_RUN_CREATE
STATUS=DRY_RUN
DURATION_MS=890
VALIDATION=N/A
---
2026-09-22T06:45:10.707Z
SOURCE_ID=204391548453
SOURCE_NAME=Texas - TCASE 2026 - Email 2
DESTINATION_ID=n/a
DESTINATION_NAME=TouchMath - Texas - TCASE 2026 - Email 2
ACTION=DRY_RUN_CREATE
STATUS=DRY_RUN
DURATION_MS=1268
VALIDATION=N/A
---
2026-09-22T06:45:11.871Z
SOURCE_ID=204391547153
SOURCE_NAME=Texas - TCASE 2026 - Email 1
DESTINATION_ID=n/a
DESTINATION_NAME=TouchMath - Texas - TCASE 2026 - Email 1
ACTION=DRY_RUN_CREATE
STATUS=DRY_RUN
DURATION_MS=1164
VALIDATION=N/A
---
2026-09-22T07:12:39.469Z
SOURCE_ID=221905573744
SOURCE_NAME=EM4: Indiana Tier-2 FY26
DESTINATION_ID=n/a
DESTINATION_NAME=TouchMath - EM4: Indiana Tier-2 FY26
ACTION=DRY_RUN_CREATE
STATUS=DRY_RUN
DURATION_MS=1002
VALIDATION=N/A
---
2026-09-22T07:12:40.559Z
SOURCE_ID=221882351519
SOURCE_NAME=EM2: Tier-2 Math Survey
DESTINATION_ID=n/a
DESTINATION_NAME=TouchMath - EM2: Tier-2 Math Survey
ACTION=DRY_RUN_CREATE
STATUS=DRY_RUN
DURATION_MS=1083
VALIDATION=N/A
---
2026-09-22T07:12:41.478Z
SOURCE_ID=221725071696
SOURCE_NAME=EM2: Back to School 2026-2027
DESTINATION_ID=n/a
DESTINATION_NAME=TouchMath - EM2: Back to School 2026-2027
ACTION=DRY_RUN_CREATE
STATUS=DRY_RUN
DURATION_MS=919
VALIDATION=N/A
---
2026-09-22T07:12:42.427Z
SOURCE_ID=221617188101
SOURCE_NAME=EM3: Indiana Tier-2 FY26
DESTINATION_ID=n/a
DESTINATION_NAME=TouchMath - EM3: Indiana Tier-2 FY26
ACTION=DRY_RUN_CREATE
STATUS=DRY_RUN
DURATION_MS=948
VALIDATION=N/A
---
2026-09-22T07:12:43.554Z
SOURCE_ID=221130963738
SOURCE_NAME=EM1: Tier-2 Math Survey
DESTINATION_ID=n/a
DESTINATION_NAME=TouchMath - EM1: Tier-2 Math Survey
ACTION=DRY_RUN_CREATE
STATUS=DRY_RUN
DURATION_MS=1127
VALIDATION=N/A
---
2026-09-22T07:12:44.475Z
SOURCE_ID=221126949701
SOURCE_NAME=EM2: Indiana Tier-2 FY26
DESTINATION_ID=n/a
DESTINATION_NAME=TouchMath - EM2: Indiana Tier-2 FY26
ACTION=DRY_RUN_CREATE
STATUS=DRY_RUN
DURATION_MS=921
VALIDATION=N/A
---
2026-09-22T07:12:45.398Z
SOURCE_ID=220765652141
SOURCE_NAME=EM1: Indiana Tier-2 FY26
DESTINATION_ID=n/a
DESTINATION_NAME=TouchMath - EM1: Indiana Tier-2 FY26
ACTION=DRY_RUN_CREATE
STATUS=DRY_RUN
DURATION_MS=923
VALIDATION=N/A
---
2026-09-22T07:12:46.524Z
SOURCE_ID=220493676103
SOURCE_NAME=Automated | Indiana | FY26
DESTINATION_ID=n/a
DESTINATION_NAME=TouchMath - Automated | Indiana | FY26
ACTION=DRY_RUN_CREATE
STATUS=DRY_RUN
DURATION_MS=1126
VALIDATION=N/A
---
2026-09-22T07:12:47.445Z
SOURCE_ID=219414911539
SOURCE_NAME=EM6: Georgia FY26 (TM Database)
DESTINATION_ID=n/a
DESTINATION_NAME=TouchMath - EM6: Georgia FY26 (TM Database)
ACTION=DRY_RUN_CREATE
STATUS=DRY_RUN
DURATION_MS=920
VALIDATION=N/A
---
2026-09-22T07:12:48.475Z
SOURCE_ID=219408522877
SOURCE_NAME=EM5: Georgia FY26 (TM Database)
DESTINATION_ID=n/a
DESTINATION_NAME=TouchMath - EM5: Georgia FY26 (TM Database)
ACTION=DRY_RUN_CREATE
STATUS=DRY_RUN
DURATION_MS=1029
VALIDATION=N/A
---
2026-09-22T07:12:49.392Z
SOURCE_ID=219365425165
SOURCE_NAME=EM5: K-5 FY26 (TM Active List)
DESTINATION_ID=n/a
DESTINATION_NAME=TouchMath - EM5: K-5 FY26 (TM Active List)
ACTION=DRY_RUN_CREATE
STATUS=DRY_RUN
DURATION_MS=916
VALIDATION=N/A
---
2026-09-22T07:12:50.311Z
SOURCE_ID=219402401574
SOURCE_NAME=EM4: Georgia FY26 (TM Database)
DESTINATION_ID=n/a
DESTINATION_NAME=TouchMath - EM4: Georgia FY26 (TM Database)
ACTION=DRY_RUN_CREATE
STATUS=DRY_RUN
DURATION_MS=918
VALIDATION=N/A
---
2026-09-22T07:12:51.438Z
SOURCE_ID=219414938523
SOURCE_NAME=EM3: Georgia FY26 (TM Database)
DESTINATION_ID=n/a
DESTINATION_NAME=TouchMath - EM3: Georgia FY26 (TM Database)
ACTION=DRY_RUN_CREATE
STATUS=DRY_RUN
DURATION_MS=1126
VALIDATION=N/A
---
2026-09-22T07:12:52.466Z
SOURCE_ID=219408522835
SOURCE_NAME=EM2: Georgia FY26 (TM Database)
DESTINATION_ID=n/a
DESTINATION_NAME=TouchMath - EM2: Georgia FY26 (TM Database)
ACTION=DRY_RUN_CREATE
STATUS=DRY_RUN
DURATION_MS=1027
VALIDATION=N/A
---
2026-09-22T07:12:53.575Z
SOURCE_ID=219414911508
SOURCE_NAME=EM1: Georgia FY26 (TM Database)
DESTINATION_ID=n/a
DESTINATION_NAME=TouchMath - EM1: Georgia FY26 (TM Database)
ACTION=DRY_RUN_CREATE
STATUS=DRY_RUN
DURATION_MS=1109
VALIDATION=N/A
---
2026-09-22T07:12:55.229Z
SOURCE_ID=218786186847
SOURCE_NAME=EM1: Back to School 2026-2027
DESTINATION_ID=n/a
DESTINATION_NAME=TouchMath - EM1: Back to School 2026-2027
ACTION=DRY_RUN_CREATE
STATUS=DRY_RUN
DURATION_MS=1654
VALIDATION=N/A
---
2026-09-22T07:12:56.097Z
SOURCE_ID=218869877169
SOURCE_NAME=EM4: K-5 FY26 (TM Active List)
DESTINATION_ID=n/a
DESTINATION_NAME=TouchMath - EM4: K-5 FY26 (TM Active List)
ACTION=DRY_RUN_CREATE
STATUS=DRY_RUN
DURATION_MS=868
VALIDATION=N/A
---
2026-09-22T07:12:57.068Z
SOURCE_ID=218634662505
SOURCE_NAME=EM3: K-5 FY26 (TM Customer List)
DESTINATION_ID=n/a
DESTINATION_NAME=TouchMath - EM3: K-5 FY26 (TM Customer List)
ACTION=DRY_RUN_CREATE
STATUS=DRY_RUN
DURATION_MS=970
VALIDATION=N/A
---
2026-09-22T07:12:58.190Z
SOURCE_ID=218623581773
SOURCE_NAME=EM3: K-5 FY26 (TM Active List)
DESTINATION_ID=n/a
DESTINATION_NAME=TouchMath - EM3: K-5 FY26 (TM Active List)
ACTION=DRY_RUN_CREATE
STATUS=DRY_RUN
DURATION_MS=1122
VALIDATION=N/A
---
2026-09-22T07:12:59.154Z
SOURCE_ID=218134817845
SOURCE_NAME=Automated | TM Georgia Tier 2 | FY26
DESTINATION_ID=n/a
DESTINATION_NAME=TouchMath - Automated | TM Georgia Tier 2 | FY26
ACTION=DRY_RUN_CREATE
STATUS=DRY_RUN
DURATION_MS=964
VALIDATION=N/A
---
2026-09-22T07:13:00.288Z
SOURCE_ID=218190612006
SOURCE_NAME=EM2: K-5 FY26 (TM Active List)
DESTINATION_ID=n/a
DESTINATION_NAME=TouchMath - EM2: K-5 FY26 (TM Active List)
ACTION=DRY_RUN_CREATE
STATUS=DRY_RUN
DURATION_MS=1134
VALIDATION=N/A
---
2026-09-22T07:13:01.182Z
SOURCE_ID=218200040986
SOURCE_NAME=EM2: K-5 FY26 (TM Customer List)
DESTINATION_ID=n/a
DESTINATION_NAME=TouchMath - EM2: K-5 FY26 (TM Customer List)
ACTION=DRY_RUN_CREATE
STATUS=DRY_RUN
DURATION_MS=894
VALIDATION=N/A
---
2026-09-22T07:13:02.298Z
SOURCE_ID=217657242033
SOURCE_NAME=EM1: K-5 FY26 (TM Active List)
DESTINATION_ID=n/a
DESTINATION_NAME=TouchMath - EM1: K-5 FY26 (TM Active List)
ACTION=DRY_RUN_CREATE
STATUS=DRY_RUN
DURATION_MS=1115
VALIDATION=N/A
---
2026-09-22T07:13:03.426Z
SOURCE_ID=217729998122
SOURCE_NAME=EM1: K-5 FY26 (TM Customers)
DESTINATION_ID=n/a
DESTINATION_NAME=TouchMath - EM1: K-5 FY26 (TM Customers)
ACTION=DRY_RUN_CREATE
STATUS=DRY_RUN
DURATION_MS=1128
VALIDATION=N/A
---
2026-09-22T07:13:04.347Z
SOURCE_ID=217898709027
SOURCE_NAME=Monday Must Know - 072726
DESTINATION_ID=n/a
DESTINATION_NAME=TouchMath - Monday Must Know - 072726
ACTION=DRY_RUN_CREATE
STATUS=DRY_RUN
DURATION_MS=920
VALIDATION=N/A
---
2026-09-22T07:13:05.499Z
SOURCE_ID=211673878109
SOURCE_NAME=Automated | TouchMath Program Sampler
DESTINATION_ID=n/a
DESTINATION_NAME=TouchMath - Automated | TouchMath Program Sampler
ACTION=DRY_RUN_CREATE
STATUS=DRY_RUN
DURATION_MS=1151
VALIDATION=N/A
---
2026-09-22T07:13:06.391Z
SOURCE_ID=217760152350
SOURCE_NAME=EM2: TM Funding Guide FY26
DESTINATION_ID=n/a
DESTINATION_NAME=TouchMath - EM2: TM Funding Guide FY26
ACTION=DRY_RUN_CREATE
STATUS=DRY_RUN
DURATION_MS=892
VALIDATION=N/A
---
2026-09-22T07:13:07.320Z
SOURCE_ID=217374680452
SOURCE_NAME=Monday Must Know - 072026
DESTINATION_ID=n/a
DESTINATION_NAME=TouchMath - Monday Must Know - 072026
ACTION=DRY_RUN_CREATE
STATUS=DRY_RUN
DURATION_MS=929
VALIDATION=N/A
---
2026-09-22T07:13:08.207Z
SOURCE_ID=216742855515
SOURCE_NAME=EM1: TM Funding Guide FY26
DESTINATION_ID=n/a
DESTINATION_NAME=TouchMath - EM1: TM Funding Guide FY26
ACTION=DRY_RUN_CREATE
STATUS=DRY_RUN
DURATION_MS=887
VALIDATION=N/A
---
2026-09-22T07:13:09.186Z
SOURCE_ID=216747939428
SOURCE_NAME=EM2: Dyscalculia (Phase 2)
DESTINATION_ID=n/a
DESTINATION_NAME=TouchMath - EM2: Dyscalculia (Phase 2)
ACTION=DRY_RUN_CREATE
STATUS=DRY_RUN
DURATION_MS=979
VALIDATION=N/A
---
2026-09-22T07:13:10.064Z
SOURCE_ID=216900368780
SOURCE_NAME=Monday Must Know - 071326
DESTINATION_ID=n/a
DESTINATION_NAME=TouchMath - Monday Must Know - 071326
ACTION=DRY_RUN_CREATE
STATUS=DRY_RUN
DURATION_MS=877
VALIDATION=N/A
---
2026-09-22T07:13:11.163Z
SOURCE_ID=216090238131
SOURCE_NAME=EM1: Dyscalculia (Phase 2)
DESTINATION_ID=n/a
DESTINATION_NAME=TouchMath - EM1: Dyscalculia (Phase 2)
ACTION=DRY_RUN_CREATE
STATUS=DRY_RUN
DURATION_MS=1099
VALIDATION=N/A
---
2026-09-22T07:13:12.044Z
SOURCE_ID=216372793464
SOURCE_NAME=Monday Must Know - 070626
DESTINATION_ID=n/a
DESTINATION_NAME=TouchMath - Monday Must Know - 070626
ACTION=DRY_RUN_CREATE
STATUS=DRY_RUN
DURATION_MS=881
VALIDATION=N/A
---
2026-09-22T07:13:13.028Z
SOURCE_ID=215828858500
SOURCE_NAME=Monday Must Know - 062926
DESTINATION_ID=n/a
DESTINATION_NAME=TouchMath - Monday Must Know - 062926
ACTION=DRY_RUN_CREATE
STATUS=DRY_RUN
DURATION_MS=984
VALIDATION=N/A
---
2026-09-22T07:13:13.966Z
SOURCE_ID=215357973155
SOURCE_NAME=Monday Must Know - 062226
DESTINATION_ID=n/a
DESTINATION_NAME=TouchMath - Monday Must Know - 062226
ACTION=DRY_RUN_CREATE
STATUS=DRY_RUN
DURATION_MS=938
VALIDATION=N/A
---
2026-09-22T07:13:14.873Z
SOURCE_ID=214890470785
SOURCE_NAME=Monday Must Know - 061526
DESTINATION_ID=n/a
DESTINATION_NAME=TouchMath - Monday Must Know - 061526
ACTION=DRY_RUN_CREATE
STATUS=DRY_RUN
DURATION_MS=907
VALIDATION=N/A
---
2026-09-22T07:13:15.808Z
SOURCE_ID=214351086470
SOURCE_NAME=Monday Must Know - 060826
DESTINATION_ID=n/a
DESTINATION_NAME=TouchMath - Monday Must Know - 060826
ACTION=DRY_RUN_CREATE
STATUS=DRY_RUN
DURATION_MS=935
VALIDATION=N/A
---
2026-09-22T07:13:16.700Z
SOURCE_ID=213411051865
SOURCE_NAME=Monday Must Know - 060126
DESTINATION_ID=n/a
DESTINATION_NAME=TouchMath - Monday Must Know - 060126
ACTION=DRY_RUN_CREATE
STATUS=DRY_RUN
DURATION_MS=892
VALIDATION=N/A
---
2026-09-22T07:13:17.577Z
SOURCE_ID=212911072142
SOURCE_NAME=EM1: TouchMath Grades 3-5 OD Webinar (Active Database)
DESTINATION_ID=n/a
DESTINATION_NAME=TouchMath - EM1: TouchMath Grades 3-5 OD Webinar (Active Database)
ACTION=DRY_RUN_CREATE
STATUS=DRY_RUN
DURATION_MS=877
VALIDATION=N/A
---
2026-09-22T07:13:18.524Z
SOURCE_ID=212911021204
SOURCE_NAME=EM1: TouchMath Grades 3-5 OD Webinar (Non Live Attendees)
DESTINATION_ID=n/a
DESTINATION_NAME=TouchMath - EM1: TouchMath Grades 3-5 OD Webinar (Non Live Attendees)
ACTION=DRY_RUN_CREATE
STATUS=DRY_RUN
DURATION_MS=947
VALIDATION=N/A
---
2026-09-22T07:13:19.496Z
SOURCE_ID=212906503297
SOURCE_NAME=EM1: TouchMath Grades 3-5 OD Webinar (Live Attendees)
DESTINATION_ID=n/a
DESTINATION_NAME=TouchMath - EM1: TouchMath Grades 3-5 OD Webinar (Live Attendees)
ACTION=DRY_RUN_CREATE
STATUS=DRY_RUN
DURATION_MS=972
VALIDATION=N/A
---
2026-09-22T07:13:20.497Z
SOURCE_ID=212952799129
SOURCE_NAME=Monday Must Know - 051826
DESTINATION_ID=n/a
DESTINATION_NAME=TouchMath - Monday Must Know - 051826
ACTION=DRY_RUN_CREATE
STATUS=DRY_RUN
DURATION_MS=1001
VALIDATION=N/A
---
2026-09-22T07:13:21.443Z
SOURCE_ID=212401409335
SOURCE_NAME=EM3: CASE Webinar
DESTINATION_ID=n/a
DESTINATION_NAME=TouchMath - EM3: CASE Webinar
ACTION=DRY_RUN_CREATE
STATUS=DRY_RUN
DURATION_MS=945
VALIDATION=N/A
---
2026-09-22T07:13:22.467Z
SOURCE_ID=210461739698
SOURCE_NAME=EM6: TouchMath Grades 3-5 Sample Page (Customer List)
DESTINATION_ID=n/a
DESTINATION_NAME=TouchMath - EM6: TouchMath Grades 3-5 Sample Page (Customer List)
ACTION=DRY_RUN_CREATE
STATUS=DRY_RUN
DURATION_MS=1023
VALIDATION=N/A
---
2026-09-22T07:13:23.362Z
SOURCE_ID=211880971943
SOURCE_NAME=EM6: TouchMath Grades 3-5 Sample Page (Active Database)
DESTINATION_ID=n/a
DESTINATION_NAME=TouchMath - EM6: TouchMath Grades 3-5 Sample Page (Active Database)
ACTION=DRY_RUN_CREATE
STATUS=DRY_RUN
DURATION_MS=895
VALIDATION=N/A
---
2026-09-22T07:13:24.253Z
SOURCE_ID=212243860507
SOURCE_NAME=EM2: CASE Webinar
DESTINATION_ID=n/a
DESTINATION_NAME=TouchMath - EM2: CASE Webinar
ACTION=DRY_RUN_CREATE
STATUS=DRY_RUN
DURATION_MS=891
VALIDATION=N/A
---
2026-09-22T07:13:25.231Z
SOURCE_ID=212526392080
SOURCE_NAME=Monday Must Know - 051126
DESTINATION_ID=n/a
DESTINATION_NAME=TouchMath - Monday Must Know - 051126
ACTION=DRY_RUN_CREATE
STATUS=DRY_RUN
DURATION_MS=978
VALIDATION=N/A
---
2026-09-22T07:13:26.282Z
SOURCE_ID=211590830682
SOURCE_NAME=EM5: TouchMath Grades 3-5 Webinar (Active Database) - LAST CHANCE
DESTINATION_ID=n/a
DESTINATION_NAME=TouchMath - EM5: TouchMath Grades 3-5 Webinar (Active Database) - LAST CHANCE
ACTION=DRY_RUN_CREATE
STATUS=DRY_RUN
DURATION_MS=1051
VALIDATION=N/A
---
2026-09-22T07:13:27.365Z
SOURCE_ID=210461853194
SOURCE_NAME=EM5: TouchMath Grades 3-5 Webinar (Customer List) - LAST CHANCE
DESTINATION_ID=n/a
DESTINATION_NAME=TouchMath - EM5: TouchMath Grades 3-5 Webinar (Customer List) - LAST CHANCE
ACTION=DRY_RUN_CREATE
STATUS=DRY_RUN
DURATION_MS=1083
VALIDATION=N/A
---
2026-09-22T07:13:28.303Z
SOURCE_ID=211590870554
SOURCE_NAME=EM1: CASE Webinar
DESTINATION_ID=n/a
DESTINATION_NAME=TouchMath - EM1: CASE Webinar
ACTION=DRY_RUN_CREATE
STATUS=DRY_RUN
DURATION_MS=938
VALIDATION=N/A
---
2026-09-22T07:13:29.230Z
SOURCE_ID=212080759053
SOURCE_NAME=Monday Must Know - 050426
DESTINATION_ID=n/a
DESTINATION_NAME=TouchMath - Monday Must Know - 050426
ACTION=DRY_RUN_CREATE
STATUS=DRY_RUN
DURATION_MS=927
VALIDATION=N/A
---
2026-09-22T07:13:30.121Z
SOURCE_ID=211646930762
SOURCE_NAME=Monday Must Know - 042726
DESTINATION_ID=n/a
DESTINATION_NAME=TouchMath - Monday Must Know - 042726
ACTION=DRY_RUN_CREATE
STATUS=DRY_RUN
DURATION_MS=891
VALIDATION=N/A
---
2026-09-22T07:13:31.073Z
SOURCE_ID=210461739055
SOURCE_NAME=EM4: TouchMath Grades 3-5 Sample Page (Customer List)
DESTINATION_ID=n/a
DESTINATION_NAME=TouchMath - EM4: TouchMath Grades 3-5 Sample Page (Customer List)
ACTION=DRY_RUN_CREATE
STATUS=DRY_RUN
DURATION_MS=952
VALIDATION=N/A
---
2026-09-22T07:13:32.095Z
SOURCE_ID=211194161450
SOURCE_NAME=EM4: TouchMath Grades 3-5 Sample Page (Active Database)
DESTINATION_ID=n/a
DESTINATION_NAME=TouchMath - EM4: TouchMath Grades 3-5 Sample Page (Active Database)
ACTION=DRY_RUN_CREATE
STATUS=DRY_RUN
DURATION_MS=1022
VALIDATION=N/A
---
2026-09-22T07:13:33.026Z
SOURCE_ID=211382616161
SOURCE_NAME=Newsletter - April 2026 - External
DESTINATION_ID=n/a
DESTINATION_NAME=TouchMath - Newsletter - April 2026 - External
ACTION=DRY_RUN_CREATE
STATUS=DRY_RUN
DURATION_MS=931
VALIDATION=N/A
---
2026-09-22T07:13:34.023Z
SOURCE_ID=211185004629
SOURCE_NAME=EM3: TouchMath Grades 3-5 Webinar (Active Database)
DESTINATION_ID=n/a
DESTINATION_NAME=TouchMath - EM3: TouchMath Grades 3-5 Webinar (Active Database)
ACTION=DRY_RUN_CREATE
STATUS=DRY_RUN
DURATION_MS=997
VALIDATION=N/A
---
2026-09-22T07:13:35.134Z
SOURCE_ID=210461739664
SOURCE_NAME=EM3: TouchMath Grades 3-5 Webinar (Customer List)
DESTINATION_ID=n/a
DESTINATION_NAME=TouchMath - EM3: TouchMath Grades 3-5 Webinar (Customer List)
ACTION=DRY_RUN_CREATE
STATUS=DRY_RUN
DURATION_MS=1110
VALIDATION=N/A
---
2026-09-22T07:13:36.029Z
SOURCE_ID=211060039810
SOURCE_NAME=Newsletter - April 2026 - Internal
DESTINATION_ID=n/a
DESTINATION_NAME=TouchMath - Newsletter - April 2026 - Internal
ACTION=DRY_RUN_CREATE
STATUS=DRY_RUN
DURATION_MS=895
VALIDATION=N/A
---
2026-09-22T07:13:36.903Z
SOURCE_ID=211247802437
SOURCE_NAME=Monday Must Know - 042026
DESTINATION_ID=n/a
DESTINATION_NAME=TouchMath - Monday Must Know - 042026
ACTION=DRY_RUN_CREATE
STATUS=DRY_RUN
DURATION_MS=874
VALIDATION=N/A
---
2026-09-22T07:13:38.040Z
SOURCE_ID=211120338101
SOURCE_NAME=Automated | TouchMath Grades 3-5 Sample Page
DESTINATION_ID=n/a
DESTINATION_NAME=TouchMath - Automated | TouchMath Grades 3-5 Sample Page
ACTION=DRY_RUN_CREATE
STATUS=DRY_RUN
DURATION_MS=1137
VALIDATION=N/A
---
2026-09-22T07:13:38.923Z
SOURCE_ID=211120460435
SOURCE_NAME=EM1: Urban Collaborative Invite 2026
DESTINATION_ID=n/a
DESTINATION_NAME=TouchMath - EM1: Urban Collaborative Invite 2026
ACTION=DRY_RUN_CREATE
STATUS=DRY_RUN
DURATION_MS=882
VALIDATION=N/A
---
2026-09-22T07:13:39.791Z
SOURCE_ID=210998963841
SOURCE_NAME=EM2: TouchMath Grades 3-5 Sample Page (Customer List)
DESTINATION_ID=n/a
DESTINATION_NAME=TouchMath - EM2: TouchMath Grades 3-5 Sample Page (Customer List)
ACTION=DRY_RUN_CREATE
STATUS=DRY_RUN
DURATION_MS=868
VALIDATION=N/A
---
2026-09-22T07:13:40.714Z
SOURCE_ID=210998679476
SOURCE_NAME=EM2: TouchMath Grades 3-5 Sample Page (Active Database)
DESTINATION_ID=n/a
DESTINATION_NAME=TouchMath - EM2: TouchMath Grades 3-5 Sample Page (Active Database)
ACTION=DRY_RUN_CREATE
STATUS=DRY_RUN
DURATION_MS=922
VALIDATION=N/A
---
2026-09-22T07:13:41.593Z
SOURCE_ID=210280446367
SOURCE_NAME=EM1: TouchMath Grades 3-5 Webinar (Active Database)
DESTINATION_ID=n/a
DESTINATION_NAME=TouchMath - EM1: TouchMath Grades 3-5 Webinar (Active Database)
ACTION=DRY_RUN_CREATE
STATUS=DRY_RUN
DURATION_MS=879
VALIDATION=N/A
---
2026-09-22T07:13:42.490Z
SOURCE_ID=210276406415
SOURCE_NAME=EM1: TouchMath Grades 3-5 Webinar (Customer List)
DESTINATION_ID=n/a
DESTINATION_NAME=TouchMath - EM1: TouchMath Grades 3-5 Webinar (Customer List)
ACTION=DRY_RUN_CREATE
STATUS=DRY_RUN
DURATION_MS=897
VALIDATION=N/A
---
2026-09-22T07:13:43.384Z
SOURCE_ID=210836704355
SOURCE_NAME=Monday Must Know - 041326
DESTINATION_ID=n/a
DESTINATION_NAME=TouchMath - Monday Must Know - 041326
ACTION=DRY_RUN_CREATE
STATUS=DRY_RUN
DURATION_MS=893
VALIDATION=N/A
---
2026-09-22T07:13:44.276Z
SOURCE_ID=210397618574
SOURCE_NAME=Monday Must Know - 04.06.26
DESTINATION_ID=n/a
DESTINATION_NAME=TouchMath - Monday Must Know - 04.06.26
ACTION=DRY_RUN_CREATE
STATUS=DRY_RUN
DURATION_MS=892
VALIDATION=N/A
---
2026-09-22T07:13:45.425Z
SOURCE_ID=210468109718
SOURCE_NAME=TouchMath Announcement 4.3.26
DESTINATION_ID=n/a
DESTINATION_NAME=TouchMath - TouchMath Announcement 4.3.26
ACTION=DRY_RUN_CREATE
STATUS=DRY_RUN
DURATION_MS=1149
VALIDATION=N/A
---
2026-09-22T07:13:46.486Z
SOURCE_ID=210067901803
SOURCE_NAME=Monday Must Know - 03.30.26
DESTINATION_ID=n/a
DESTINATION_NAME=TouchMath - Monday Must Know - 03.30.26
ACTION=DRY_RUN_CREATE
STATUS=DRY_RUN
DURATION_MS=1060
VALIDATION=N/A
---
2026-09-22T07:13:47.666Z
SOURCE_ID=208327000096
SOURCE_NAME=EM6: Extend 2026
DESTINATION_ID=n/a
DESTINATION_NAME=TouchMath - EM6: Extend 2026
ACTION=DRY_RUN_CREATE
STATUS=DRY_RUN
DURATION_MS=1179
VALIDATION=N/A
---
2026-09-22T07:13:48.595Z
SOURCE_ID=209662922872
SOURCE_NAME=EM5: Dyscalculia
DESTINATION_ID=n/a
DESTINATION_NAME=TouchMath - EM5: Dyscalculia
ACTION=DRY_RUN_CREATE
STATUS=DRY_RUN
DURATION_MS=928
VALIDATION=N/A
---
2026-09-22T07:13:49.485Z
SOURCE_ID=209663069754
SOURCE_NAME=Monday Must Know - 03.23.26
DESTINATION_ID=n/a
DESTINATION_NAME=TouchMath - Monday Must Know - 03.23.26
ACTION=DRY_RUN_CREATE
STATUS=DRY_RUN
DURATION_MS=889
VALIDATION=N/A
---
2026-09-22T07:13:50.397Z
SOURCE_ID=209526574617
SOURCE_NAME=EM5: Extend 2026 (test)
DESTINATION_ID=n/a
DESTINATION_NAME=TouchMath - EM5: Extend 2026 (test)
ACTION=DRY_RUN_CREATE
STATUS=DRY_RUN
DURATION_MS=912
VALIDATION=N/A
---
2026-09-22T07:13:51.367Z
SOURCE_ID=208327443545
SOURCE_NAME=EM5: Extend 2026
DESTINATION_ID=n/a
DESTINATION_NAME=TouchMath - EM5: Extend 2026
ACTION=DRY_RUN_CREATE
STATUS=DRY_RUN
DURATION_MS=970
VALIDATION=N/A
---
2026-09-22T07:13:52.371Z
SOURCE_ID=209462809477
SOURCE_NAME=EM2: TM Announcement (Active List)
DESTINATION_ID=n/a
DESTINATION_NAME=TouchMath - EM2: TM Announcement (Active List)
ACTION=DRY_RUN_CREATE
STATUS=DRY_RUN
DURATION_MS=1003
VALIDATION=N/A
---
2026-09-22T07:13:53.290Z
SOURCE_ID=209480810063
SOURCE_NAME=EM2: TM Announcement (Customers)
DESTINATION_ID=n/a
DESTINATION_NAME=TouchMath - EM2: TM Announcement (Customers)
ACTION=DRY_RUN_CREATE
STATUS=DRY_RUN
DURATION_MS=919
VALIDATION=N/A
---
2026-09-22T07:13:55.244Z
SOURCE_ID=209190634549
SOURCE_NAME=Monday Must Know - 03.16.26
DESTINATION_ID=n/a
DESTINATION_NAME=TouchMath - Monday Must Know - 03.16.26
ACTION=DRY_RUN_CREATE
STATUS=DRY_RUN
DURATION_MS=1954
VALIDATION=N/A
---
2026-09-22T07:13:56.146Z
SOURCE_ID=208841625979
SOURCE_NAME=EM4: Dyscalculia
DESTINATION_ID=n/a
DESTINATION_NAME=TouchMath - EM4: Dyscalculia
ACTION=DRY_RUN_CREATE
STATUS=DRY_RUN
DURATION_MS=901
VALIDATION=N/A
---
2026-09-22T07:13:57.014Z
SOURCE_ID=208716781649
SOURCE_NAME=EM1: TM Announcement (Active List)
DESTINATION_ID=n/a
DESTINATION_NAME=TouchMath - EM1: TM Announcement (Active List)
ACTION=DRY_RUN_CREATE
STATUS=DRY_RUN
DURATION_MS=867
VALIDATION=N/A
---
2026-09-22T07:13:57.883Z
SOURCE_ID=209101450929
SOURCE_NAME=EM1: TM Announcement (Customer List)
DESTINATION_ID=n/a
DESTINATION_NAME=TouchMath - EM1: TM Announcement (Customer List)
ACTION=DRY_RUN_CREATE
STATUS=DRY_RUN
DURATION_MS=869
VALIDATION=N/A
---
2026-09-22T07:13:58.786Z
SOURCE_ID=208327423496
SOURCE_NAME=EM4: Extend 2026
DESTINATION_ID=n/a
DESTINATION_NAME=TouchMath - EM4: Extend 2026
ACTION=DRY_RUN_CREATE
STATUS=DRY_RUN
DURATION_MS=903
VALIDATION=N/A
---
2026-09-22T07:13:59.687Z
SOURCE_ID=208716381809
SOURCE_NAME=Monday Must Know - 03.09.26
DESTINATION_ID=n/a
DESTINATION_NAME=TouchMath - Monday Must Know - 03.09.26
ACTION=DRY_RUN_CREATE
STATUS=DRY_RUN
DURATION_MS=901
VALIDATION=N/A
---
2026-09-22T07:14:00.623Z
SOURCE_ID=208583698770
SOURCE_NAME=EM3: Dyscalculia
DESTINATION_ID=n/a
DESTINATION_NAME=TouchMath - EM3: Dyscalculia
ACTION=DRY_RUN_CREATE
STATUS=DRY_RUN
DURATION_MS=935
VALIDATION=N/A
---
2026-09-22T07:14:01.489Z
SOURCE_ID=208580144196
SOURCE_NAME=EM1A: Dyscalculia (Webinar follow-up)
DESTINATION_ID=n/a
DESTINATION_NAME=TouchMath - EM1A: Dyscalculia (Webinar follow-up)
ACTION=DRY_RUN_CREATE
STATUS=DRY_RUN
DURATION_MS=866
VALIDATION=N/A
---
2026-09-22T07:14:02.573Z
SOURCE_ID=208326869908
SOURCE_NAME=EM3: Extend 2026
DESTINATION_ID=n/a
DESTINATION_NAME=TouchMath - EM3: Extend 2026
ACTION=DRY_RUN_CREATE
STATUS=DRY_RUN
DURATION_MS=1084
VALIDATION=N/A
---
2026-09-22T07:14:03.459Z
SOURCE_ID=208184740464
SOURCE_NAME=Monday Must Know - 03.02.26
DESTINATION_ID=n/a
DESTINATION_NAME=TouchMath - Monday Must Know - 03.02.26
ACTION=DRY_RUN_CREATE
STATUS=DRY_RUN
DURATION_MS=886
VALIDATION=N/A
---
2026-09-22T07:14:04.504Z
SOURCE_ID=208327378330
SOURCE_NAME=EM2: Dyscalculia
DESTINATION_ID=n/a
DESTINATION_NAME=TouchMath - EM2: Dyscalculia
ACTION=DRY_RUN_CREATE
STATUS=DRY_RUN
DURATION_MS=1045
VALIDATION=N/A
---
2026-09-22T07:14:05.360Z
SOURCE_ID=208327327009
SOURCE_NAME=EM1: Dyscalculia
DESTINATION_ID=n/a
DESTINATION_NAME=TouchMath - EM1: Dyscalculia
ACTION=DRY_RUN_CREATE
STATUS=DRY_RUN
DURATION_MS=855
VALIDATION=N/A
---
2026-09-22T07:14:06.293Z
SOURCE_ID=206649578625
SOURCE_NAME=EM2: Extend 2026
DESTINATION_ID=n/a
DESTINATION_NAME=TouchMath - EM2: Extend 2026
ACTION=DRY_RUN_CREATE
STATUS=DRY_RUN
DURATION_MS=932
VALIDATION=N/A
---
2026-09-22T07:14:07.176Z
SOURCE_ID=208049669966
SOURCE_NAME=Monday Must Know - 2.23.26
DESTINATION_ID=n/a
DESTINATION_NAME=TouchMath - Monday Must Know - 2.23.26
ACTION=DRY_RUN_CREATE
STATUS=DRY_RUN
DURATION_MS=883
VALIDATION=N/A
---
2026-09-22T07:14:08.134Z
SOURCE_ID=206402267805
SOURCE_NAME=EM1: Extend 2026
DESTINATION_ID=n/a
DESTINATION_NAME=TouchMath - EM1: Extend 2026
ACTION=DRY_RUN_CREATE
STATUS=DRY_RUN
DURATION_MS=957
VALIDATION=N/A
---
2026-09-22T07:14:09.025Z
SOURCE_ID=207540025873
SOURCE_NAME=Monday Must Know - 2.16.26
DESTINATION_ID=n/a
DESTINATION_NAME=TouchMath - Monday Must Know - 2.16.26
ACTION=DRY_RUN_CREATE
STATUS=DRY_RUN
DURATION_MS=891
VALIDATION=N/A
---
2026-09-22T07:14:09.906Z
SOURCE_ID=207043111012
SOURCE_NAME=Monday Must Know - 2.9.26
DESTINATION_ID=n/a
DESTINATION_NAME=TouchMath - Monday Must Know - 2.9.26
ACTION=DRY_RUN_CREATE
STATUS=DRY_RUN
DURATION_MS=881
VALIDATION=N/A
---
2026-09-22T07:14:10.795Z
SOURCE_ID=206408459082
SOURCE_NAME=Monday Must Know - 2.2.26
DESTINATION_ID=n/a
DESTINATION_NAME=TouchMath - Monday Must Know - 2.2.26
ACTION=DRY_RUN_CREATE
STATUS=DRY_RUN
DURATION_MS=889
VALIDATION=N/A
---
2026-09-22T07:14:11.685Z
SOURCE_ID=204391548525
SOURCE_NAME=Texas - TCASE 2026 - Email 3
DESTINATION_ID=n/a
DESTINATION_NAME=TouchMath - Texas - TCASE 2026 - Email 3
ACTION=DRY_RUN_CREATE
STATUS=DRY_RUN
DURATION_MS=890
VALIDATION=N/A
---
2026-09-22T07:14:12.598Z
SOURCE_ID=205683641146
SOURCE_NAME=Monday Must Know - 1.26.26
DESTINATION_ID=n/a
DESTINATION_NAME=TouchMath - Monday Must Know - 1.26.26
ACTION=DRY_RUN_CREATE
STATUS=DRY_RUN
DURATION_MS=913
VALIDATION=N/A
---
2026-09-22T07:14:13.463Z
SOURCE_ID=204391548453
SOURCE_NAME=Texas - TCASE 2026 - Email 2
DESTINATION_ID=n/a
DESTINATION_NAME=TouchMath - Texas - TCASE 2026 - Email 2
ACTION=DRY_RUN_CREATE
STATUS=DRY_RUN
DURATION_MS=865
VALIDATION=N/A
---
2026-09-22T07:14:14.472Z
SOURCE_ID=204391547153
SOURCE_NAME=Texas - TCASE 2026 - Email 1
DESTINATION_ID=n/a
DESTINATION_NAME=TouchMath - Texas - TCASE 2026 - Email 1
ACTION=DRY_RUN_CREATE
STATUS=DRY_RUN
DURATION_MS=1009
VALIDATION=N/A
---
